[13:41:51] 价格=62.4390 方向=观望 无动量突破
[13:42:06] 价格=62.5780 方向=观望 无动量突破
[13:42:21] 价格=62.5970 方向=观望 无动量突破
[13:42:37] 价格=62.5290 方向=观望 无动量突破
[13:42:52] 价格=62.6100 方向=观望 无动量突破
[13:43:07] 价格=62.5330 方向=观望 无动量突破
[13:43:22] 价格=62.6090 方向=观望 无动量突破
[13:43:37] 价格=62.6350 方向=观望 无动量突破
[13:43:53] 价格=62.4960 方向=观望 无动量突破
[13:44:08] 价格=62.5670 方向=观望 无动量突破
[13:44:23] 价格=62.4970 方向=观望 无动量突破
[13:44:38] 价格=62.5470 方向=观望 无动量突破
[13:44:53] 价格=62.5390 方向=观望 无动量突破
[13:45:08] 价格=62.6260 方向=观望 无动量突破
[13:45:24] 价格=62.5540 方向=观望 无动量突破
[13:45:39] 价格=62.4820 方向=观望 无动量突破
[13:45:54] 价格=62.4120 方向=观望 无动量突破
[13:46:09] 价格=62.4030 方向=观望 无动量突破
[13:46:24] 价格=62.4990 方向=观望 无动量突破
[13:46:40] 价格=62.3920 方向=观望 无动量突破
[13:46:55] 价格=62.4720 方向=观望 无动量突破
[13:47:10] 价格=62.4140 方向=观望 无动量突破
[13:47:25] 价格=62.3630 方向=观望 无动量突破
[13:47:40] 价格=62.4540 方向=观望 无动量突破
[13:47:55] 价格=62.4170 方向=观望 无动量突破
[13:48:11] 价格=62.2370 方向=观望 15m趋势不确认
[13:48:26] 价格=62.4180 方向=观望 无动量突破
[13:48:41] 价格=62.4080 方向=观望 无动量突破
[13:48:56] 价格=62.3180 方向=观望 15m趋势不确认
[13:49:11] 价格=62.2980 方向=观望 15m趋势不确认
[13:49:27] 价格=62.2770 方向=观望 15m趋势不确认
[13:49:42] 价格=62.0700 方向=观望 15m趋势不确认
[13:49:57] 价格=61.9980 方向=观望 15m趋势不确认
[13:50:12] 价格=61.9040 方向=观望 15m趋势不确认
[13:50:27]   突破力度不足: 实体=0.05%
[13:50:27] 价格=61.9980 方向=观望 无动量突破
[13:50:43]   突破力度不足: 实体=-0.05%
[13:50:43] 价格=62.0580 方向=观望 无动量突破
[13:50:58] 价格=61.9190 方向=观望 15m趋势不确认
[13:51:13] 价格=61.8100 方向=观望 15m趋势不确认
[13:51:28] 价格=61.7260 方向=观望 15m趋势不确认
[13:51:43] 价格=61.6720 方向=观望 15m趋势不确认
[13:51:58] 价格=61.7270 方向=观望 15m趋势不确认
[13:52:14] 价格=61.8760 方向=观望 15m趋势不确认
[13:52:29] 价格=61.8160 方向=观望 15m趋势不确认
[13:52:44] 价格=61.7350 方向=观望 15m趋势不确认
[13:52:59] 价格=61.7170 方向=观望 15m趋势不确认
[13:53:14] 价格=61.6190 方向=观望 15m趋势不确认
[13:53:30] 价格=61.6700 方向=观望 15m趋势不确认
[13:53:45] 价格=61.6560 方向=观望 15m趋势不确认
[13:54:00] 价格=61.6340 方向=观望 15m趋势不确认
[13:54:15] 价格=61.7150 方向=观望 15m趋势不确认
[13:54:30] 价格=61.4590 方向=观望 15m趋势不确认
[13:54:46] 价格=61.5090 方向=观望 15m趋势不确认
[13:55:01]   突破力度不足: 实体=0.02%
[13:55:01] 价格=61.3900 方向=观望 无动量突破
[13:55:16]   突破力度不足: 实体=-0.31%
[13:55:16] 价格=61.5930 方向=观望 无动量突破
[13:55:31]   突破力度不足: 实体=-0.32%
[13:55:31] 价格=61.6020 方向=观望 无动量突破
[13:55:46]   突破力度不足: 实体=-0.27%
[13:55:46] 价格=61.5680 方向=观望 无动量突破
[13:56:02]   突破力度不足: 实体=0.08%
[13:56:02] 价格=61.3550 方向=观望 无动量突破
[13:56:17] 价格=61.2720 方向=观望 15m趋势不确认
[13:56:32] 价格=61.2300 方向=观望 15m趋势不确认
[13:56:47] 价格=61.3210 方向=观望 15m趋势不确认
[13:57:02] 价格=61.2780 方向=观望 15m趋势不确认
[13:57:18] 价格=61.2230 方向=观望 15m趋势不确认
[13:57:33] 价格=61.3020 方向=观望 15m趋势不确认
[13:57:48] 价格=61.2230 方向=观望 15m趋势不确认
[13:58:03] 价格=61.0110 方向=观望 15m趋势不确认
[13:58:18] 价格=61.2350 方向=观望 15m趋势不确认
[13:58:34] 价格=61.0990 方向=观望 15m趋势不确认
[13:58:49] 价格=61.2540 方向=观望 15m趋势不确认
[13:59:04]   突破力度不足: 实体=0.09%
[13:59:04] 价格=61.3490 方向=观望 无动量突破
[13:59:19]   突破力度不足: 实体=0.01%
[13:59:19] 价格=61.3990 方向=观望 无动量突破
[13:59:34]   突破力度不足: 实体=-0.10%
[13:59:34] 价格=61.4650 方向=观望 无动量突破
[13:59:49]   突破力度不足: 实体=-0.22%
[13:59:49] 价格=61.5380 方向=观望 无动量突破
[14:00:05] 价格=61.5540 方向=观望 无动量突破
[14:00:20] 价格=61.6270 方向=观望 无动量突破
[14:00:35] 价格=61.7580 方向=观望 无动量突破
[14:00:50] 价格=61.7630 方向=观望 无动量突破
[14:01:05] 价格=61.5220 方向=观望 无动量突破
[14:01:21] 价格=61.6130 方向=观望 无动量突破
[14:01:36] 价格=61.9260 方向=观望 无动量突破
[14:01:51] 价格=61.9180 方向=观望 无动量突破
[14:02:06] 价格=61.9140 方向=观望 无动量突破
[14:02:21] 价格=61.8430 方向=观望 无动量突破
[14:02:37] 价格=61.7500 方向=观望 无动量突破
[14:02:52] 价格=61.6410 方向=观望 无动量突破
[14:03:07] 价格=61.5680 方向=观望 无动量突破
[14:03:22] 价格=61.4700 方向=观望 无动量突破
[14:03:37] 价格=61.4330 方向=观望 无动量突破
[14:03:52] 价格=61.3420 方向=观望 无动量突破
[14:04:08] 价格=61.4900 方向=观望 无动量突破
[14:04:23] 价格=61.4980 方向=观望 无动量突破
[14:04:38] 价格=61.4880 方向=观望 无动量突破
[14:04:53] 价格=61.4780 方向=观望 无动量突破
[14:05:08] 价格=61.4620 方向=观望 无动量突破
[14:05:24] 价格=61.6000 方向=观望 无动量突破
[14:05:39] 价格=61.5800 方向=观望 无动量突破
[14:05:54] 价格=61.6080 方向=观望 无动量突破
[14:06:09] 价格=61.5830 方向=观望 无动量突破
[14:06:24] 价格=61.7150 方向=观望 无动量突破
[14:06:40] 价格=61.8360 方向=观望 无动量突破
[14:06:55] 价格=61.7110 方向=观望 无动量突破
[14:07:10] 价格=61.8040 方向=观望 无动量突破
[14:07:25] 价格=61.6030 方向=观望 无动量突破
[14:07:40] 价格=61.6850 方向=观望 无动量突破
[14:07:55] 价格=61.6340 方向=观望 无动量突破
[14:08:11] 价格=61.5960 方向=观望 无动量突破
[14:08:26] 价格=61.5040 方向=观望 无动量突破
[14:08:41] 价格=61.4230 方向=观望 无动量突破
[14:08:56] 价格=61.3260 方向=观望 无动量突破
[14:09:11] 价格=61.3720 方向=观望 无动量突破
[14:09:27] 价格=61.1320 方向=观望 无动量突破
[14:09:42] 价格=61.1340 方向=观望 无动量突破
[14:09:57] 价格=61.2090 方向=观望 无动量突破
[14:10:12] 价格=61.0860 方向=观望 无动量突破
[14:10:27] 价格=61.0030 方向=观望 无动量突破
[14:10:43] 价格=60.8800 方向=观望 15m趋势不确认
[14:10:58] 价格=60.9830 方向=观望 无动量突破
[14:11:13] 价格=60.8570 方向=观望 15m趋势不确认
[14:11:28] 价格=60.8370 方向=观望 15m趋势不确认
[14:11:43] 价格=60.7880 方向=观望 15m趋势不确认
[16:11:59] 价格=62.1480 方向=观望 无动量突破
[16:12:14] 价格=62.0100 方向=观望 无动量突破
[16:12:29] 价格=62.0410 方向=观望 无动量突破
[16:12:44] 价格=62.1470 方向=观望 无动量突破
[16:12:59] 价格=62.1210 方向=观望 无动量突破
[16:13:15] 价格=62.0760 方向=观望 无动量突破
[16:13:30] 价格=62.1420 方向=观望 无动量突破
[16:13:45] 价格=62.1610 方向=观望 无动量突破
[16:14:00] 价格=62.1720 方向=观望 无动量突破
[16:14:15] 价格=62.1550 方向=观望 无动量突破
[16:14:31] 价格=62.0720 方向=观望 无动量突破
[16:14:46] 价格=62.1010 方向=观望 无动量突破
[16:15:02] 价格=62.1370 方向=观望 无动量突破
[16:15:18] 价格=62.0410 方向=观望 无动量突破
[16:15:33] 价格=62.0590 方向=观望 无动量突破
[16:15:48] 价格=62.0110 方向=观望 无动量突破
[16:16:03] 价格=61.9650 方向=观望 无动量突破
[16:16:18]   突破量不足
[16:16:18] 价格=61.8740 方向=观望 无动量突破
[16:16:34] 价格=61.9540 方向=观望 无动量突破
[16:16:49] 价格=62.0720 方向=观望 无动量突破
[16:17:04] 价格=62.0430 方向=观望 无动量突破
[16:17:19] 价格=61.9970 方向=观望 无动量突破
[16:17:34]   突破量不足
[16:17:34] 价格=61.9120 方向=观望 无动量突破
[16:17:50]   突破量不足
[16:17:50] 价格=61.8550 方向=观望 无动量突破
[16:18:05]   突破量不足
[16:18:05] 价格=61.7580 方向=观望 无动量突破
[16:18:20]   突破量不足
[16:18:20] 价格=61.8190 方向=观望 无动量突破
[16:18:35]   突破量不足
[16:18:35] 价格=61.9150 方向=观望 无动量突破
[16:18:50]   突破量不足
[16:18:50] 价格=61.8050 方向=观望 无动量突破
[16:19:06]   突破量不足
[16:19:06] 价格=61.8350 方向=观望 无动量突破
[16:19:21]   突破量不足
[16:19:21] 价格=61.7720 方向=观望 无动量突破
[16:19:36]   突破量不足
[16:19:36] 价格=61.7670 方向=观望 无动量突破
[16:19:51]   突破量不足
[16:19:51] 价格=61.7650 方向=观望 无动量突破
[16:20:06]   突破力度不足: 实体=0.03%
[16:20:06] 价格=61.7280 方向=观望 无动量突破
[16:20:21]   突破力度不足: 实体=-0.07%
[16:20:21] 价格=61.7880 方向=观望 无动量突破
[16:20:37]   突破力度不足: 实体=-0.04%
[16:20:37] 价格=61.7670 方向=观望 无动量突破
[16:20:52]   突破力度不足: 实体=0.07%
[16:20:52] 价格=61.6990 方向=观望 无动量突破
[16:21:07]   突破力度不足: 实体=0.03%
[16:21:07] 价格=61.7260 方向=观望 无动量突破
[16:21:22]   突破力度不足: 实体=0.06%
[16:21:22] 价格=61.7070 方向=观望 无动量突破
[16:21:37]   突破量不足
[16:21:37] 价格=61.6620 方向=观望 无动量突破
[16:21:53]   突破力度不足: 实体=0.09%
[16:21:53] 价格=61.6860 方向=观望 无动量突破
[16:22:08]   突破力度不足: 实体=-0.05%
[16:22:08] 价格=61.7760 方向=观望 无动量突破
[16:22:23]   突破力度不足: 实体=-0.08%
[16:22:23] 价格=61.7920 方向=观望 无动量突破
[16:22:38]   突破力度不足: 实体=-0.09%
[16:22:38] 价格=61.8020 方向=观望 无动量突破
[16:22:53] 价格=61.9730 方向=观望 无动量突破
[16:23:09] 价格=61.9590 方向=观望 无动量突破
[16:23:24]   突破力度不足: 实体=-0.27%
[16:23:24] 价格=61.9120 方向=观望 无动量突破
[16:23:39]   突破力度不足: 实体=-0.21%
[16:23:39] 价格=61.8740 方向=观望 无动量突破
[16:23:54]   突破力度不足: 实体=0.01%
[16:23:54] 价格=61.7360 方向=观望 无动量突破
[16:24:09]   突破力度不足: 实体=0.07%
[16:24:09] 价格=61.7000 方向=观望 无动量突破
[16:24:24]   突破量不足
[16:24:24] 价格=61.6450 方向=观望 无动量突破
[16:24:40]   突破量不足
[16:24:40] 价格=61.6710 方向=观望 无动量突破
[16:24:55]   突破力度不足: 实体=-0.03%
[16:24:55] 价格=61.7610 方向=观望 无动量突破
[16:25:10]   突破力度不足: 实体=-0.01%
[16:25:10] 价格=61.7200 方向=观望 无动量突破
[16:25:25]   突破力度不足: 实体=-0.09%
[16:25:25] 价格=61.7670 方向=观望 无动量突破
[16:25:41]   突破力度不足: 实体=0.00%
[16:25:41] 价格=61.7140 方向=观望 无动量突破
[16:25:56]   突破力度不足: 实体=-0.14%
[16:25:56] 价格=61.7990 方向=观望 无动量突破
[16:26:11]   突破力度不足: 实体=-0.09%
[16:26:11] 价格=61.7700 方向=观望 无动量突破
[16:26:26]   突破力度不足: 实体=-0.22%
[16:26:26] 价格=61.8490 方向=观望 无动量突破
[16:26:41]   突破力度不足: 实体=-0.28%
[16:26:41] 价格=61.8870 方向=观望 无动量突破
[16:26:56]   突破力度不足: 实体=-0.35%
[16:26:56] 价格=61.9330 方向=观望 无动量突破
[16:27:12]   突破力度不足: 实体=-0.32%
[16:27:12] 价格=61.9140 方向=观望 无动量突破
[16:27:27] 价格=62.0210 方向=观望 无动量突破
[16:27:42] 价格=62.2530 方向=观望 无动量突破
[16:27:57] 价格=62.4370 方向=观望 无动量突破
[16:28:13] 价格=62.3750 方向=观望 无动量突破
[16:28:28] 价格=62.2280 方向=观望 无动量突破
[16:28:43] 价格=62.1860 方向=观望 无动量突破
[16:28:58] 价格=62.1620 方向=观望 无动量突破
[16:29:13] 价格=62.1430 方向=观望 无动量突破
[16:29:29] 价格=62.1840 方向=观望 无动量突破
[16:29:44] 价格=62.0830 方向=观望 无动量突破
[16:29:59] 价格=61.9740 方向=观望 无动量突破
[16:30:14] 价格=61.8940 方向=观望 无动量突破
[16:30:29] 价格=61.8670 方向=观望 无动量突破
[16:30:45] 价格=61.8520 方向=观望 无动量突破
[16:31:00] 价格=61.9810 方向=观望 无动量突破
[16:31:15] 价格=61.9850 方向=观望 无动量突破
[16:31:30] 价格=61.8930 方向=观望 无动量突破
[16:31:45] 价格=61.9170 方向=观望 无动量突破
[16:32:00] 价格=61.9750 方向=观望 无动量突破
[16:32:16] 价格=61.9200 方向=观望 无动量突破
[16:32:31] 价格=61.9020 方向=观望 无动量突破
[16:32:46] 价格=61.9200 方向=观望 无动量突破
[16:33:01] 价格=61.7860 方向=观望 无动量突破
[16:33:17] 价格=61.7500 方向=观望 无动量突破
[16:33:32] 价格=61.7050 方向=观望 无动量突破
[16:33:47] 价格=61.6910 方向=观望 无动量突破
[16:34:02] 价格=61.7310 方向=观望 无动量突破
[16:34:17] 价格=61.7200 方向=观望 无动量突破
[16:34:33] 价格=61.6850 方向=观望 无动量突破
[16:34:48] 价格=61.6590 方向=观望 无动量突破
[16:35:03] 价格=61.6810 方向=观望 无动量突破
[16:35:18] 价格=61.8200 方向=观望 无动量突破
[16:35:33] 价格=61.7450 方向=观望 无动量突破
[16:35:49] 价格=61.7870 方向=观望 无动量突破
[16:36:04] 价格=61.7330 方向=观望 无动量突破
[16:36:19] 价格=61.7000 方向=观望 无动量突破
[16:36:34] 价格=61.6670 方向=观望 无动量突破
[16:36:49] 价格=61.6960 方向=观望 无动量突破
[16:37:05] 价格=61.6550 方向=观望 无动量突破
[16:37:20]   突破力度不足: 实体=0.05%
[16:37:20] 价格=61.6380 方向=观望 无动量突破
[16:37:35]   突破量不足
[16:37:35] 价格=61.5390 方向=观望 无动量突破
[16:37:50]   突破量不足
[16:37:50] 价格=61.4490 方向=观望 无动量突破
[16:38:05]   突破量不足
[16:38:05] 价格=61.4490 方向=观望 无动量突破
[16:38:20]   突破量不足
[16:38:20] 价格=61.4690 方向=观望 无动量突破
[16:38:36]   突破量不足
[16:38:36] 价格=61.4320 方向=观望 无动量突破
[16:38:51]   突破量不足
[16:38:51] 价格=61.4630 方向=观望 无动量突破
[16:39:06]   突破量不足
[16:39:06] 价格=61.4550 方向=观望 无动量突破
[16:39:21]   突破量不足
[16:39:21] 价格=61.3850 方向=观望 无动量突破
[16:39:37]   突破量不足
[16:39:37] 价格=61.4380 方向=观望 无动量突破
[16:39:52]   突破量不足
[16:39:52] 价格=61.4890 方向=观望 无动量突破
[16:40:07]   突破力度不足: 实体=0.07%
[16:40:07] 价格=61.4470 方向=观望 无动量突破
[16:40:22]   突破力度不足: 实体=0.08%
[16:40:22] 价格=61.4380 方向=观望 无动量突破
[16:40:37]   突破量不足
[16:40:37] 价格=61.3780 方向=观望 无动量突破
[16:40:52]   突破量不足
[16:40:52] 价格=61.4170 方向=观望 无动量突破
[16:41:08]   突破力度不足: 实体=-0.25%
[16:41:08] 价格=61.6410 方向=观望 无动量突破
[16:41:23] 价格=61.6500 方向=观望 无动量突破
[16:41:38]   突破力度不足: 实体=-0.13%
[16:41:38] 价格=61.5680 方向=观望 无动量突破
[16:41:53] 价格=61.6630 方向=观望 无动量突破
[16:42:08]   突破力度不足: 实体=-0.22%
[16:42:08] 价格=61.6220 方向=观望 无动量突破
[16:42:24] 价格=61.7140 方向=观望 无动量突破
[16:42:39] 价格=61.6650 方向=观望 无动量突破
[16:42:54]   突破力度不足: 实体=-0.23%
[16:42:54] 价格=61.6310 方向=观望 无动量突破
[16:43:09]   突破力度不足: 实体=-0.21%
[16:43:09] 价格=61.6190 方向=观望 无动量突破
[16:43:24]   突破力度不足: 实体=-0.07%
[16:43:24] 价格=61.5340 方向=观望 无动量突破
[16:43:40]   突破力度不足: 实体=-0.06%
[16:43:40] 价格=61.5270 方向=观望 无动量突破
[16:43:55]   突破力度不足: 实体=-0.15%
[16:43:55] 价格=61.5780 方向=观望 无动量突破
[16:44:10]   突破力度不足: 实体=-0.05%
[16:44:10] 价格=61.5180 方向=观望 无动量突破
[16:44:25]   突破力度不足: 实体=-0.04%
[16:44:25] 价格=61.5130 方向=观望 无动量突破
[16:44:40]   突破力度不足: 实体=-0.15%
[16:44:40] 价格=61.5780 方向=观望 无动量突破
[16:44:56]   突破力度不足: 实体=0.05%
[16:44:56] 价格=61.4570 方向=观望 无动量突破
[16:45:11] 价格=61.4360 方向=观望 无动量突破
[16:45:26] 价格=61.4320 方向=观望 无动量突破
[16:45:41] 价格=61.4970 方向=观望 无动量突破
[16:45:56] 价格=61.5270 方向=观望 无动量突破
[16:46:12] 价格=61.5040 方向=观望 无动量突破
[16:46:27] 价格=61.4270 方向=观望 无动量突破
[16:46:42] 价格=61.4290 方向=观望 无动量突破
[16:46:57] 价格=61.5040 方向=观望 无动量突破
[16:47:12] 价格=61.6530 方向=观望 无动量突破
[16:47:28] 价格=61.6030 方向=观望 无动量突破
[16:47:43] 价格=61.5540 方向=观望 无动量突破
[16:47:58] 价格=61.6270 方向=观望 无动量突破
[16:48:13] 价格=61.6350 方向=观望 无动量突破
[16:48:28] 价格=61.6790 方向=观望 无动量突破
[16:48:44] 价格=61.7040 方向=观望 无动量突破
[16:48:59] 价格=61.6280 方向=观望 无动量突破
[16:49:14] 价格=61.5230 方向=观望 无动量突破
[16:49:29] 价格=61.5250 方向=观望 无动量突破
[16:49:44] 价格=61.5720 方向=观望 无动量突破
[16:50:00] 价格=61.6450 方向=观望 无动量突破
[16:50:15] 价格=61.5150 方向=观望 无动量突破
[16:50:30] 价格=61.5230 方向=观望 无动量突破
[16:50:45] 价格=61.4730 方向=观望 无动量突破
[16:51:00] 价格=61.4840 方向=观望 无动量突破
[16:51:15] 价格=61.4550 方向=观望 无动量突破
[16:51:31] 价格=61.3950 方向=观望 无动量突破
[16:51:46] 价格=61.4090 方向=观望 无动量突破
[16:52:01] 价格=61.3920 方向=观望 无动量突破
[16:52:16] 价格=61.3930 方向=观望 无动量突破
[16:52:31] 价格=61.4050 方向=观望 无动量突破
[16:52:47] 价格=61.3780 方向=观望 无动量突破
[16:53:02] 价格=61.3260 方向=观望 无动量突破
[16:53:17]   突破量不足
[16:53:17] 价格=61.2500 方向=观望 无动量突破
[16:53:32]   突破量不足
[16:53:32] 价格=61.2800 方向=观望 无动量突破
[16:53:47]   突破量不足
[16:53:47] 价格=61.2250 方向=观望 无动量突破
[16:54:03]   突破量不足
[16:54:03] 价格=61.2050 方向=观望 无动量突破
[16:54:18]   突破量不足
[16:54:18] 价格=61.2770 方向=观望 无动量突破
[16:54:33] 价格=61.3190 方向=观望 无动量突破
[16:54:48] 价格=61.3760 方向=观望 无动量突破
[16:55:03] 价格=61.3430 方向=观望 无动量突破
[16:55:19]   突破量不足
[16:55:19] 价格=61.1830 方向=观望 无动量突破
[16:55:34]   突破量不足
[16:55:34] 价格=60.9330 方向=观望 无动量突破
[16:55:49]   突破量不足
[16:55:49] 价格=60.9390 方向=观望 无动量突破
[16:56:04]   突破量不足
[16:56:04] 价格=61.0090 方向=观望 无动量突破
[16:56:19]   突破量不足
[16:56:19] 价格=60.9780 方向=观望 无动量突破
[16:56:35]   突破量不足
[16:56:35] 价格=61.1400 方向=观望 无动量突破
[16:56:50]   突破量不足
[16:56:50] 价格=61.2350 方向=观望 无动量突破
[16:57:05]   突破量不足
[16:57:05] 价格=61.2350 方向=观望 无动量突破
[16:57:20]   突破量不足
[16:57:20] 价格=61.2650 方向=观望 无动量突破
[16:57:35]   突破量不足
[16:57:35] 价格=61.1980 方向=观望 无动量突破
[16:57:50]   突破量不足
[16:57:50] 价格=61.2630 方向=观望 无动量突破
[16:58:06]   突破量不足
[16:58:06] 价格=61.2270 方向=观望 无动量突破
[16:58:21]   突破量不足
[16:58:21] 价格=61.2540 方向=观望 无动量突破
[16:58:36] 价格=61.2890 方向=观望 无动量突破
[16:58:51] 价格=61.2910 方向=观望 无动量突破
[16:59:06] 价格=61.3250 方向=观望 无动量突破
[16:59:22] 价格=61.3390 方向=观望 无动量突破
[16:59:37] 价格=61.3260 方向=观望 无动量突破
[16:59:52]   突破量不足
[16:59:52] 价格=61.2580 方向=观望 无动量突破
[17:00:07] 价格=61.3650 方向=观望 无动量突破
[17:00:22] 价格=61.3230 方向=观望 无动量突破
[17:00:38] 价格=61.3950 方向=观望 无动量突破
[17:00:53] 价格=61.3490 方向=观望 无动量突破
[17:01:08] 价格=61.3550 方向=观望 无动量突破
[17:01:23] 价格=61.3640 方向=观望 无动量突破
[17:01:38] 价格=61.3990 方向=观望 无动量突破
[17:01:54] 价格=61.3700 方向=观望 无动量突破
[17:02:09] 价格=61.4240 方向=观望 无动量突破
[17:02:24] 价格=61.4790 方向=观望 无动量突破
[17:02:39] 价格=61.6270 方向=观望 无动量突破
[17:02:54] 价格=61.6260 方向=观望 无动量突破
[17:03:10] 价格=61.5970 方向=观望 无动量突破
[17:03:25] 价格=61.7230 方向=观望 无动量突破
[17:03:40] 价格=61.6580 方向=观望 无动量突破
[17:03:55] 价格=61.6710 方向=观望 无动量突破
[17:04:10] 价格=61.7840 方向=观望 15m趋势不确认
[17:04:26] 价格=61.6920 方向=观望 无动量突破
[17:04:41] 价格=61.6430 方向=观望 无动量突破
[17:04:56] 价格=61.6770 方向=观望 无动量突破
[17:05:11] 价格=61.6380 方向=观望 无动量突破
[17:05:26] 价格=61.6100 方向=观望 无动量突破
[17:05:41] 价格=61.6910 方向=观望 无动量突破
[17:05:57] 价格=61.6210 方向=观望 无动量突破
[17:06:12] 价格=61.6390 方向=观望 无动量突破
[17:06:27]   突破力度不足: 实体=0.04%
[17:06:27] 价格=61.7350 方向=观望 无动量突破
[17:06:42]   突破力度不足: 实体=0.03%
[17:06:42] 价格=61.7310 方向=观望 无动量突破
[17:06:57] 价格=61.8610 方向=观望 15m趋势不确认
[17:07:13] 价格=61.7790 方向=观望 15m趋势不确认
[17:07:28] 价格=61.8700 方向=观望 15m趋势不确认
[17:07:43] 价格=61.8710 方向=观望 15m趋势不确认
[17:07:58] 价格=61.9330 方向=观望 15m趋势不确认
[17:08:13]   突破力度不足: 实体=0.07%
[17:08:13] 价格=61.7570 方向=观望 无动量突破
[17:08:28]   突破力度不足: 实体=0.09%
[17:08:28] 价格=61.7660 方向=观望 无动量突破
[17:08:44] 价格=61.7760 方向=观望 15m趋势不确认
[17:08:59] 价格=61.8910 方向=观望 15m趋势不确认
[17:09:14] 价格=61.9080 方向=观望 15m趋势不确认
[17:09:29] 价格=61.9190 方向=观望 15m趋势不确认
[17:09:44] 价格=61.9160 方向=观望 15m趋势不确认
[17:10:00] 价格=61.9850 方向=观望 15m趋势不确认
[17:10:15]   突破力度不足: 实体=0.02%
[17:10:15] 价格=61.9630 方向=观望 无动量突破
[17:10:30]   突破力度不足: 实体=0.02%
[17:10:30] 价格=61.9630 方向=观望 无动量突破
[17:10:45]   突破力度不足: 实体=0.07%
[17:10:45] 价格=61.9970 方向=观望 无动量突破
[17:11:00] 价格=62.0350 方向=观望 15m趋势不确认
[17:11:16] 价格=62.0450 方向=观望 15m趋势不确认
[17:11:31] 价格=62.0710 方向=观望 15m趋势不确认
[17:11:46] 价格=62.0940 方向=观望 15m趋势不确认
[17:12:01]   突破力度不足: 实体=0.04%
[17:12:01] 价格=61.9760 方向=观望 无动量突破
[17:12:16]   突破力度不足: 实体=-0.17%
[17:12:16] 价格=61.8490 方向=观望 无动量突破
[17:12:32]   突破力度不足: 实体=-0.08%
[17:12:32] 价格=61.9060 方向=观望 无动量突破
[17:12:47]   突破力度不足: 实体=-0.10%
[17:12:47] 价格=61.8930 方向=观望 无动量突破
[17:13:02]   突破力度不足: 实体=-0.20%
[17:13:02] 价格=61.8270 方向=观望 无动量突破
[17:13:17] 价格=62.0380 方向=观望 15m趋势不确认
[17:13:32] 价格=62.1600 方向=观望 15m趋势不确认
[17:13:48] 价格=62.1770 方向=观望 15m趋势不确认
[17:14:03] 价格=62.4060 方向=观望 15m趋势不确认
[17:14:18] 价格=62.4340 方向=观望 15m趋势不确认
[17:14:33] 价格=62.2830 方向=观望 15m趋势不确认
[17:14:48] 价格=62.1350 方向=观望 15m趋势不确认
[17:15:04] 价格=62.1900 方向=观望 15m趋势不确认
[17:15:19] 价格=62.2130 方向=观望 无动量突破
[17:15:34] 价格=62.1810 方向=观望 无动量突破
[17:15:49] 价格=62.2140 方向=观望 无动量突破
[17:16:04] 价格=62.2910 方向=观望 无动量突破
[17:16:20] 价格=62.2250 方向=观望 无动量突破
[17:16:35] 价格=62.3490 方向=观望 无动量突破
[17:16:50] 价格=62.3580 方向=观望 无动量突破
[17:17:05] 价格=62.3090 方向=观望 无动量突破
[17:17:20] 价格=62.0960 方向=观望 无动量突破
[17:17:36] 价格=62.0060 方向=观望 无动量突破
[17:17:51] 价格=61.9290 方向=观望 无动量突破
[17:18:06] 价格=61.9060 方向=观望 无动量突破
[17:18:21] 价格=61.9660 方向=观望 无动量突破
[17:18:36] 价格=61.9480 方向=观望 无动量突破
[17:18:52] 价格=62.0200 方向=观望 无动量突破
[17:19:07] 价格=62.0010 方向=观望 无动量突破
[17:19:22] 价格=62.0420 方向=观望 无动量突破
[17:19:37] 价格=62.1260 方向=观望 无动量突破
[17:19:52] 价格=61.9900 方向=观望 无动量突破
[17:20:07] 价格=61.9260 方向=观望 无动量突破
[17:20:23] 价格=61.8670 方向=观望 无动量突破
[17:20:38] 价格=61.8220 方向=观望 无动量突破
[17:20:53] 价格=61.7890 方向=观望 无动量突破
[17:21:08] 价格=61.7980 方向=观望 无动量突破
[17:21:23] 价格=61.7090 方向=观望 无动量突破
[17:21:39] 价格=61.6940 方向=观望 无动量突破
[17:21:54] 价格=61.5190 方向=观望 无动量突破
[17:22:09] 价格=61.2250 方向=观望 15m趋势不确认
[17:22:24] 价格=61.4290 方向=观望 无动量突破
[17:22:39] 价格=61.4920 方向=观望 无动量突破
[17:22:55] 价格=61.5870 方向=观望 无动量突破
[17:23:10] 价格=61.6950 方向=观望 无动量突破
[17:23:25] 价格=61.6900 方向=观望 无动量突破
[17:23:40] 价格=61.7280 方向=观望 无动量突破
[17:23:55] 价格=61.6790 方向=观望 无动量突破
[17:24:10] 价格=61.6580 方向=观望 无动量突破
[17:24:26] 价格=61.5530 方向=观望 无动量突破
[17:24:41] 价格=61.5600 方向=观望 无动量突破
[17:24:56] 价格=61.6210 方向=观望 无动量突破
[17:25:11] 价格=61.7100 方向=观望 无动量突破
[17:25:26] 价格=61.7470 方向=观望 无动量突破
[17:25:42] 价格=61.5440 方向=观望 无动量突破
[17:25:57] 价格=61.5160 方向=观望 无动量突破
[17:26:12] 价格=61.4210 方向=观望 无动量突破
[17:26:27] 价格=61.5350 方向=观望 无动量突破
[17:26:42] 价格=61.5420 方向=观望 无动量突破
[17:26:58] 价格=61.6130 方向=观望 无动量突破
[17:27:13] 价格=61.6580 方向=观望 无动量突破
[17:27:28] 价格=61.6570 方向=观望 无动量突破
[17:27:43] 价格=61.6420 方向=观望 无动量突破
[17:27:58] 价格=61.6930 方向=观望 无动量突破
[17:28:13] 价格=61.7920 方向=观望 无动量突破
[17:28:29] 价格=61.9110 方向=观望 无动量突破
[17:28:44] 价格=61.9740 方向=观望 无动量突破
[17:28:59] 价格=62.0160 方向=观望 无动量突破
[17:29:14] 价格=62.2150 方向=观望 无动量突破
[17:29:29] 价格=62.0850 方向=观望 无动量突破
[17:29:45] 价格=61.9000 方向=观望 无动量突破
[17:30:00] 价格=62.0310 方向=观望 无动量突破
[17:30:15] 价格=62.0960 方向=观望 无动量突破
[17:30:30] 价格=62.0580 方向=观望 无动量突破
[17:30:45] 价格=62.0300 方向=观望 无动量突破
[17:31:01] 价格=62.0660 方向=观望 无动量突破
[17:31:16] 价格=61.9970 方向=观望 无动量突破
[17:31:31] 价格=62.1010 方向=观望 无动量突破
[17:31:46] 价格=62.0610 方向=观望 无动量突破
[17:32:01] 价格=61.8650 方向=观望 无动量突破
[17:32:16] 价格=61.9140 方向=观望 无动量突破
[17:32:32] 价格=61.9270 方向=观望 无动量突破
[17:32:47] 价格=61.6370 方向=观望 无动量突破
[17:33:02] 价格=61.5740 方向=观望 无动量突破
[17:33:17] 价格=61.5470 方向=观望 无动量突破
[17:33:32] 价格=61.5760 方向=观望 无动量突破
[17:33:48] 价格=61.5990 方向=观望 无动量突破
[17:34:03] 价格=61.5560 方向=观望 无动量突破
[17:34:18] 价格=61.5440 方向=观望 无动量突破
[17:34:33] 价格=61.5750 方向=观望 无动量突破
[17:34:48] 价格=61.5680 方向=观望 无动量突破
[17:35:04] 价格=61.6440 方向=观望 无动量突破
[17:35:19] 价格=61.7300 方向=观望 无动量突破
[17:35:34] 价格=61.7670 方向=观望 无动量突破
[17:35:49] 价格=61.8360 方向=观望 无动量突破
[17:36:04] 价格=61.8260 方向=观望 无动量突破
[17:36:19] 价格=61.7760 方向=观望 无动量突破
[17:36:35] 价格=61.8390 方向=观望 无动量突破
[17:36:50] 价格=61.7930 方向=观望 无动量突破
[17:37:05] 价格=61.7190 方向=观望 无动量突破
[17:37:20] 价格=61.6530 方向=观望 无动量突破
[17:37:36] 价格=61.6790 方向=观望 无动量突破
[17:37:51] 价格=61.6890 方向=观望 无动量突破
[17:38:06] 价格=61.7200 方向=观望 无动量突破
[17:38:21] 价格=61.8050 方向=观望 无动量突破
[17:38:36] 价格=61.7280 方向=观望 无动量突破
[17:38:51] 价格=61.6940 方向=观望 无动量突破
[17:39:07] 价格=61.6460 方向=观望 无动量突破
[17:39:22] 价格=61.5840 方向=观望 无动量突破
[17:39:37] 价格=61.5960 方向=观望 无动量突破
[17:39:52] 价格=61.5800 方向=观望 无动量突破
[17:40:07] 价格=61.5490 方向=观望 无动量突破
[17:40:23] 价格=61.5500 方向=观望 无动量突破
[17:40:38] 价格=61.5060 方向=观望 无动量突破
[17:40:53] 价格=61.6120 方向=观望 无动量突破
[17:41:08] 价格=61.6150 方向=观望 无动量突破
[17:41:23] 价格=61.7510 方向=观望 无动量突破
[17:41:39] 价格=61.7410 方向=观望 无动量突破
[17:41:54] 价格=61.7240 方向=观望 无动量突破
[17:42:09] 价格=61.6590 方向=观望 无动量突破
[17:42:24] 价格=61.7030 方向=观望 无动量突破
[17:42:39] 价格=61.7820 方向=观望 无动量突破
[17:42:55] 价格=61.8470 方向=观望 无动量突破
[17:43:10] 价格=61.8120 方向=观望 无动量突破
[17:43:25] 价格=61.8060 方向=观望 无动量突破
[17:43:40] 价格=61.7780 方向=观望 无动量突破
[17:43:55] 价格=61.8790 方向=观望 无动量突破
[17:44:10] 价格=61.6820 方向=观望 无动量突破
[17:44:26] 价格=61.6410 方向=观望 无动量突破
[17:44:41] 价格=61.6600 方向=观望 无动量突破
[17:44:56] 价格=61.7370 方向=观望 无动量突破
[17:45:11] 价格=61.7360 方向=观望 无动量突破
[17:45:26] 价格=61.6440 方向=观望 无动量突破
[17:45:42] 价格=61.7950 方向=观望 无动量突破
[17:45:57] 价格=61.8180 方向=观望 无动量突破
[17:46:12] 价格=61.7380 方向=观望 无动量突破
[17:46:27] 价格=61.8660 方向=观望 无动量突破
[17:46:42] 价格=61.7610 方向=观望 无动量突破
[17:46:58] 价格=61.7780 方向=观望 无动量突破
[17:47:13] 价格=61.6610 方向=观望 无动量突破
[17:47:28] 价格=61.6080 方向=观望 无动量突破
[17:47:43] 价格=61.5430 方向=观望 无动量突破
[17:47:58] 价格=61.6000 方向=观望 无动量突破
[17:48:13] 价格=61.5580 方向=观望 无动量突破
[17:48:29] 价格=61.5880 方向=观望 无动量突破
[17:48:44] 价格=61.6600 方向=观望 无动量突破
[17:48:59] 价格=61.6780 方向=观望 无动量突破
[17:49:14] 价格=61.6590 方向=观望 无动量突破
[17:49:29] 价格=61.5480 方向=观望 无动量突破
[17:49:45]   突破量不足
[17:49:45] 价格=61.3370 方向=观望 无动量突破
[17:50:00]   突破量不足
[17:50:00] 价格=61.3920 方向=观望 无动量突破
[17:50:15]   突破力度不足: 实体=-0.06%
[17:50:15] 价格=61.3600 方向=观望 无动量突破
[17:50:30]   突破力度不足: 实体=-0.15%
[17:50:30] 价格=61.4150 方向=观望 无动量突破
[17:50:45]   突破力度不足: 实体=-0.18%
[17:50:45] 价格=61.4380 方向=观望 无动量突破
[17:51:01] 价格=61.5220 方向=观望 无动量突破
[17:51:16] 价格=61.6350 方向=观望 无动量突破
[17:51:31] 价格=61.6800 方向=观望 无动量突破
[17:51:46] 价格=61.6630 方向=观望 无动量突破
[17:52:01] 价格=61.7820 方向=观望 无动量突破
[17:52:16] 价格=61.9420 方向=观望 无动量突破
[17:52:32] 价格=61.8380 方向=观望 无动量突破
[17:52:47] 价格=61.8390 方向=观望 无动量突破
[17:53:02] 价格=61.5210 方向=观望 无动量突破
[17:53:17] 价格=61.5170 方向=观望 无动量突破
[17:53:32] 价格=61.5380 方向=观望 无动量突破
[17:53:48] 价格=61.5150 方向=观望 无动量突破
[17:54:03]   突破力度不足: 实体=-0.27%
[17:54:03] 价格=61.4920 方向=观望 无动量突破
[17:54:18] 价格=61.5120 方向=观望 无动量突破
[17:54:33] 价格=61.5560 方向=观望 无动量突破
[17:54:48] 价格=61.5290 方向=观望 无动量突破
[17:55:04] 价格=61.5490 方向=观望 无动量突破
[17:55:19] 价格=61.6450 方向=观望 无动量突破
[17:55:34] 价格=61.6590 方向=观望 无动量突破
[17:55:49] 价格=61.7270 方向=观望 无动量突破
[17:56:04] 价格=61.6390 方向=观望 无动量突破
[17:56:19] 价格=61.6460 方向=观望 无动量突破
[17:56:35] 价格=61.7060 方向=观望 无动量突破
[17:56:50] 价格=61.6650 方向=观望 无动量突破
[17:57:05] 价格=61.6490 方向=观望 无动量突破
[17:57:20] 价格=61.7210 方向=观望 无动量突破
[17:57:35] 价格=61.6360 方向=观望 无动量突破
[17:57:51] 价格=61.6030 方向=观望 无动量突破
[17:58:06] 价格=61.5360 方向=观望 无动量突破
[17:58:21] 价格=61.5080 方向=观望 无动量突破
[17:58:36] 价格=61.5470 方向=观望 无动量突破
[17:58:51] 价格=61.5570 方向=观望 无动量突破
[17:59:07] 价格=61.5980 方向=观望 无动量突破
[17:59:22] 价格=61.5510 方向=观望 无动量突破
[17:59:37] 价格=61.6760 方向=观望 无动量突破
[17:59:52] 价格=61.6490 方向=观望 无动量突破
[18:00:07] 价格=61.6610 方向=观望 无动量突破
[18:00:22] 价格=61.6590 方向=观望 无动量突破
[18:00:38] 价格=61.5860 方向=观望 无动量突破
[18:00:53] 价格=61.6830 方向=观望 无动量突破
[18:01:08] 价格=61.6720 方向=观望 无动量突破
[18:01:23] 价格=61.8760 方向=观望 无动量突破
[18:01:38] 价格=61.7920 方向=观望 无动量突破
[18:01:54] 价格=61.7500 方向=观望 无动量突破
[18:02:09] 价格=61.8840 方向=观望 无动量突破
[18:02:24] 价格=61.7500 方向=观望 无动量突破
[18:02:39] 价格=61.5900 方向=观望 无动量突破
[18:02:54] 价格=61.5250 方向=观望 无动量突破
[18:03:10] 价格=61.5320 方向=观望 无动量突破
[18:03:25] 价格=61.6730 方向=观望 无动量突破
[18:03:40] 价格=61.7060 方向=观望 无动量突破
[18:03:55] 价格=61.6680 方向=观望 无动量突破
[18:04:10] 价格=61.4390 方向=观望 无动量突破
[18:04:25] 价格=61.4530 方向=观望 无动量突破
[18:04:41] 价格=61.5140 方向=观望 无动量突破
[18:04:56] 价格=61.4890 方向=观望 无动量突破
[18:05:11] 价格=61.5030 方向=观望 无动量突破
[18:05:26] 价格=61.4400 方向=观望 无动量突破
[18:05:42] 价格=61.4240 方向=观望 无动量突破
[18:05:57] 价格=61.5230 方向=观望 无动量突破
[18:06:12] 价格=61.4350 方向=观望 无动量突破
[18:06:27] 价格=61.4430 方向=观望 无动量突破
[18:06:42] 价格=61.4220 方向=观望 无动量突破
[18:06:57] 价格=61.3600 方向=观望 无动量突破
[18:07:13] 价格=61.3860 方向=观望 无动量突破
[18:07:28] 价格=61.3960 方向=观望 无动量突破
[18:07:43] 价格=61.3690 方向=观望 无动量突破
[18:07:58] 价格=61.3670 方向=观望 无动量突破
[18:08:13] 价格=61.3660 方向=观望 无动量突破
[18:08:29] 价格=61.3610 方向=观望 无动量突破
[18:08:44] 价格=61.4200 方向=观望 无动量突破
[18:08:59] 价格=61.3890 方向=观望 无动量突破
[18:09:14] 价格=61.3710 方向=观望 无动量突破
[18:09:29] 价格=61.2480 方向=观望 15m趋势不确认
[18:09:44] 价格=61.2970 方向=观望 15m趋势不确认
[18:10:00] 价格=61.3390 方向=观望 无动量突破
[18:10:15] 价格=61.3570 方向=观望 无动量突破
[18:10:30] 价格=61.3140 方向=观望 无动量突破
[18:10:45]   突破力度不足: 实体=0.09%
[18:10:45] 价格=61.2460 方向=观望 无动量突破
[18:11:00]   突破量不足
[18:11:00] 价格=61.1540 方向=观望 无动量突破
[18:11:16]   突破量不足
[18:11:16] 价格=61.1840 方向=观望 无动量突破
[18:11:31]   突破量不足
[18:11:31] 价格=61.2230 方向=观望 无动量突破
[18:11:46]   突破力度不足: 实体=0.10%
[18:11:46] 价格=61.2440 方向=观望 无动量突破
[18:12:01]   突破量不足
[18:12:01] 价格=61.1250 方向=观望 无动量突破
[18:12:16]   突破量不足
[18:12:16] 价格=61.2200 方向=观望 无动量突破
[18:12:32]   突破量不足
[18:12:32] 价格=61.1900 方向=观望 无动量突破
[18:12:47]   突破量不足
[18:12:47] 价格=61.2120 方向=观望 无动量突破
[18:13:02]   突破力度不足: 实体=0.09%
[18:13:02] 价格=61.2450 方向=观望 无动量突破
[18:13:17]   突破力度不足: 实体=0.03%
[18:13:17] 价格=61.2820 方向=观望 无动量突破
[18:13:32]   突破力度不足: 实体=0.09%
[18:13:32] 价格=61.2490 方向=观望 无动量突破
[18:13:47]   突破量不足
[18:13:47] 价格=61.2130 方向=观望 无动量突破
[18:14:03]   突破力度不足: 实体=0.04%
[18:14:03] 价格=61.2760 方向=观望 无动量突破
[18:14:18]   突破量不足
[18:14:18] 价格=61.1370 方向=观望 无动量突破
[18:14:33]   突破量不足
[18:14:33] 价格=61.1220 方向=观望 无动量突破
[18:14:48]   突破量不足
[18:14:48] 价格=61.1170 方向=观望 无动量突破
[18:15:03] 价格=61.1150 方向=观望 无动量突破
[18:15:19] 价格=61.0520 方向=观望 无动量突破
[18:15:34] 价格=61.1050 方向=观望 无动量突破
[18:15:49] 价格=61.0460 方向=观望 无动量突破
[18:16:04]   突破量不足
[18:16:04] 价格=61.0070 方向=观望 无动量突破
[18:16:19] 价格=61.0510 方向=观望 无动量突破
[18:16:34] 价格=61.0540 方向=观望 无动量突破
[18:16:50] 价格=61.0790 方向=观望 无动量突破
[18:17:05]   突破量不足
[18:17:05] 价格=61.0250 方向=观望 无动量突破
[18:17:20]   突破量不足
[18:17:20] 价格=60.9700 方向=观望 无动量突破
[18:17:35]   突破量不足
[18:17:35] 价格=61.0300 方向=观望 无动量突破
[18:17:51] 价格=61.0520 方向=观望 无动量突破
[18:18:06]   突破量不足
[18:18:06] 价格=61.0020 方向=观望 无动量突破
[18:18:21]   突破量不足
[18:18:21] 价格=61.0060 方向=观望 无动量突破
[18:18:36]   突破量不足
[18:18:36] 价格=61.0170 方向=观望 无动量突破
[18:18:51]   突破量不足
[18:18:51] 价格=60.9780 方向=观望 无动量突破
[18:19:06]   突破量不足
[18:19:06] 价格=60.9150 方向=观望 无动量突破
[18:19:22]   突破量不足
[18:19:22] 价格=60.9030 方向=观望 无动量突破
[18:19:37]   突破量不足
[18:19:37] 价格=60.9040 方向=观望 无动量突破
[18:19:52]   突破量不足
[18:19:52] 价格=60.9410 方向=观望 无动量突破
[18:20:07]   突破力度不足: 实体=0.06%
[18:20:07] 价格=60.8670 方向=观望 无动量突破
[18:20:22]   突破力度不足: 实体=0.08%
[18:20:22] 价格=60.8540 方向=观望 无动量突破
[18:20:38]   突破力度不足: 实体=0.03%
[18:20:38] 价格=60.8840 方向=观望 无动量突破
[18:20:53]   突破力度不足: 实体=0.03%
[18:20:53] 价格=60.8820 方向=观望 无动量突破
[18:21:08]   突破力度不足: 实体=-0.08%
[18:21:08] 价格=60.9470 方向=观望 无动量突破
[18:21:23] 价格=61.0490 方向=观望 无动量突破
[18:21:38] 价格=61.1200 方向=观望 无动量突破
[18:21:54] 价格=61.2120 方向=观望 无动量突破
[18:22:09] 价格=61.1660 方向=观望 无动量突破
[18:22:24] 价格=61.2180 方向=观望 无动量突破
[18:22:39] 价格=61.2350 方向=观望 无动量突破
[18:22:54] 价格=61.1740 方向=观望 无动量突破
[18:23:09] 价格=61.1530 方向=观望 无动量突破
[18:23:25]   突破力度不足: 实体=-0.16%
[18:23:25] 价格=61.0000 方向=观望 无动量突破
[18:23:40]   突破力度不足: 实体=-0.17%
[18:23:40] 价格=61.0040 方向=观望 无动量突破
[18:23:55] 价格=61.0570 方向=观望 无动量突破
[18:24:10] 价格=61.0930 方向=观望 无动量突破
[18:24:25] 价格=61.0600 方向=观望 无动量突破
[18:24:41] 价格=61.0640 方向=观望 无动量突破
[18:24:56]   突破力度不足: 实体=-0.19%
[18:24:56] 价格=61.0170 方向=观望 无动量突破
[18:25:11] 价格=61.1060 方向=观望 无动量突破
[18:25:26] 价格=61.2000 方向=观望 无动量突破
[18:25:41] 价格=61.1860 方向=观望 无动量突破
[18:25:56] 价格=61.1460 方向=观望 无动量突破
[18:26:12] 价格=61.1120 方向=观望 无动量突破
[18:26:27] 价格=61.0740 方向=观望 无动量突破
[18:26:42]   突破力度不足: 实体=0.06%
[18:26:42] 价格=61.0200 方向=观望 无动量突破
[18:26:57]   突破力度不足: 实体=0.08%
[18:26:57] 价格=61.0070 方向=观望 无动量突破
[18:27:12] 价格=61.1130 方向=观望 无动量突破
[18:27:28] 价格=61.2270 方向=观望 无动量突破
[18:27:43] 价格=61.2340 方向=观望 无动量突破
[18:27:58] 价格=61.1910 方向=观望 无动量突破
[18:28:13] 价格=61.3340 方向=观望 无动量突破
[18:28:28] 价格=61.3820 方向=观望 无动量突破
[18:28:44] 价格=61.3790 方向=观望 无动量突破
[18:28:59] 价格=61.3120 方向=观望 无动量突破
[18:29:14] 价格=61.3660 方向=观望 无动量突破
[18:29:29] 价格=61.4520 方向=观望 无动量突破
[18:29:44] 价格=61.4770 方向=观望 无动量突破
[18:29:59] 价格=61.3810 方向=观望 无动量突破
[18:30:15] 价格=61.4960 方向=观望 无动量突破
[18:30:30] 价格=61.5170 方向=观望 无动量突破
[18:30:45] 价格=61.5170 方向=观望 无动量突破
[18:31:00] 价格=61.5590 方向=观望 无动量突破
[18:31:15] 价格=61.3400 方向=观望 无动量突破
[18:31:31] 价格=61.3820 方向=观望 无动量突破
[18:31:46] 价格=61.4240 方向=观望 无动量突破
[18:32:01] 价格=61.3710 方向=观望 无动量突破
[18:32:16] 价格=61.4870 方向=观望 无动量突破
[18:32:31] 价格=61.4620 方向=观望 无动量突破
[18:32:46] 价格=61.4770 方向=观望 无动量突破
[18:33:02] 价格=61.5500 方向=观望 无动量突破
[18:33:17] 价格=61.6650 方向=观望 15m趋势不确认
[18:33:32] 价格=61.5760 方向=观望 无动量突破
[18:33:47] 价格=61.5680 方向=观望 无动量突破
[18:34:02] 价格=61.5970 方向=观望 15m趋势不确认
[18:34:18] 价格=61.5920 方向=观望 15m趋势不确认
[18:34:33] 价格=61.5880 方向=观望 15m趋势不确认
[18:34:48] 价格=61.5790 方向=观望 无动量突破
[18:35:03] 价格=61.6150 方向=观望 15m趋势不确认
[18:35:18] 价格=61.5390 方向=观望 无动量突破
[18:35:34] 价格=61.5710 方向=观望 无动量突破
[18:35:49] 价格=61.5580 方向=观望 无动量突破
[18:36:04] 价格=61.5430 方向=观望 无动量突破
[18:36:19]   突破力度不足: 实体=-0.01%
[18:36:19] 价格=61.6150 方向=观望 无动量突破
[18:36:34] 价格=61.3930 方向=观望 无动量突破
[18:36:50] 价格=61.3930 方向=观望 无动量突破
[18:37:05] 价格=61.1250 方向=观望 无动量突破
[18:37:20] 价格=61.1160 方向=观望 无动量突破
[18:37:35] 价格=61.0600 方向=观望 无动量突破
[18:37:50] 价格=61.0800 方向=观望 无动量突破
[18:38:05] 价格=61.1790 方向=观望 无动量突破
[18:38:21] 价格=61.2000 方向=观望 无动量突破
[18:38:36] 价格=61.2830 方向=观望 无动量突破
[18:38:51] 价格=61.2870 方向=观望 无动量突破
[18:39:06] 价格=61.2500 方向=观望 无动量突破
[18:39:21] 价格=61.2710 方向=观望 无动量突破
[18:39:37] 价格=61.2310 方向=观望 无动量突破
[18:39:52] 价格=61.1960 方向=观望 无动量突破
[18:40:07] 价格=61.4200 方向=观望 无动量突破
[18:40:22] 价格=61.4140 方向=观望 无动量突破
[18:40:37] 价格=61.4650 方向=观望 无动量突破
[18:40:53] 价格=61.4700 方向=观望 无动量突破
[18:41:08] 价格=61.4200 方向=观望 无动量突破
[18:41:23] 价格=61.4180 方向=观望 无动量突破
[18:41:38] 价格=61.3830 方向=观望 无动量突破
[18:41:53] 价格=61.3590 方向=观望 无动量突破
[18:42:08] 价格=61.3930 方向=观望 无动量突破
[18:42:24] 价格=61.3640 方向=观望 无动量突破
[18:42:39] 价格=61.3820 方向=观望 无动量突破
[18:42:54] 价格=61.3410 方向=观望 无动量突破
[18:43:09] 价格=61.3770 方向=观望 无动量突破
[18:43:24] 价格=61.4130 方向=观望 无动量突破
[18:43:40] 价格=61.4040 方向=观望 无动量突破
[18:43:55] 价格=61.4870 方向=观望 无动量突破
[18:44:10] 价格=61.4210 方向=观望 无动量突破
[18:44:25] 价格=61.4440 方向=观望 无动量突破
[18:44:40] 价格=61.4890 方向=观望 无动量突破
[18:44:56] 价格=61.5260 方向=观望 无动量突破
[18:45:11] 价格=61.4920 方向=观望 无动量突破
[18:45:26] 价格=61.3660 方向=观望 无动量突破
[18:45:41] 价格=61.2510 方向=观望 无动量突破
[18:45:56] 价格=61.1740 方向=观望 无动量突破
[18:46:11] 价格=61.1210 方向=观望 无动量突破
[18:46:27] 价格=61.2710 方向=观望 无动量突破
[18:46:42] 价格=61.3670 方向=观望 无动量突破
[18:46:57] 价格=61.3080 方向=观望 无动量突破
[18:47:12] 价格=61.3690 方向=观望 无动量突破
[18:47:27] 价格=61.3650 方向=观望 无动量突破
[18:47:43] 价格=61.3790 方向=观望 无动量突破
[18:47:58] 价格=61.3660 方向=观望 无动量突破
[18:48:13] 价格=61.3750 方向=观望 无动量突破
[18:48:28] 价格=61.3830 方向=观望 无动量突破
[18:48:43] 价格=61.4180 方向=观望 无动量突破
[18:48:58] 价格=61.3300 方向=观望 无动量突破
[18:49:14] 价格=61.3720 方向=观望 无动量突破
[18:49:29] 价格=61.3960 方向=观望 无动量突破
[18:49:44] 价格=61.4260 方向=观望 无动量突破
[18:49:59] 价格=61.4910 方向=观望 无动量突破
[18:50:14] 价格=61.5280 方向=观望 无动量突破
[18:50:30] 价格=61.5740 方向=观望 无动量突破
[18:50:45] 价格=61.5520 方向=观望 无动量突破
[18:51:00] 价格=61.5710 方向=观望 无动量突破
[18:51:15] 价格=61.5920 方向=观望 无动量突破
[18:51:30] 价格=61.5150 方向=观望 无动量突破
[18:51:46] 价格=61.5020 方向=观望 无动量突破
[18:52:01] 价格=61.4650 方向=观望 无动量突破
[18:52:16] 价格=61.4840 方向=观望 无动量突破
[18:52:31] 价格=61.5020 方向=观望 无动量突破
[18:52:46] 价格=61.4200 方向=观望 无动量突破
[18:53:01] 价格=61.3950 方向=观望 无动量突破
[18:53:17] 价格=61.3500 方向=观望 无动量突破
[18:53:32] 价格=61.3410 方向=观望 无动量突破
[18:53:47] 价格=61.4640 方向=观望 无动量突破
[18:54:02] 价格=61.4810 方向=观望 无动量突破
[18:54:17] 价格=61.4810 方向=观望 无动量突破
[18:54:33] 价格=61.4980 方向=观望 无动量突破
[18:54:48] 价格=61.5860 方向=观望 无动量突破
[18:55:03] 价格=61.6490 方向=观望 无动量突破
[18:55:18] 价格=61.6160 方向=观望 无动量突破
[18:55:33] 价格=61.6240 方向=观望 无动量突破
[18:55:49] 价格=61.5540 方向=观望 无动量突破
[18:56:04] 价格=61.5420 方向=观望 无动量突破
[18:56:19] 价格=61.5800 方向=观望 无动量突破
[18:56:34] 价格=61.6390 方向=观望 无动量突破
[18:56:49] 价格=61.6300 方向=观望 无动量突破
[18:57:04] 价格=61.6140 方向=观望 无动量突破
[18:57:20]   突破力度不足: 实体=0.03%
[18:57:20] 价格=61.6950 方向=观望 无动量突破
[18:57:35]   突破力度不足: 实体=0.04%
[18:57:35] 价格=61.7020 方向=观望 无动量突破
[18:57:50] 价格=61.6800 方向=观望 无动量突破
[18:58:05]   突破力度不足: 实体=0.05%
[18:58:05] 价格=61.7060 方向=观望 无动量突破
[18:58:20]   突破量不足: vol=41315 < 0.6xMA20=85614
[18:58:20] 价格=61.7800 方向=观望 无动量突破
[18:58:36]   突破量不足: vol=41315 < 0.6xMA20=85614
[18:58:36] 价格=61.7630 方向=观望 无动量突破
[18:58:51]   突破量不足: vol=41315 < 0.6xMA20=85614
[18:58:51] 价格=61.7500 方向=观望 无动量突破
[18:59:06]   突破量不足: vol=41315 < 0.6xMA20=85614
[18:59:06] 价格=61.7740 方向=观望 无动量突破
[18:59:21]   突破量不足: vol=41315 < 0.6xMA20=85614
[18:59:21] 价格=61.7880 方向=观望 无动量突破
[18:59:36]   突破量不足: vol=41315 < 0.6xMA20=85614
[18:59:36] 价格=61.8470 方向=观望 无动量突破
[18:59:52]   突破量不足: vol=41315 < 0.6xMA20=85614
[18:59:52] 价格=61.8400 方向=观望 无动量突破
[19:00:07] 价格=61.8570 方向=观望 无动量突破
[19:00:22]   突破力度不足: 实体=0.08%
[19:00:22] 价格=61.8970 方向=观望 无动量突破
[19:00:37] 价格=61.8400 方向=观望 无动量突破
[19:00:52] 价格=61.7900 方向=观望 无动量突破
[19:01:08] 价格=61.7290 方向=观望 无动量突破
[19:01:23] 价格=61.6850 方向=观望 无动量突破
[19:01:38] 价格=61.7440 方向=观望 无动量突破
[19:01:53] 价格=61.6930 方向=观望 无动量突破
[19:02:08] 价格=61.7240 方向=观望 无动量突破
[19:02:23] 价格=61.7360 方向=观望 无动量突破
[19:02:39] 价格=61.7170 方向=观望 无动量突破
[19:02:54] 价格=61.6200 方向=观望 无动量突破
[19:03:09] 价格=61.6620 方向=观望 无动量突破
[19:03:24] 价格=61.5690 方向=观望 无动量突破
[19:03:39] 价格=61.5040 方向=观望 无动量突破
[19:03:55] 价格=61.4510 方向=观望 无动量突破
[19:04:10] 价格=61.4330 方向=观望 无动量突破
[19:04:25] 价格=61.3760 方向=观望 无动量突破
[19:04:40] 价格=61.3330 方向=观望 无动量突破
[19:04:55] 价格=61.4420 方向=观望 无动量突破
[19:05:11] 价格=61.5850 方向=观望 无动量突破
[19:05:26] 价格=61.5780 方向=观望 无动量突破
[19:05:41] 价格=61.6250 方向=观望 无动量突破
[19:05:56] 价格=61.6260 方向=观望 无动量突破
[19:06:11] 价格=61.6080 方向=观望 无动量突破
[19:06:26] 价格=61.6420 方向=观望 无动量突破
[19:06:42] 价格=61.6800 方向=观望 无动量突破
[19:06:57] 价格=61.7160 方向=观望 无动量突破
[19:07:12] 价格=61.8180 方向=观望 无动量突破
[19:07:27] 价格=61.8650 方向=观望 无动量突破
[19:07:42] 价格=61.8780 方向=观望 无动量突破
[19:07:58] 价格=61.8990 方向=观望 15m趋势不确认
[19:08:13] 价格=61.8830 方向=观望 无动量突破
[19:08:28] 价格=61.8380 方向=观望 无动量突破
[19:08:43] 价格=61.6320 方向=观望 无动量突破
[19:08:58] 价格=61.5800 方向=观望 无动量突破
[19:09:14] 价格=61.6090 方向=观望 无动量突破
[19:09:29] 价格=61.7290 方向=观望 无动量突破
[19:09:44] 价格=61.7050 方向=观望 无动量突破
[19:09:59] 价格=61.6820 方向=观望 无动量突破
[19:10:14] 价格=61.5600 方向=观望 无动量突破
[19:10:29] 价格=61.5360 方向=观望 无动量突破
[19:10:45] 价格=61.6200 方向=观望 无动量突破
[19:11:00] 价格=61.6700 方向=观望 无动量突破
[19:11:15] 价格=61.6070 方向=观望 无动量突破
[19:11:30] 价格=61.6430 方向=观望 无动量突破
[19:11:45] 价格=61.5770 方向=观望 无动量突破
[19:12:01] 价格=61.6650 方向=观望 无动量突破
[19:12:16] 价格=61.6950 方向=观望 无动量突破
[19:12:31] 价格=61.7330 方向=观望 无动量突破
[19:12:46] 价格=61.7510 方向=观望 无动量突破
[19:13:01] 价格=61.8440 方向=观望 无动量突破
[19:13:17] 价格=61.8470 方向=观望 无动量突破
[19:13:32] 价格=61.8520 方向=观望 无动量突破
[19:13:47] 价格=61.7810 方向=观望 无动量突破
[19:14:02] 价格=61.7960 方向=观望 无动量突破
[19:14:17] 价格=61.7700 方向=观望 无动量突破
[19:14:32] 价格=61.7880 方向=观望 无动量突破
[19:14:48] 价格=61.8130 方向=观望 无动量突破
[19:15:03] 价格=61.8600 方向=观望 无动量突破
[19:15:18] 价格=61.8370 方向=观望 无动量突破
[19:15:33] 价格=61.8650 方向=观望 无动量突破
[19:15:48] 价格=61.8560 方向=观望 无动量突破
[19:16:04] 价格=61.8910 方向=观望 无动量突破
[19:16:19] 价格=62.0000 方向=观望 15m趋势不确认
[19:16:34] 价格=62.0160 方向=观望 15m趋势不确认
[19:16:49] 价格=62.1110 方向=观望 15m趋势不确认
[19:17:04] 价格=62.0540 方向=观望 15m趋势不确认
