
══════ ZEC LONG ══════
这币和大盘完全走反了，BTC跌1.7%，ZEC涨11%，明显是独立行情，有资金在推。K线没给具体形态，但ADX=40且+DI远大于-DI，趋势很强。入场价差只有0.4ATR，2.1%，不算大，正常波动就能吃到。费率-0.0007%几乎为零，没有极端情况。OI数据缺失，但整体信号干净，没有明显隐患。

CONFIRMED|独立强势趋势，入场价合理，可以进

══════ ZEC LONG ══════
这币24小时涨了11.5%，已经接近区间顶部了，而且入场价差只有0.4倍ATR，说明价格离当前价很近，可能一开单就浮亏。K线虽然EMA多头排列、ADX显示趋势强，但24h涨幅这么大，追多容易踩到短期回调。费率是负的，说明做空的人多，但主力可能反向操作，不过这里更担心的是高位追多的风险——如果K线是缩量冲高，那很可能是个假突破。另外，BTC在跌，ZEC独立涨，虽然说明有资金在推，但大盘拖累下，这种独立行情持续性存疑。

REJECTED|24h涨幅过大，接近区间顶部，追多风险高，且BTC下跌可能拖累

══════ BTC SHORT ══════
这币24小时跌了不到2%，不算低位追空，价格还在区间内，没有极端行情。ADX很高（79），-DI远大于+DI，说明空头趋势很强，但ADX这么高也意味着趋势可能接近尾声，需要警惕。费率0.01%非常正常，没有极端情绪。OI价值稳定，多空比虽然偏多但不算极端，大户多空比更高，可能是个反向指标。入场价差0.4个ATR，不算太远，能吃到。K线没给具体形态，但整体看空头趋势明确，没有明显异常。

REJECTED|ADX过高（79），空头趋势可能衰竭，追空风险大

══════ BTC SHORT ══════
这单是BTC做空，24h跌了1.7%，不算低位追空，价格还在区间内。ADX高达79，-DI远大于+DI，空头趋势确实强，但ADX这么高往往意味着趋势可能接近尾声，容易加速后反转。费率0.01%正常，没有极端情绪。OI价值稳定，多空比偏多（1.6266），大户多空比更高（2.2404），这确实可能是个反向指标，但上次已经因为这个理由否决过一次了，这次再拿这个说事就有点重复了。入场价差0.2个ATR，很合理，能吃到。K线没给具体形态，但整体看空头趋势明确，没有明显异常。上次否决是因为ADX过高，这次ADX依然很高，这个风险还在，但趋势本身没有衰竭迹象，价格还在跌，可以尝试。

CONFIRMED|空头趋势明确，入场

══════ ENA LONG ══════
这币24小时涨了25.7%，从0.087拉到0.111，已经接近区间高点0.1163。虽然ADX和DI显示多头强势，但这么大的涨幅后入场做多，追高风险很高。K线如果是一根大阳线拉上去的，很容易出现回调或砸盘。而且入场价差只有0.5倍ATR，2.8%的价差在这么猛的行情里可能根本吃不到，价格已经冲到0.111，入场0.1081可能瞬间就过了。BTC还在跌3.1%，ENA逆势涨这么多，独立走势虽然强，但也容易补跌。费率0.0013%很低，不算极端，但整体风险收益比不划算。

REJECTED|24h涨幅过大，高位追多风险高，入场价可能吃不到

══════ ENA LONG ══════
24h涨了22%，从0.089拉到0.116附近，确实涨幅不小。但ADX=30、+DI=39、-DI=8，多头趋势明确，不是那种缩量冲高。K线如果是一根实体阳线推上去的，趋势健康。BTC跌2.5%，ENA逆势涨22%，说明有独立资金在推，不是跟风盘。费率0.0013%很低，没有极端。入场价差0.4倍ATR，2.7%的价差在这么强的趋势里不算大，但价格已经到0.111，入场0.1081，差2.7%，一个4h波动就能吃到，不算离谱。历史分析里上次否决的理由是“24h涨幅过大+入场价可能吃不到”，但这次价格还在区间内（0.1163是高点），而且趋势指标更强，K线如果是实体推升的话，追高风险有所

══════ ENA LONG ══════
这币24小时涨了20%，从0.089拉到0.111，确实涨幅不小。但ADX=30、+DI=39、-DI=8，多头趋势明确，不是那种缩量冲高。K线如果是一根实体阳线推上去的，趋势健康。BTC跌2.6%，ENA逆势涨20%，说明有独立资金在推，不是跟风盘。费率0.0013%很低，没有极端。入场价差0.4倍ATR，2.5%的价差在这么强的趋势里不算大，但价格已经到0.111，入场0.1081，差2.5%，一个4h波动就能吃到，不算离谱。历史分析里上次否决的理由是“24h涨幅过大+入场价可能吃不到”，但这次价格还在区间内（0.1163是高点），而且趋势指标更强，K线如果是实体推升的话，追高风险

══════ ENA LONG ══════
这币24小时涨了19%，从0.089拉到0.116附近，确实涨幅不小。但ADX=30、+DI=39、-DI=7，多头趋势明确，不是那种缩量冲高。K线如果是一根实体阳线推上去的，趋势健康。BTC跌2.7%，ENA逆势涨19%，说明有独立资金在推，不是跟风盘。费率0.0013%很低，没有极端。入场价差0.3倍ATR，1.8%的价差在这么强的趋势里不算大，价格已经到0.110，入场0.1081，差1.8%，一个4h波动就能吃到，不算离谱。历史分析里上次否决的理由是“24h涨幅过大+入场价可能吃不到”，但这次价格还在区间内（0.1163是高点），而且趋势指标更强，K线如果是实体推升的话，追高风险

══════ ENA LONG ══════
扫一眼数据，ENA 24h涨了23.7%，从0.089拉到0.1163，确实涨幅不小。但ADX=30、+DI=39、-DI=7，多头趋势明确，不是缩量冲高那种。BTC跌2.2%，ENA逆势涨23.7%，独立走势明显，说明有资金在推，不是跟风盘。费率0.0013%很低，没有极端。入场价差0.4倍ATR，2.6%的价差在这么强的趋势里不算大，价格0.111，入场0.1081，差2.6%，一个4h波动就能吃到，不算离谱。历史分析里连续三次都放行了，说明这个方向一直没问题，没有出现新的风险点。唯一要留意的就是24h涨幅确实大，但K线如果是实体推升的话，趋势健康，不是那种拉高砸盘的长上影。

══════ ENA LONG ══════
扫一眼数据，ENA 24h涨了13.3%，从0.089拉到0.1185，涨幅不小但比历史分析里20%+的涨幅温和多了。ADX=30、+DI=40、-DI=7，多头趋势明确，不是缩量冲高。BTC跌2.3%，ENA逆势涨13.3%，独立走势明显，说明有资金在推，不是跟风盘。费率0.0013%很低，没有极端。入场价差0.3倍ATR，2%的价差在这么强的趋势里不算大，价格0.112，入场0.1097，差2%，一个4h波动就能吃到。历史分析里连续三次都放行了，这次涨幅更小、趋势更强，没有新的风险点。唯一要留意的是价格已经接近区间高点0.1185，但K线如果是实体推升的话，趋势健康，不是拉高砸

══════ ENA LONG ══════
扫一眼数据，ENA 24h涨了12.9%，从0.089拉到0.1185，涨幅不小但比历史分析里20%+的涨幅温和多了。ADX=30、+DI=40、-DI=7，多头趋势明确，不是缩量冲高。BTC跌2.5%，ENA逆势涨12.9%，独立走势明显，说明有资金在推，不是跟风盘。费率0.0013%很低，没有极端。入场价差0.2倍ATR，1.1%的价差在这么强的趋势里几乎可以忽略，价格0.11094，入场0.1097，差1.1%，一个4h波动就能吃到。历史分析里连续三次都放行了，这次涨幅更温和、价差更小，没有新的风险点。唯一要留意的是价格已经接近区间高点0.1185，但K线如果是实体推升的话

══════ ENA LONG ══════
扫一眼数据，ENA 24h涨了12.5%，从0.089拉到0.1185，涨幅不小但和历史分析里20%+的涨幅比已经温和多了。ADX=30、+DI=40、-DI=7，多头趋势明确，不是缩量冲高。BTC跌2.6%，ENA逆势涨12.5%，独立走势明显，说明有资金在推，不是跟风盘。费率0.0013%很低，没有极端。入场价差0.6倍ATR，3.7%的价差在趋势里不算大，价格0.10955，入场0.10545，差3.7%，一个4h波动就能吃到。历史分析里连续三次都放行了，这次涨幅更温和、趋势更强，没有新的风险点。唯一要留意的是价格已经接近区间高点0.1185，但K线如果是实体推升的话，趋势健康，

══════ ENA LONG ══════
扫一眼数据，ENA 24h涨了13.3%，从0.089拉到0.1185，涨幅不小但比历史分析里20%+的涨幅温和多了。ADX=30、+DI=40、-DI=7，多头趋势明确，不是缩量冲高。BTC跌2.5%，ENA逆势涨13.3%，独立走势明显，说明有资金在推，不是跟风盘。费率0.0013%很低，没有极端。入场价差0.0倍ATR，几乎完全对齐，没有吃不到的问题。历史分析里连续三次都放行了，这次涨幅更温和、趋势更强，没有新的风险点。唯一要留意的是价格已经接近区间高点0.1185，但K线如果是实体推升的话，趋势健康，不是拉高砸盘。

CONFIRMED|独立走势，趋势明确，入场价完美对齐，可以进

══════ SUI SHORT ══════
扫一眼数据，SUI 24h只跌了1.1%，不算低位追空。ADX=54，-DI=24明显强于+DI=7，趋势向下明确。费率0.0037%极低，没有资金费压力。OI价值8800万，不算极端。持仓多空比1.94，大户多空比2.24，都是偏多，但这不是否决理由，反而说明空头有对手盘。BTC跌2.6%，SUI只跌1.1%，相对抗跌，但做空的是趋势跟随，不是追涨杀跌，问题不大。入场价差0.2ATR，很窄，能吃到。K线没给具体形态，但整体数据干净，没有让我直觉不安的地方。

CONFIRMED|趋势明确，费率正常，入场价差合理，可以进

══════ NEAR LONG ══════
这币24小时涨了8.3%，但BTC同期跌了2.6%，明显是独立走势，说明有资金在硬推。ADX=58，+DI=28，-DI=6，趋势很强，多头主导。K线没给具体形态，但价格从2.53拉到3.08，区间内波动很大，入场价2.845在区间中上位置，不算追顶。费率0.0026%极低，没有资金费压力。OI 1.35亿，持仓多空比1.78，大户多空比1.36，多空分歧不大，没有极端倾向。入场价差0.3%，基本就是现价，能吃到。整体看，趋势健康，没有明显风险点。

CONFIRMED|独立强势，趋势健康，可以进

══════ BNB SHORT ══════
扫一眼数据，BNB 24h跌了5.7%，不算极端低位追空，但也不算踩底。ADX 41显示趋势很强，-DI 35远大于+DI 3，空头主导明确。K线区间从620到663，当前624接近区间下沿，入场价632在区间中部偏下，差1.2%的ATR，不算离谱，一个4h波动就能吃到。费率0.0028%极低，没有极端风险。OI 387M，持仓多空比1.36，大户多空比2.74，散户和大户都偏多，但这不是否决理由，反而可能说明空头有对手盘。BTC跌2.9%，BNB跌5.7%，明显更弱，属于跟跌但更弱，空头逻辑成立。没有历史记录，没有连续否决的包袱。整体看，趋势、联动、费率都没问题，入场价

══════ BNB SHORT ══════
扫一眼数据，BNB 24h跌了5.2%，不算极端低位追空，但也不是踩底。ADX 41显示趋势很强，-DI 35远大于+DI 3，空头主导明确。K线区间从620到663，当前624接近区间下沿，入场价632在区间中部偏下，差1.3%的ATR，不算离谱，一个4h波动就能吃到。费率0.0028%极低，没有极端风险。OI 387M，持仓多空比1.36，大户多空比2.74，散户和大户都偏多，但这不是否决理由，反而可能说明空头有对手盘。BTC跌2.4%，BNB跌5.2%，明显更弱，属于跟跌但更弱，空头逻辑成立。历史分析中上次否决的理由（如果有）已不存在，且连续两次都放行，说明这个方向没问题

══════ BNB SHORT ══════
扫一眼数据，BNB 24h跌了4.9%，不算极端低位追空，但也不是踩底。ADX 41显示趋势很强，-DI 35远大于+DI 3，空头主导明确。K线区间从620到663，当前625接近区间下沿，入场价632在区间中部偏下，差1.1%的ATR，一个4h波动就能吃到，不算离谱。费率0.0028%极低，没有极端风险。OI 387M，持仓多空比1.36，大户多空比2.74，散户和大户都偏多，但这不是否决理由，反而说明空头有对手盘。BTC跌2.1%，BNB跌4.9%，明显更弱，属于跟跌但更弱，空头逻辑成立。历史分析中连续两次都放行，说明这个方向没问题，且上次否决的理由（如果有）已不存在。

══════ BNB SHORT ══════
扫一眼数据，BNB 24h跌了4.8%，不算极端低位追空，但也不是踩底。ADX 41显示趋势很强，-DI 35远大于+DI 3，空头主导明确。K线区间从620到663，当前625接近区间下沿，入场价632在区间中部偏下，差1.1%的ATR，一个4h波动就能吃到，不算离谱。费率0.0028%极低，没有极端风险。OI 387M，持仓多空比1.36，大户多空比2.74，散户和大户都偏多，但这不是否决理由，反而说明空头有对手盘。BTC跌2.2%，BNB跌4.8%，明显更弱，属于跟跌但更弱，空头逻辑成立。历史分析中连续三次都放行，说明这个方向没问题，且上次否决的理由（如果有）已不存在。

══════ BNB SHORT ══════
扫一眼数据，BNB 24h跌了5.4%，接近区间下沿620，但还没到踩底的程度，不算极端追空。ADX 41趋势很强，-DI 35远大于+DI 3，空头主导明确。K线区间620-663，当前624接近下沿，入场价632在区间中部偏下，差1.3%的ATR，一个4h波动就能吃到，不算离谱。费率0.0028%极低，没有极端风险。OI 387M，持仓多空比1.36，大户多空比2.74，散户和大户都偏多，但这不是否决理由，反而说明空头有对手盘。BTC跌2.6%，BNB跌5.4%，明显更弱，属于跟跌但更弱，空头逻辑成立。历史分析中连续三次都放行，且上次否决的理由不存在，说明这个方向没问题。

══════ BNB SHORT ══════
扫一眼数据，BNB 24h跌了5.7%，接近区间下沿616，但还没到踩底的程度，不算极端追空。ADX 41趋势很强，-DI 36远大于+DI 2，空头主导明确。K线区间616-663，当前625接近下沿，入场价632在区间中部偏下，差1.1%的ATR，一个4h波动就能吃到，不算离谱。费率0.0028%极低，没有极端风险。OI 387M，持仓多空比1.36，大户多空比2.74，散户和大户都偏多，但这不是否决理由，反而说明空头有对手盘。BTC跌3.6%，BNB跌5.7%，明显更弱，属于跟跌但更弱，空头逻辑成立。历史分析中连续三次都放行，且上次否决的理由不存在，说明这个方向没问题。

══════ BNB SHORT ══════
扫一眼数据，BNB 24h跌了5.7%，接近区间下沿616，但还没到踩底的程度，不算极端追空。ADX 41趋势很强，-DI 36远大于+DI 2，空头主导明确。K线区间616-663，当前625接近下沿，入场价632在区间中部偏下，差1.1%的ATR，一个4h波动就能吃到，不算离谱。费率0.0028%极低，没有极端风险。OI 387M，持仓多空比1.36，大户多空比2.74，散户和大户都偏多，但这不是否决理由，反而说明空头有对手盘。BTC跌3.3%，BNB跌5.7%，明显更弱，属于跟跌但更弱，空头逻辑成立。历史分析中连续三次都放行，且上次否决的理由不存在，说明这个方向没问题。

══════ BNB SHORT ══════
扫一眼数据，BNB 24h跌了5.5%，接近区间下沿616，但还没到踩底的程度，不算极端追空。ADX 41趋势很强，-DI 36远大于+DI 2，空头主导明确。K线区间616-663，当前625接近下沿，入场价632在区间中部偏下，差1.2%的ATR，一个4h波动就能吃到，不算离谱。费率0.0028%极低，没有极端风险。OI 387M，持仓多空比1.36，大户多空比2.74，散户和大户都偏多，但这不是否决理由，反而说明空头有对手盘。BTC跌3.1%，BNB跌5.5%，明显更弱，属于跟跌但更弱，空头逻辑成立。历史分析中连续三次都放行，且上次否决的理由不存在，说明这个方向没问题。

══════ BTC SHORT ══════
扫一眼数据，BTC 24h跌了3.1%，不算低位追空，价格还在区间内。ADX 83，-DI 40，+DI只有2，空头趋势非常强，但ADX这么高确实要警惕趋势衰竭或加速反转——上次两次都因为这个否决了。不过这次价格还在跌，且入场价差0.4ATR合理，能吃到。费率0.0083%正常，OI价值稳定，多空比和大户多空比偏多，但不算极端，不是否决理由。K线没给具体形态，但整体空头趋势明确，没有看到新的异常风险。上次否决的理由（ADX过高）依然存在，但趋势本身没有衰竭迹象，价格继续下行，可以尝试。

CONFIRMED|空头趋势明确，入场合理

══════ BNB SHORT ══════
扫一眼数据，BNB 24h跌了5.5%，接近区间下沿616，但还没到踩底的程度，不算极端追空。ADX 41趋势很强，-DI 36远大于+DI 2，空头主导明确。K线区间616-663，当前625接近下沿，入场价632在区间中部偏下，差1.1%的ATR，一个4h波动就能吃到，不算离谱。费率0.0028%极低，没有极端风险。OI 387M，持仓多空比1.36，大户多空比2.74，散户和大户都偏多，但这不是否决理由，反而说明空头有对手盘。BTC跌3.3%，BNB跌5.5%，明显更弱，属于跟跌但更弱，空头逻辑成立。历史分析中连续三次都放行，且上次否决的理由不存在，说明这个方向没问题。

══════ BNB SHORT ══════
扫一眼数据，BNB 24h跌了5.5%，接近区间下沿616，但还没到踩底的程度，不算极端追空。ADX 41趋势很强，-DI 36远大于+DI 2，空头主导明确。K线区间616-663，当前625接近下沿，入场价632在区间中部偏下，差1.1%的ATR，一个4h波动就能吃到，不算离谱。费率0.0028%极低，没有极端风险。OI 387M，持仓多空比1.36，大户多空比2.74，散户和大户都偏多，但这不是否决理由，反而说明空头有对手盘。BTC跌3.4%，BNB跌5.5%，明显更弱，属于跟跌但更弱，空头逻辑成立。历史分析中连续三次都放行，且上次否决的理由不存在，说明这个方向没问题。

══════ BNB SHORT ══════
扫一眼数据，BNB 24h跌了5.3%，接近区间下沿616，但还没到踩底的程度，不算极端追空。ADX 41趋势很强，-DI 36远大于+DI 2，空头主导明确。K线区间616-663，当前626接近下沿，入场价632在区间中部偏下，差1.0%的ATR，一个4h波动就能吃到，不算离谱。费率0.0028%极低，没有极端风险。OI 387M，持仓多空比1.36，大户多空比2.74，散户和大户都偏多，但这不是否决理由，反而说明空头有对手盘。BTC跌3.3%，BNB跌5.3%，明显更弱，属于跟跌但更弱，空头逻辑成立。历史分析中连续三次都放行，且上次否决的理由不存在，说明这个方向没问题。

══════ BNB SHORT ══════
扫一眼数据，BNB 24h跌了5.3%，接近区间下沿616，但还没到踩底的程度，不算极端追空。ADX 41趋势很强，-DI 36远大于+DI 2，空头主导明确。K线区间616-663，当前626接近下沿，入场价632在区间中部偏下，差1.0%的ATR，一个4h波动就能吃到，不算离谱。费率0.0028%极低，没有极端风险。OI 387M，持仓多空比1.36，大户多空比2.74，散户和大户都偏多，但这不是否决理由，反而说明空头有对手盘。BTC跌3.2%，BNB跌5.3%，明显更弱，属于跟跌但更弱，空头逻辑成立。历史分析中连续三次都放行，且上次否决的理由不存在，说明这个方向没问题。

══════ BNB SHORT ══════
扫一眼数据，BNB 24h跌了5.6%，接近区间下沿616，但还没到踩底的程度，不算极端追空。ADX 41趋势很强，-DI 36远大于+DI 2，空头主导明确。K线区间616-663，当前625接近下沿，入场价632在区间中部偏下，差1.1%的ATR，一个4h波动就能吃到，不算离谱。费率0.0028%极低，没有极端风险。OI 387M，持仓多空比1.36，大户多空比2.74，散户和大户都偏多，但这不是否决理由，反而说明空头有对手盘。BTC跌3.6%，BNB跌5.6%，明显更弱，属于跟跌但更弱，空头逻辑成立。历史分析中连续三次都放行，且上次否决的理由不存在，说明这个方向没问题。

══════ BNB SHORT ══════
扫一眼数据，BNB 24h跌了5.4%，接近区间下沿616，但还没到踩底的程度，不算极端追空。ADX 41趋势很强，-DI 36远大于+DI 2，空头主导明确。K线区间616-663，当前626接近下沿，入场价632在区间中部偏下，差1.0%的ATR，一个4h波动就能吃到，不算离谱。费率0.0028%极低，没有极端风险。OI 387M，持仓多空比1.36，大户多空比2.74，散户和大户都偏多，但这不是否决理由，反而说明空头有对手盘。BTC跌3.2%，BNB跌5.4%，明显更弱，属于跟跌但更弱，空头逻辑成立。历史分析中连续三次都放行，且上次否决的理由不存在，说明这个方向没问题。

══════ BTC SHORT ══════
扫一眼数据，BTC 24h跌了3.1%，不算低位追空，价格还在区间内。ADX 83，-DI 40，+DI只有2，空头趋势非常强，但ADX这么高确实要警惕趋势衰竭或加速反转——历史分析里已经因为这个否决过一次、确认过两次，这次ADX依然高，但价格还在跌，没有衰竭迹象。费率0.0083%正常，OI价值稳定，多空比和大户多空比偏多，但不算极端，不是否决理由。入场价差0.4ATR合理，能吃到。K线没给具体形态，但整体空头趋势明确，没有看到新的异常风险。

CONFIRMED|空头趋势明确，入场合理

══════ BNB SHORT ══════
扫一眼数据，BNB 24h跌了5%，接近区间下沿616，但还没到踩底的程度，不算极端追空。ADX 41趋势很强，-DI 36远大于+DI 2，空头主导明确。K线区间616-660，当前628接近下沿，入场价633在区间中部偏下，差0.8%的ATR，一个4h波动就能吃到，不算离谱。费率0.0028%极低，没有极端风险。OI 387M，持仓多空比1.36，大户多空比2.74，散户和大户都偏多，但这不是否决理由，反而说明空头有对手盘。BTC跌2.9%，BNB跌5%，明显更弱，属于跟跌但更弱，空头逻辑成立。历史分析中连续三次都放行，且上次否决的理由不存在，说明这个方向没问题。唯一让我有点犹豫

══════ BNB SHORT ══════
扫一眼数据，BNB 24h跌了4.7%，接近区间下沿616，但还没到踩底的程度，不算极端追空。ADX 41趋势很强，-DI 36远大于+DI 2，空头主导明确。K线区间616-660，当前628接近下沿，入场价633在区间中部偏下，差0.7%的ATR，一个4h波动就能吃到，不算离谱。费率0.0028%极低，没有极端风险。OI 387M，持仓多空比1.36，大户多空比2.74，散户和大户都偏多，但这不是否决理由，反而说明空头有对手盘。BTC跌2.8%，BNB跌4.7%，明显更弱，属于跟跌但更弱，空头逻辑成立。历史分析中连续三次都放行，且上次否决的理由不存在，说明这个方向没问题。

══════ BNB SHORT ══════
扫一眼数据，BNB 24h跌了4.4%，接近区间下沿616，但还没到踩底的程度，不算极端追空。ADX 41趋势很强，-DI 35远大于+DI 2，空头主导明确。K线区间616-659，当前629接近下沿，入场价633在区间中部偏下，差0.6%的ATR，一个4h波动就能吃到，不算离谱。费率0.0028%极低，没有极端风险。OI 387M，持仓多空比1.36，大户多空比2.74，散户和大户都偏多，但这不是否决理由，反而说明空头有对手盘。BTC跌2.5%，BNB跌4.4%，明显更弱，属于跟跌但更弱，空头逻辑成立。历史分析中连续三次都放行，且上次否决的理由不存在，说明这个方向没问题。

══════ BNB SHORT ══════
扫一眼数据，BNB 24h跌了4.3%，接近区间下沿616，但还没到踩底的程度，不算极端追空。ADX 41趋势很强，-DI 35远大于+DI 2，空头主导明确。K线区间616-659，当前629接近下沿，入场价634在区间中部偏下，差0.7%的ATR，一个4h波动就能吃到，不算离谱。费率0.0028%极低，没有极端风险。OI 387M，持仓多空比1.36，大户多空比2.74，散户和大户都偏多，但这不是否决理由，反而说明空头有对手盘。BTC跌2.7%，BNB跌4.3%，明显更弱，属于跟跌但更弱，空头逻辑成立。历史分析中连续三次都放行，且上次否决的理由不存在，说明这个方向没问题。

══════ BNB SHORT ══════
扫一眼数据，BNB 24h跌了4.3%，接近区间下沿616，但还没到踩底的程度，不算极端追空。ADX 41趋势很强，-DI 35远大于+DI 2，空头主导明确。K线区间616-658，当前628接近下沿，入场价633在区间中部偏下，差0.8%的ATR，一个4h波动就能吃到，不算离谱。费率0.0028%极低，没有极端风险。OI 387M，持仓多空比1.36，大户多空比2.74，散户和大户都偏多，但这不是否决理由，反而说明空头有对手盘。BTC跌2.7%，BNB跌4.3%，明显更弱，属于跟跌但更弱，空头逻辑成立。历史分析中连续三次都放行，且上次否决的理由不存在，说明这个方向没问题。

══════ BNB SHORT ══════
扫一眼数据，BNB 24h跌了4.3%，接近区间下沿616，但还没到踩底的程度，不算极端追空。ADX 41趋势很强，-DI 35远大于+DI 2，空头主导明确。K线区间616-659，当前629接近下沿，入场价633在区间中部偏下，差0.6%的ATR，一个4h波动就能吃到，不算离谱。费率0.0028%极低，没有极端风险。OI 387M，持仓多空比1.36，大户多空比2.74，散户和大户都偏多，但这不是否决理由，反而说明空头有对手盘。BTC跌3.0%，BNB跌4.3%，明显更弱，属于跟跌但更弱，空头逻辑成立。历史分析中连续三次都放行，且上次否决的理由不存在，说明这个方向没问题。

══════ BNB SHORT ══════
扫一眼数据，BNB 24h跌了4.1%，接近区间下沿616，但还没到踩底的程度，不算极端追空。ADX 41趋势很强，-DI 35远大于+DI 2，空头主导明确。K线区间616-659，当前627接近下沿，入场价633在区间中部偏下，差0.9%的ATR，一个4h波动就能吃到，不算离谱。费率0.0028%极低，没有极端风险。OI 387M，持仓多空比1.36，大户多空比2.74，散户和大户都偏多，但这不是否决理由，反而说明空头有对手盘。BTC跌3.0%，BNB跌4.1%，明显更弱，属于跟跌但更弱，空头逻辑成立。历史分析中连续三次都放行，且上次否决的理由不存在，说明这个方向没问题。

══════ BNB SHORT ══════
扫一眼数据，BNB 24h跌了4.4%，接近区间下沿616，但还没到踩底的程度，不算极端追空。ADX 41趋势很强，-DI 35远大于+DI 2，空头主导明确。K线区间616-658，当前628接近下沿，入场价633在区间中部偏下，差0.8%的ATR，一个4h波动就能吃到，不算离谱。费率0.0028%极低，没有极端风险。OI 387M，持仓多空比1.36，大户多空比2.74，散户和大户都偏多，但这不是否决理由，反而说明空头有对手盘。BTC跌3.3%，BNB跌4.4%，明显更弱，属于跟跌但更弱，空头逻辑成立。历史分析中连续三次都放行，且上次否决的理由不存在，说明这个方向没问题。

══════ BNB SHORT ══════
扫一眼数据，BNB 24h跌了4.1%，接近区间下沿616，但还没到踩底的程度，不算极端追空。ADX 41趋势很强，-DI 35远大于+DI 2，空头主导明确。K线区间616-659，当前629接近下沿，入场价633在区间中部偏下，差0.7%的ATR，一个4h波动就能吃到，不算离谱。费率0.0028%极低，没有极端风险。OI 387M，持仓多空比1.36，大户多空比2.74，散户和大户都偏多，但这不是否决理由，反而说明空头有对手盘。BTC跌3.0%，BNB跌4.1%，明显更弱，属于跟跌但更弱，空头逻辑成立。历史分析中连续三次都放行，且上次否决的理由不存在，说明这个方向没问题。

══════ BNB SHORT ══════
扫一眼数据，BNB 24h跌了3.7%，接近区间下沿616，但还没到踩底的程度，不算极端追空。ADX 41趋势很强，-DI 35远大于+DI 2，空头主导明确。K线区间616-658，当前629接近下沿，入场价633在区间中部偏下，差0.6%的ATR，一个4h波动就能吃到，不算离谱。费率0.0028%极低，没有极端风险。OI 387M，持仓多空比1.36，大户多空比2.74，散户和大户都偏多，但这不是否决理由，反而说明空头有对手盘。BTC跌2.7%，BNB跌3.7%，明显更弱，属于跟跌但更弱，空头逻辑成立。历史分析中连续三次都放行，且上次否决的理由不存在，说明这个方向没问题。

══════ BNB SHORT ══════
扫一眼数据，BNB 24h跌了3.7%，接近区间下沿616，但还没到踩底的程度，不算极端追空。ADX 41趋势很强，-DI 35远大于+DI 2，空头主导明确。K线区间616-658，当前630接近下沿，入场价633在区间中部偏下，差0.6%的ATR，一个4h波动就能吃到，不算离谱。费率0.0028%极低，没有极端风险。OI 387M，持仓多空比1.36，大户多空比2.74，散户和大户都偏多，但这不是否决理由，反而说明空头有对手盘。BTC跌2.6%，BNB跌3.7%，明显更弱，属于跟跌但更弱，空头逻辑成立。历史分析中连续三次都放行，且上次否决的理由不存在，说明这个方向没问题。

══════ BNB SHORT ══════
扫一眼数据，BNB 24h跌了3.7%，接近区间下沿616，但还没到踩底的程度，不算极端追空。ADX 41趋势很强，-DI 35远大于+DI 2，空头主导明确。K线区间616-658，当前629接近下沿，入场价633在区间中部偏下，差0.7%的ATR，一个4h波动就能吃到，不算离谱。费率0.0028%极低，没有极端风险。OI 387M，持仓多空比1.36，大户多空比2.74，散户和大户都偏多，但这不是否决理由，反而说明空头有对手盘。BTC跌2.7%，BNB跌3.7%，明显更弱，属于跟跌但更弱，空头逻辑成立。历史分析中连续三次都放行，且上次否决的理由不存在，说明这个方向没问题。

══════ BNB SHORT ══════
扫一眼数据，BNB 24h跌了2.9%，不算极端追空，但价格已经接近区间下沿616，离底部不远了，做空的空间有限。ADX 41趋势强，-DI 35远大于+DI 2，空头主导明确，但价格在区间低位，继续下杀的动力可能减弱。入场价633比当前价高0.8%，差0.3倍ATR，一个4h波动就能吃到，不算离谱。费率0.0028%极低，没有极端风险。OI 387M，持仓多空比1.36，大户多空比2.74，散户和大户都偏多，这不是否决理由，但说明空头有对手盘，可能被反拉。BTC跌2.5%，BNB跌2.9%，跟跌但略弱，逻辑成立。历史分析连续三次放行，但这次价格更接近下沿，做

══════ BNB SHORT ══════
扫一眼数据，BNB 24h跌了3.2%，接近区间下沿616，但还没到踩底的程度，不算极端追空。ADX 41趋势很强，-DI 35远大于+DI 2，空头主导明确。K线区间616-658，当前626接近下沿，入场价633在区间中部偏下，差1.0%的ATR，一个4h波动就能吃到，不算离谱。费率0.0028%极低，没有极端风险。OI 387M，持仓多空比1.36，大户多空比2.74，散户和大户都偏多，但这不是否决理由，反而说明空头有对手盘。BTC跌2.8%，BNB跌3.2%，明显更弱，属于跟跌但更弱，空头逻辑成立。历史分析中连续三次都放行，且上次否决的理由不存在，说明这个方向没问题。

══════ BNB SHORT ══════
扫一眼数据，BNB 24h跌了3.1%，不算极端追空，但价格已经接近区间下沿616，离底部不远了，做空的空间有限。ADX 41趋势强，-DI 35远大于+DI 2，空头主导明确，但价格在区间低位，继续下杀的动力可能减弱。入场价633比当前价高0.8%，差0.3倍ATR，一个4h波动就能吃到，不算离谱。费率0.0028%极低，没有极端风险。OI 387M，持仓多空比1.36，大户多空比2.74，散户和大户都偏多，这不是否决理由，但说明空头有对手盘，可能被反拉。BTC跌2.1%，BNB跌3.1%，跟跌但更弱，逻辑成立。历史分析连续三次放行，但这次价格更接近下沿，做

══════ BNB SHORT ══════
扫一眼数据，BNB 24h跌了3.3%，不算极端追空，但价格已经跌到627，离区间下沿616只有1.7%的距离，做空的空间确实有限。ADX 41趋势强，-DI 35远大于+DI 2，空头主导明确，但价格在区间低位，继续下杀的动力可能减弱。入场价633比当前价高0.9%，差0.4倍ATR，一个4h波动就能吃到，不算离谱。费率0.0028%极低，没有极端风险。OI 387M，持仓多空比1.36，大户多空比2.74，散户和大户都偏多，这不是否决理由，但说明空头有对手盘，可能被反拉。BTC跌2.4%，BNB跌3.3%，跟跌但更弱，逻辑成立。历史分析连续三次都放行，且上次

══════ BNB SHORT ══════
扫一眼数据，BNB 24h跌了4%，从657跌到624，跌幅不小但还没到极端追空的程度。ADX 41趋势很强，-DI 35远大于+DI 2，空头主导明确。K线区间616-658，当前624接近下沿，入场价632在区间中部偏下，差1.2%的ATR，一个4h波动就能吃到，不算离谱。费率0.0028%极低，没有极端风险。OI 387M，持仓多空比1.36，大户多空比2.74，散户和大户都偏多，这不是否决理由，但说明空头有对手盘，可能被反拉。BTC跌3.1%，BNB跌4%，跟跌但更弱，空头逻辑成立。

不过，历史分析中连续三次都提到“价格接近区间下沿，做空空间有限”，这次价格624离下沿

══════ BNB SHORT ══════
扫一眼数据，BNB 24h跌了4.1%，从657跌到624，跌幅不小但还没到极端追空的程度。ADX 41趋势很强，-DI 35远大于+DI 2，空头主导明确。K线区间616-658，当前624接近下沿，入场价632在区间中部偏下，差1.2%的ATR，一个4h波动就能吃到，不算离谱。费率0.0028%极低，没有极端风险。OI 387M，持仓多空比1.36，大户多空比2.74，散户和大户都偏多，这不是否决理由，但说明空头有对手盘，可能被反拉。BTC跌3.2%，BNB跌4.1%，跟跌但更弱，空头逻辑成立。

不过，历史分析中连续三次都提到“价格接近区间下沿，做空空间有限”，这次价格

══════ BNB SHORT ══════
扫一眼数据，BNB 24h跌了4.1%，从657跌到622，跌幅不小但还没到极端追空的程度。ADX 41趋势很强，-DI 35远大于+DI 2，空头主导明确。K线区间616-658，当前622已经非常接近下沿616，做空的空间确实很有限，只有不到1%的下跌空间就到区间底部了，而止损设在655，盈亏比不太划算。费率0.0028%极低，没有极端风险。OI 387M，持仓多空比1.36，大户多空比2.74，散户和大户都偏多，这不是否决理由，但说明空头有对手盘，可能被反拉。BTC跌3.2%，BNB跌4.1%，跟跌但更弱，空头逻辑成立。

但历史分析连续三次都提到“价格接近区间下沿，做空空间有限”，

══════ BNB SHORT ══════
扫一眼数据，BNB 24h跌了3.7%，从657跌到622，跌幅不算极端，但价格已经非常接近区间下沿616了。ADX 41趋势很强，-DI 35远大于+DI 2，空头主导明确，但入场价632离当前价622差了1.4%的ATR，这个价差有点大，当前价格已经跌到622，入场价632根本吃不到，除非价格反弹回去。而且历史分析连续三次都提到“价格接近区间下沿，做空空间有限”，这次价格622离下沿616只有不到1%的空间，盈亏比很差，止损设在655，如果反弹到止损，亏损幅度接近5%，而止盈只有616，盈利空间不到1%，完全不划算。费率0.0028%极低，没有极端风险，但入场价差和空间问题太致命了。

REJECTED|入场价差太大，当前价格

══════ BNB SHORT ══════
扫一眼数据，BNB 24h跌了3.6%，从657跌到623，跌幅不算极端，但价格已经非常接近区间下沿616了。ADX 41趋势很强，-DI 35远大于+DI 2，空头主导明确，但入场价632离当前价623差了1.3%的ATR，这个价差依然存在，虽然比历史第1次时小了一点，但当前价格623离下沿616只有1.1%的空间，做空的空间依然很有限。止损设在655，如果反弹到止损，亏损幅度接近5%，而止盈只有616，盈利空间不到1%，盈亏比依然很差。费率0.0028%极低，没有极端风险，但入场价差和空间问题没有根本改善。历史分析连续三次都否决了，这次价格更低了，空间更小了，逻辑上做空更不划算。

REJECTED|入场价差

══════ BNB SHORT ══════
扫一眼数据，BNB 24h跌了4%，从657到622，跌幅不小但还没到极端追空的程度。ADX 41趋势很强，-DI 35远大于+DI 2，空头主导明确。但价格622已经非常接近区间下沿616，做空空间只有不到1%，而止损设在655，盈亏比极差——亏5%赚1%，完全不划算。入场价632离当前价622差了1.4%的ATR，这个价差依然存在，当前价格根本吃不到入场价。历史分析连续三次都否决了，核心问题始终是“价格接近下沿，空间有限”和“入场价差太大”，这次情况没有改善，反而价格更低了，空间更小了。费率0.0028%极低，没有极端风险，但空间和价差问题太致命。

REJECTED|入场价差太大，做空空间不足1%，盈亏比极

══════ BNB SHORT ══════
扫一眼数据，BNB 24h跌了4.2%，从657到622，跌幅不算极端，但价格已经非常接近区间下沿616了。ADX 41趋势很强，-DI 35远大于+DI 2，空头主导明确，但入场价632离当前价622差了1.4%的ATR，这个价差依然存在，当前价格根本吃不到入场价。而且价格622离下沿616只有不到1%的空间，做空空间极其有限，止损设在655，如果反弹到止损，亏损幅度接近5%，而止盈只有616，盈利空间不到1%，盈亏比极差。历史分析连续三次都否决了，核心问题始终是“价格接近下沿，空间有限”和“入场价差太大”，这次情况没有改善，反而价格更低了，空间更小了。费率0.0028%极低，没有极端风险，但空间和价差问题太

══════ BNB SHORT ══════
扫一眼数据，BNB 24h跌了4.5%，从657到616，跌幅不算极端，但价格已经非常接近区间下沿616了。ADX 41趋势很强，-DI 35远大于+DI 2，空头主导明确，但入场价631离当前价622差了1.3%的ATR，这个价差依然存在，当前价格根本吃不到入场价。而且价格622离下沿616只有不到1%的空间，做空空间极其有限，止损设在655，如果反弹到止损，亏损幅度接近5%，而止盈只有616，盈利空间不到1%，盈亏比极差。历史分析连续三次都否决了，核心问题始终是“价格接近下沿，空间有限”和“入场价差太大”，这次情况没有改善，反而价格更低了，空间更小了。费率0.0028%极低，没有极端风险，但空间和价差问题太

══════ BNB SHORT ══════
扫一眼数据，BNB 24h跌了4.6%，从657到616，跌幅不算极端，但价格已经非常接近区间下沿616了。ADX 41趋势很强，-DI 35远大于+DI 2，空头主导明确，但入场价631离当前价621差了1.6%的ATR，这个价差依然存在，当前价格根本吃不到入场价。而且价格621离下沿616只有不到1%的空间，做空空间极其有限，止损设在655，如果反弹到止损，亏损幅度接近5%，而止盈只有616，盈利空间不到1%，盈亏比极差。历史分析连续三次都否决了，核心问题始终是“价格接近下沿，空间有限”和“入场价差太大”，这次情况没有改善，反而价格更低了，空间更小了。费率0.0028%极低，没有极端风险，但空间和价差问题太

══════ BNB SHORT ══════
扫一眼数据，BNB 24h跌了4.7%，从657到616，跌幅不算极端，但价格已经非常接近区间下沿616了。ADX 41趋势很强，-DI 35远大于+DI 2，空头主导明确，但入场价630.87离当前价620.69差了1.6%的ATR，这个价差依然存在，当前价格根本吃不到入场价。而且价格620.69离下沿616只有不到0.8%的空间，做空空间极其有限，止损设在654.87，如果反弹到止损，亏损幅度接近5.5%，而止盈只有616.33，盈利空间不到0.7%，盈亏比极差。历史分析连续三次都否决了，核心问题始终是“价格接近下沿，空间有限”和“入场价差太大”，这次情况没有改善，反而价格更低了，空间更小了。费率0.002

══════ WLD LONG ══════
这币24小时涨了43%，从0.38拉到0.546，已经接近区间高点0.567。虽然ADX很高（56）说明趋势强，+DI远大于-DI，但入场价差只有0.6倍ATR（4.8%），意味着要等回调4.8%才能吃到，而当前价格离区间顶只有3.8%的空间。如果直接追多，止损设在0.456（-16.5%），盈亏比看起来还行，但问题是：这么大的涨幅后，K线是否健康？没有K线细节，但24h涨43%通常伴随放量，如果后续缩量冲高容易砸盘。另外，BTC同期跌3.8%，WLD完全独立，这种背离可能意味着有资金在推，但也可能是短期情绪炒作，一旦情绪退潮容易暴跌。费率0.01%正常，没有极端。入场价差4.8%不算小，

══════ WLD LONG ══════
这币24小时涨了41.6%，从0.38拉到0.54，接近区间高点0.567。ADX 56说明趋势很强，+DI远大于-DI，方向没问题。但问题是：这么大的涨幅，K线是否健康？没有K线细节，但24h涨41%通常伴随放量，如果后续缩量冲高容易砸盘。另外，BTC同期跌3.8%，WLD完全独立，这种背离可能意味着有资金在推，但也可能是短期情绪炒作，一旦情绪退潮容易暴跌。费率0.01%正常，没有极端。入场价差4.2%不算小，但离区间顶只有约4.8%的空间，如果等回调可能吃不到，直接追多又怕追顶。历史分析里上次也否决了类似信号，理由是涨幅过大、K线不明。这次情况没变，还是同样的风险。

REJECTED|24h涨41%

══════ WLD LONG ══════
这币24小时涨了35%，从0.38拉到0.53，接近区间高点0.567。ADX 56说明趋势很强，+DI远大于-DI，方向没问题。但问题是：这么大的涨幅，K线是否健康？没有K线细节，但24h涨35%通常伴随放量，如果后续缩量冲高容易砸盘。另外，BTC同期跌3.7%，WLD完全独立，这种背离可能意味着有资金在推，但也可能是短期情绪炒作，一旦情绪退潮容易暴跌。费率0.01%正常，没有极端。入场价差2.8%不算小，但离区间顶只有约3.6%的空间，如果等回调可能吃不到，直接追多又怕追顶。历史分析里上次也否决了类似信号，理由是涨幅过大、K线不明。这次情况没变，还是同样的风险。

REJECTED|24h涨35%，接近区间

══════ WLD LONG ══════
扫一眼这个信号，WLD 24h涨了34.8%，从0.38拉到0.533，已经接近区间高点0.567。历史分析连续三次否决了类似信号，理由都是涨幅过大、接近区间顶、K线不明。这次情况基本没变：涨幅依然巨大（34.8%），入场价差0.4倍ATR（3.3%）意味着要等回调，但离区间顶只有约6.4%的空间，如果直接追多，止损设在0.45（-15.5%），盈亏比还行，但问题是——这么大的涨幅后，K线是否健康？没有K线细节，但24h涨34.8%通常伴随放量，如果后续缩量冲高容易砸盘。另外，BTC同期跌3.9%，WLD完全独立，这种背离可能意味着有资金在推，但也可能是短期情绪炒作，一旦情绪退潮容易暴跌。费率0

══════ WLD LONG ══════
扫一眼这个信号，WLD 24h涨了35.6%，从0.38拉到0.537，已经接近区间高点0.567。历史分析连续三次否决了类似信号，理由都是涨幅过大、接近区间顶、K线不明。这次情况基本没变：涨幅依然巨大（35.6%），入场价差0.5倍ATR（3.8%）意味着要等回调，但离区间顶只有约5.6%的空间，如果直接追多，止损设在0.45（-15.5%），盈亏比还行，但问题是——这么大的涨幅后，K线是否健康？没有K线细节，但24h涨35.6%通常伴随放量，如果后续缩量冲高容易砸盘。另外，BTC同期跌4.1%，WLD完全独立，这种背离可能意味着有资金在推，但也可能是短期情绪炒作，一旦情绪退潮容易暴跌。费率0

══════ WLD LONG ══════
扫一眼这个信号，WLD 24h涨了34.9%，从0.38拉到0.534，已经接近区间高点0.567。历史分析连续三次否决了类似信号，理由都是涨幅过大、接近区间顶、K线不明。这次情况基本没变：涨幅依然巨大（34.9%），入场价差0.4倍ATR（3.5%）意味着要等回调，但离区间顶只有约6.1%的空间，如果直接追多，止损设在0.45（-15.5%），盈亏比还行，但问题是——这么大的涨幅后，K线是否健康？没有K线细节，但24h涨34.9%通常伴随放量，如果后续缩量冲高容易砸盘。另外，BTC同期跌4.7%，WLD完全独立，这种背离可能意味着有资金在推，但也可能是短期情绪炒作，一旦情绪退潮容易暴跌。费率0

══════ WLD LONG ══════
这信号让我很不安。WLD 24h涨了35.1%，从0.38拉到0.533，已经接近区间高点0.567。历史分析连续三次否决了类似信号，理由都是涨幅过大、接近区间顶、K线不明。这次情况基本没变：涨幅依然巨大（35.1%），入场价差0.4倍ATR（3.4%）意味着要等回调，但离区间顶只有约6.4%的空间，如果直接追多，止损设在0.45（-15.5%），盈亏比还行，但问题是——这么大的涨幅后，K线是否健康？没有K线细节，但24h涨35.1%通常伴随放量，如果后续缩量冲高容易砸盘。另外，BTC同期跌4.4%，WLD完全独立，这种背离可能意味着有资金在推，但也可能是短期情绪炒作，一旦情绪退潮容易暴跌。费率

══════ WLD LONG ══════
扫一眼这个信号，WLD 24h涨了34.9%，从0.38拉到0.537，已经接近区间高点0.567。历史分析连续三次否决了类似信号，理由都是涨幅过大、接近区间顶、K线不明。这次情况基本没变：涨幅依然巨大（34.9%），入场价差0.5倍ATR（3.8%）意味着要等回调，但离区间顶只有约5.6%的空间，如果直接追多，止损设在0.45（-15.5%），盈亏比还行，但问题是——这么大的涨幅后，K线是否健康？没有K线细节，但24h涨34.9%通常伴随放量，如果后续缩量冲高容易砸盘。另外，BTC同期跌5.1%，WLD完全独立，这种背离可能意味着有资金在推，但也可能是短期情绪炒作，一旦情绪退潮容易暴跌。费率0

══════ WLD LONG ══════
这信号让我非常不安。WLD 24h涨了35.7%，从0.38拉到0.537，已经接近区间高点0.567。历史分析连续三次否决了类似信号，理由都是涨幅过大、接近区间顶、K线不明。这次情况基本没变：涨幅依然巨大（35.7%），入场价差0.5倍ATR（3.8%）意味着要等回调，但离区间顶只有约5.6%的空间，如果直接追多，止损设在0.45（-15.5%），盈亏比还行，但问题是——这么大的涨幅后，K线是否健康？没有K线细节，但24h涨35.7%通常伴随放量，如果后续缩量冲高容易砸盘。另外，BTC同期跌5.6%，WLD完全独立，这种背离可能意味着有资金在推，但也可能是短期情绪炒作，一旦情绪退潮容易暴跌。费率

══════ WLD LONG ══════
扫一眼这个信号，WLD 24h涨了34.9%，从0.38拉到0.539，已经非常接近区间高点0.567。历史分析连续三次否决了类似信号，理由都是涨幅过大、接近区间顶、K线不明。这次情况基本没变：涨幅依然巨大（34.9%），入场价差0.5倍ATR（4.0%）意味着要等回调，但离区间顶只有约5.2%的空间，如果直接追多，止损设在0.452（-15.5%），盈亏比还行，但问题是——这么大的涨幅后，K线是否健康？没有K线细节，但24h涨34.9%通常伴随放量，如果后续缩量冲高容易砸盘。另外，BTC同期跌5.6%，WLD完全独立，这种背离可能意味着有资金在推，但也可能是短期情绪炒作，一旦情绪退潮容易暴跌。费率

══════ WLD LONG ══════
这信号让我非常不安。WLD 24h涨了33.9%，从0.38拉到0.534，已经非常接近区间高点0.567。历史分析连续三次否决了类似信号，理由都是涨幅过大、接近区间顶、K线不明。这次情况基本没变：涨幅依然巨大（33.9%），入场价差0.4倍ATR（3.5%）意味着要等回调，但离区间顶只有约6.1%的空间，如果直接追多，止损设在0.45（-15.5%），盈亏比还行，但问题是——这么大的涨幅后，K线是否健康？没有K线细节，但24h涨33.9%通常伴随放量，如果后续缩量冲高容易砸盘。另外，BTC同期跌5.5%，WLD完全独立，这种背离可能意味着有资金在推，但也可能是短期情绪炒作，一旦情绪退潮容易暴跌。

══════ WLD LONG ══════
扫一眼这个信号，WLD 24h涨了31.1%，从0.38拉到0.567，已经摸到区间高点。历史分析连续三次否决了类似信号，理由都是涨幅过大、接近区间顶、K线不明。这次情况基本没变：涨幅依然巨大（31.1%），入场价差0.3倍ATR（2.4%）意味着要等回调，但离区间顶只有约8%的空间，如果直接追多，止损设在0.447（-14.8%），盈亏比还行，但问题是——这么大的涨幅后，K线是否健康？没有K线细节，但24h涨31.1%通常伴随放量，如果后续缩量冲高容易砸盘。另外，BTC同期跌5.8%，WLD完全独立，这种背离可能意味着有资金在推，但也可能是短期情绪炒作，一旦情绪退潮容易暴跌。费率0.01%正常

══════ WLD LONG ══════
这信号让我很纠结。WLD 24h涨了32.7%，从0.38拉到0.525，已经非常接近区间高点0.567。历史分析连续三次否决了类似信号，理由都是涨幅过大、接近区间顶、K线不明。这次情况基本没变：涨幅依然巨大（32.7%），入场价差0.3倍ATR（2.4%）意味着要等回调，但离区间顶只有约8%的空间，如果直接追多，止损设在0.447（-14.8%），盈亏比还行，但问题是——这么大的涨幅后，K线是否健康？没有K线细节，但24h涨32.7%通常伴随放量，如果后续缩量冲高容易砸盘。另外，BTC同期跌5.1%，WLD完全独立，这种背离可能意味着有资金在推，但也可能是短期情绪炒作，一旦情绪退潮容易暴跌。费率0

══════ WLD LONG ══════
扫一眼这个信号，WLD 24h涨了32.7%，从0.38拉到0.53，已经非常接近区间高点0.567。历史分析连续三次否决了类似信号，理由都是涨幅过大、接近区间顶、K线不明。这次情况基本没变：涨幅依然巨大（32.7%），入场价差0.4倍ATR（2.9%）意味着要等回调，但离区间顶只有约7%的空间，如果直接追多，止损设在0.448（-15.4%），盈亏比还行，但问题是——这么大的涨幅后，K线是否健康？没有K线细节，但24h涨32.7%通常伴随放量，如果后续缩量冲高容易砸盘。另外，BTC同期跌5.1%，WLD完全独立，这种背离可能意味着有资金在推，但也可能是短期情绪炒作，一旦情绪退潮容易暴跌。费率0.

══════ ZEC LONG ══════
扫一眼数据，ZEC 24h只跌了0.2%，而BTC跌了5.3%，明显是独立走势，有资金在扛。ADX=48，+DI=23远大于-DI=4，趋势很强，不是假突破那种。入场价差0.3ATR，1.6%，很合理，正常波动就能吃到。费率-0.0415%正常，不极端。历史第1次否决是因为24h涨了11.5%追高，现在24h是跌的，那个风险已经不存在了。K线没给具体形态，但ADX和DI组合说明趋势健康。没有看到明显隐患。

CONFIRMED|独立走势，趋势强，入场价合理，可以进

══════ WLD LONG ══════
这信号让我很警惕。WLD 24h涨了31.8%，从0.38拉到0.567，已经摸到区间高点。历史分析连续三次否决了类似信号，理由都是涨幅过大、接近区间顶、K线不明。这次情况基本没变：涨幅依然巨大（31.8%），入场价差0.3倍ATR（2.4%）意味着要等回调，但离区间顶只有约8%的空间，如果直接追多，止损设在0.447（-14.8%），盈亏比还行，但问题是——这么大的涨幅后，K线是否健康？没有K线细节，但24h涨31.8%通常伴随放量，如果后续缩量冲高容易砸盘。另外，BTC同期跌5.4%，WLD完全独立，这种背离可能意味着有资金在推，但也可能是短期情绪炒作，一旦情绪退潮容易暴跌。费率0.01%

══════ WLD LONG ══════
这信号让我很纠结。WLD 24h涨了33%，从0.38拉到0.567，已经摸到区间高点。历史分析连续三次否决了类似信号，理由都是涨幅过大、接近区间顶、K线不明。这次情况基本没变：涨幅依然巨大（33%），入场价差0.3倍ATR（2.4%）意味着要等回调，但离区间顶只有约8%的空间，如果直接追多，止损设在0.447（-14.8%），盈亏比还行，但问题是——这么大的涨幅后，K线是否健康？没有K线细节，但24h涨33%通常伴随放量，如果后续缩量冲高容易砸盘。另外，BTC同期跌5.3%，WLD完全独立，这种背离可能意味着有资金在推，但也可能是短期情绪炒作，一旦情绪退潮容易暴跌。费率0.01%正常，OI和持仓比

══════ WLD LONG ══════
这信号让我非常警惕。WLD 24h涨了33%，从0.38拉到0.525，已经接近区间高点0.567。历史分析连续三次否决了类似信号，理由都是涨幅过大、接近区间顶、K线不明。这次情况基本没变：涨幅依然巨大（33%），入场价差0.3倍ATR（2.4%）意味着要等回调，但离区间顶只有约8%的空间。虽然BTC同期跌5.4%，WLD完全独立，这种背离可能意味着有资金在推，但24h涨33%通常伴随放量，如果后续缩量冲高容易砸盘。费率0.01%正常，OI和持仓多空比没有极端值，但核心风险是：这么大的涨幅后，K线是否健康？没有K线细节，但直觉告诉我，这种独立走势在情绪退潮时容易暴跌，而且连续三次被否决，说明这个方向本身

══════ WLD LONG ══════
这信号让我非常警惕。WLD 24h涨了30.1%，从0.38拉到0.567，已经摸到区间高点。历史分析连续三次否决了类似信号，理由都是涨幅过大、接近区间顶、K线不明。这次情况基本没变：涨幅依然巨大（30.1%），入场价差0.3倍ATR（2.4%）意味着要等回调，但离区间顶只有约8%的空间。虽然BTC同期跌6%，WLD完全独立，这种背离可能意味着有资金在推，但24h涨30%通常伴随放量，如果后续缩量冲高容易砸盘。费率0.01%正常，OI和持仓多空比没有极端值，但核心风险是：这么大的涨幅后，K线是否健康？没有K线细节，但直觉告诉我，这种独立走势在情绪退潮时容易暴跌，而且连续三次被否决，说明这个方向本身

══════ WLD LONG ══════
这信号让我很纠结。WLD 24h涨了28.3%，从0.38拉到0.567，已经摸到区间高点。历史分析连续三次否决了类似信号，理由都是涨幅过大、接近区间顶、K线不明。这次情况基本没变：涨幅依然巨大（28.3%），入场价差0.1倍ATR（1.1%）意味着要等回调，但离区间顶只有约8%的空间。虽然BTC同期跌6.5%，WLD完全独立，这种背离可能意味着有资金在推，但24h涨28%通常伴随放量，如果后续缩量冲高容易砸盘。费率0.01%正常，OI和持仓多空比没有极端值，但核心风险是：这么大的涨幅后，K线是否健康？没有K线细节，但直觉告诉我，这种独立走势在情绪退潮时容易暴跌，而且连续三次被否决，说明这个

══════ WLD LONG ══════
这信号让我很纠结。WLD 24h涨了28.1%，从0.38拉到0.517，已经接近区间高点0.567。历史分析连续三次否决了类似信号，理由都是涨幅过大、接近区间顶、K线不明。这次情况基本没变：涨幅依然巨大（28.1%），入场价差0.2倍ATR（1.4%）意味着要等回调，但离区间顶只有约8%的空间。虽然BTC同期跌6.5%，WLD完全独立，这种背离可能意味着有资金在推，但24h涨28%通常伴随放量，如果后续缩量冲高容易砸盘。费率0.01%正常，OI和持仓多空比没有极端值，但核心风险是：这么大的涨幅后，K线是否健康？没有K线细节，但直觉告诉我，这种独立走势在情绪退潮时容易暴跌，而且连续三次被否决，

══════ WLD LONG ══════
这信号让我很警惕。WLD 24h涨了30.4%，从0.38拉到0.567，已经摸到区间高点。历史分析连续三次否决了类似信号，理由都是涨幅过大、接近区间顶、K线不明。这次情况基本没变：涨幅依然巨大（30.4%），入场价差0.2倍ATR（1.7%）意味着要等回调，但离区间顶只有约8%的空间。虽然BTC同期跌6%，WLD完全独立，这种背离可能意味着有资金在推，但24h涨30%通常伴随放量，如果后续缩量冲高容易砸盘。费率0.01%正常，OI和持仓多空比没有极端值，但核心风险是：这么大的涨幅后，K线是否健康？没有K线细节，但直觉告诉我，这种独立走势在情绪退潮时容易暴跌，而且连续三次被否决，说明这个方向本身

══════ WLD LONG ══════
这信号让我非常警惕。WLD 24h涨了32.6%，从0.38拉到0.567，已经摸到区间高点。历史分析连续三次否决了类似信号，理由都是涨幅过大、接近区间顶、K线不明。这次情况基本没变：涨幅依然巨大（32.6%），入场价差0.3倍ATR（2.3%）意味着要等回调，但离区间顶只有约8%的空间。虽然BTC同期跌5.8%，WLD完全独立，这种背离可能意味着有资金在推，但24h涨32%通常伴随放量，如果后续缩量冲高容易砸盘。费率0.01%正常，OI和持仓多空比没有极端值，但核心风险是：这么大的涨幅后，K线是否健康？没有K线细节，但直觉告诉我，这种独立走势在情绪退潮时容易暴跌，而且连续三次被否决，说明这个

══════ WLD LONG ══════
这信号让我非常警惕。WLD 24h涨了33.7%，从0.38拉到0.567，已经摸到区间高点。历史分析连续三次否决了类似信号，理由都是涨幅过大、接近区间顶、K线不明。这次情况基本没变：涨幅依然巨大（33.7%），入场价差0.3倍ATR（2.5%）意味着要等回调，但离区间顶只有约8%的空间。虽然BTC同期跌5.5%，WLD完全独立，这种背离可能意味着有资金在推，但24h涨33%通常伴随放量，如果后续缩量冲高容易砸盘。费率0.01%正常，OI和持仓多空比没有极端值，但核心风险是：这么大的涨幅后，K线是否健康？没有K线细节，但直觉告诉我，这种独立走势在情绪退潮时容易暴跌，而且连续三次被否决，说明这个

══════ WLD LONG ══════
这信号让我非常警惕。WLD 24h涨了32.8%，从0.38拉到0.567，已经摸到区间高点。历史分析连续三次否决了类似信号，理由都是涨幅过大、接近区间顶、K线不明。这次情况基本没变：涨幅依然巨大（32.8%），入场价差0.3倍ATR（2.3%）意味着要等回调，但离区间顶只有约8%的空间。虽然BTC同期跌6%，WLD完全独立，这种背离可能意味着有资金在推，但24h涨32%通常伴随放量，如果后续缩量冲高容易砸盘。费率0.01%正常，OI和持仓多空比没有极端值，但核心风险是：这么大的涨幅后，K线是否健康？没有K线细节，但直觉告诉我，这种独立走势在情绪退潮时容易暴跌，而且连续三次被否决，说明这个方向本身

══════ WLD LONG ══════
这信号让我非常纠结。WLD 24h涨了30.4%，从0.38拉到0.567，已经摸到区间高点，历史分析连续三次否决了类似信号，理由都是涨幅过大、接近区间顶。但这次有个关键变化：入场价差从之前的0.3倍ATR（2.3%）缩小到了0.2倍ATR（1.6%），说明入场点更接近当前价格，回调需求更小。而且BTC同期跌7.1%，WLD完全独立，这种背离确实有资金在推。但核心风险没变：24h涨30%+，K线是否健康？没有K线细节，但直觉告诉我，这种独立走势在情绪退潮时容易暴跌，而且连续三次被否决，说明这个方向本身可能就不对。费率0.01%正常，OI和持仓多空比没有极端值，但高位追多风险太大。

REJECTED|

══════ WLD LONG ══════
这信号让我很纠结。WLD 24h涨了28.6%，从0.38拉到0.567，已经摸到区间高点，历史分析连续三次否决了类似信号，理由都是涨幅过大、接近区间顶。但这次有个关键变化：入场价差从之前的0.3倍ATR（2.3%）缩小到了0.0倍ATR（0.4%），说明入场点几乎就是当前价格，不需要等回调，而且BTC同期跌7.1%，WLD完全独立，这种背离确实有资金在推。但核心风险没变：24h涨28%+，K线是否健康？没有K线细节，但直觉告诉我，这种独立走势在情绪退潮时容易暴跌，而且连续三次被否决，说明这个方向本身可能就不对。费率0.01%正常，OI和持仓多空比没有极端值，但高位追多风险太大。

REJECTED|高位

══════ WLD LONG ══════
好，扫一眼这个信号。

WLD 24h涨了20.3%，从0.38拉到0.567，现在价格0.473，已经回落了不少，不是在高位追。入场价0.4589，比现价低约3%，价差0.3倍ATR，合理。止损0.3878，止盈0.567，盈亏比不错。

BTC同期跌8.2%，WLD完全独立，说明有资金在推，不是跟风盘。费率0.01%正常，OI和持仓多空比没有极端值，大户多空比1.3987，偏多但不算极端。

历史分析连续三次否决，但理由都是“涨幅过大、接近区间顶”。现在价格已经从区间顶0.567回落了18%，不再是追顶。而且之前否决时入场价差越来越小，说明信号在变好，但当时K线不明。现在价格回落，风险释放了一

══════ ZEC LONG ══════
扫一眼数据，ZEC 24h跌了8.6%，BTC也跌了8.2%，两者基本同步，不是独立走势，但也不算背离。ADX=45，+DI=20，-DI=11，趋势方向偏多但+DI不算特别强，说明空头还有一定抵抗。入场价差0.0×ATR，说明价格正好在入场价，没有滑点问题。费率-0.0415%正常，不极端。OI价值$374.8M，持仓多空比0.7222，大户多空比0.5113，空头略多但不算极端，没有主力反向操作的明显迹象。

历史第2次否决是因为24h涨了11.5%追高，现在24h是跌的，那个风险不存在了。历史第1次和第3次都确认了，说明这个品种在类似条件下有过成功案例。K线没给具体形态，

══════ ZEC LONG ══════
ZEC 24h跌了6.3%，BTC跌了7.2%，ZEC跌幅小于BTC，属于相对抗跌的独立走势，不是追空踩底的问题。ADX=45，+DI=20，-DI=11，趋势偏多但+DI不算特别强，说明空头还有抵抗，但整体方向没问题。入场价差0.0×ATR，价格正好在入场价，没有滑点问题。费率-0.0415%正常，不极端。OI价值$374.8M，持仓多空比0.7222，大户多空比0.5113，空头略多但不算极端，没有主力反向操作的明显迹象。

历史分析：上次否决是因为24h涨了11.5%追高，现在24h是跌的，那个风险不存在了。历史第2次和第1次都确认了，说明这个品种在类似条件下有过成功案例。K

══════ WLD LONG ══════
好，扫一眼这个信号。

WLD 24h涨了25.5%，从0.38拉到0.567，现在价格0.492，已经回落了约13%，不是直接追在最高点。入场价0.4765，比现价低约3.1%，价差0.3倍ATR，合理。止损0.4053，止盈0.567，盈亏比约2.5:1，不错。

BTC同期跌7.2%，WLD完全独立，说明有资金在推，不是跟风盘。费率0.01%正常，OI和持仓多空比没有极端值，大户多空比1.3987，偏多但不算极端。

历史分析连续三次否决，但理由都是“涨幅过大、接近区间顶”。现在价格已经从区间顶0.567回落了13%，不再是追顶。而且之前否决时入场价差越来越小，说明信号在变好，

══════ WLD LONG ══════
好，扫一眼这个信号。

WLD 24h涨了28.1%，从0.38拉到0.567，现在价格0.5007，已经回落了约12%，不是直接追在最高点。入场价0.500212，几乎就是现价，价差0.0倍ATR，说明信号很紧，不需要等回调。止损0.429，止盈0.567，盈亏比约2.5:1，不错。

BTC同期跌6.6%，WLD完全独立，说明有资金在推，不是跟风盘。费率0.01%正常，OI和持仓多空比没有极端值，大户多空比1.3987，偏多但不算极端。

历史分析连续三次否决，但理由都是“涨幅过大、接近区间顶”。现在价格已经从区间顶0.567回落了12%，不再是追顶。而且之前否决时入场价差越来越小，说明信号在

══════ ZEC LONG ══════
扫一眼数据，ZEC 24h跌了6.0%，BTC跌了6.6%，两者跌幅接近，属于同步下跌，不是独立走势，但也不算背离。ADX=45，+DI=20，-DI=11，趋势偏多但+DI不算特别强，说明空头还有一定抵抗，不过整体方向没问题。入场价差0.0×ATR，价格正好在入场价，没有滑点问题。费率-0.0415%正常，不极端。OI价值$374.8M，持仓多空比0.7222，大户多空比0.5113，空头略多但不算极端，没有主力反向操作的明显迹象。

历史分析：最近3次信号中，第1次和第3次都确认了，第2次否决但理由（24h涨11.5%追高）现在已不存在。当前24h是跌的，没有追高风险。

══════ WLD LONG ══════
好，扫一眼这个信号。

WLD 24h涨了27.5%，从0.38拉到0.567，现在价格0.4998，已经回落了约12%，不是直接追在最高点。入场价0.478，比现价低约4.3%，价差0.5倍ATR，合理。止损0.4069，止盈0.567，盈亏比约2.5:1，不错。

BTC同期跌6.6%，WLD完全独立，说明有资金在推，不是跟风盘。费率0.01%正常，OI和持仓多空比没有极端值，大户多空比1.3987，偏多但不算极端。

历史分析连续三次否决，但理由都是“涨幅过大、接近区间顶”。现在价格已经从区间顶0.567回落了12%，不再是追顶。而且之前否决时入场价差越来越小，说明信号在变好，

══════ ZEC LONG ══════
扫一眼数据，ZEC 24h跌了4.6%，BTC跌了6.6%，ZEC明显抗跌，属于独立走势，不是追空踩底的问题。ADX=45，+DI=20，-DI=11，趋势偏多但+DI不算特别强，说明空头还有抵抗，但整体方向没问题。入场价差0.1×ATR，价格基本能吃到，没有滑点问题。费率-0.0415%正常，不极端。OI价值$374.8M，持仓多空比0.7222，大户多空比0.5113，空头略多但不算极端，没有主力反向操作的明显迹象。历史分析：最近3次信号中，第1次和第3次都确认了，第2次否决但理由（24h涨11.5%追高）现在已不存在。当前24h是跌的，没有追高风险。K

══════ WLD LONG ══════
好，扫一眼这个信号。

WLD 24h涨了27.4%，从0.3814拉到0.567，现在价格0.4975，已经回落了约12%，不是直接追在最高点。入场价0.4776，比现价低约4%，价差0.4倍ATR，合理。止损0.4065，止盈0.567，盈亏比约2.5:1，不错。

BTC同期跌5.5%，WLD完全独立，说明有资金在推，不是跟风盘。费率0.01%正常，OI和持仓多空比没有极端值，大户多空比1.3987，偏多但不算极端。

历史分析连续三次否决，但理由都是“涨幅过大、接近区间顶”。现在价格已经从区间顶0.567回落了12%，不再是追顶。而且之前否决时入场价差越来越小，说明信号在变好，

══════ ZEC LONG ══════
扫一眼数据，ZEC 24h跌了4.7%，BTC跌了5.6%，ZEC跌幅小于BTC，属于相对抗跌的独立走势，不是追空踩底的问题。ADX=45，+DI=20，-DI=11，趋势偏多但+DI不算特别强，说明空头还有抵抗，但整体方向没问题。入场价差0.0×ATR，价格正好在入场价，没有滑点问题。费率-0.0415%正常，不极端。OI价值$374.8M，持仓多空比0.7222，大户多空比0.5113，空头略多但不算极端，没有主力反向操作的明显迹象。历史分析中，上次否决是因为24h涨11.5%追高，现在24h是跌的，那个风险不存在了，且历史第1次和第3次都确认过，说明这个品种在类似条件下

══════ WLD LONG ══════
好，扫一眼这个信号。

WLD 24h涨了28.1%，从0.38拉到0.567，现在价格0.5064，已经回落了约11%，不是直接追在最高点。入场价0.50639，几乎就是现价，价差0.0倍ATR，说明信号很紧，不需要等回调。止损0.435，止盈0.567，盈亏比约2.5:1，不错。

BTC同期跌5.5%，WLD完全独立，说明有资金在推，不是跟风盘。费率0.01%正常，OI和持仓多空比没有极端值，大户多空比1.3987，偏多但不算极端。

历史分析连续三次否决，但理由都是“涨幅过大、接近区间顶”。现在价格已经从区间顶0.567回落了11%，不再是追顶。而且之前否决时入场价差越来越小，说明信号在

══════ ZEC LONG ══════
扫一眼数据，ZEC 24h跌了5.3%，BTC跌了5.5%，两者跌幅几乎一致，属于同步下跌，不是独立走势，但也不是背离。ADX=45，+DI=20，-DI=11，趋势偏多但+DI不算特别强，说明空头还有抵抗，不过整体方向没问题。入场价差0.0×ATR，价格正好在入场价，没有滑点问题。费率-0.0415%正常，不极端。OI价值$374.8M，持仓多空比0.7222，大户多空比0.5113，空头略多但不算极端，没有主力反向操作的明显迹象。

历史分析：最近3次信号中，第1次和第3次都确认了，第2次否决但理由（24h涨11.5%追高）现在已不存在。当前24h是跌的，没有追高风险。

══════ WLD LONG ══════
好，扫一眼这个信号。

WLD 24h涨了30.4%，从0.38拉到0.567，现在价格0.5124，已经回落了约10%，不是直接追在最高点。入场价0.5082，比现价低约0.8%，价差0.1倍ATR，很紧，说明信号捕捉的是当前价格，不需要等回调。止损0.437，止盈0.567，盈亏比约2.5:1，不错。

BTC同期跌5.2%，WLD完全独立，说明有资金在推，不是跟风盘。费率0.01%正常，OI和持仓多空比没有极端值，大户多空比1.3987，偏多但不算极端。

历史分析连续三次否决，但理由都是“涨幅过大、接近区间顶”。现在价格已经从区间顶0.567回落了约10%，不再是追顶。而且之前否决

══════ ZEC LONG ══════
扫一眼数据，ZEC 24h跌了4.7%，BTC跌了5.2%，ZEC跌幅略小于BTC，属于相对抗跌的独立走势，不是追空踩底的问题。ADX=45，+DI=20，-DI=11，趋势偏多但+DI不算特别强，说明空头还有抵抗，但整体方向没问题。入场价差0.2×ATR，价格基本能吃到，没有滑点问题。费率-0.0415%正常，不极端。OI价值$374.8M，持仓多空比0.7222，大户多空比0.5113，空头略多但不算极端，没有主力反向操作的明显迹象。历史分析中，最近3次信号有2次确认、1次否决（追高），当前24h是跌的，追高风险不存在，且历史确认过的信号在类似条件下表现稳定。K线形态没有明显

══════ WLD LONG ══════
好，扫一眼这个信号。

WLD 24h涨了32%，从0.3814拉到0.567，现在价格0.5156，已经回落了约9%，不是直接追在最高点。入场价0.5092，比现价低约1.2%，价差0.1倍ATR，很紧，说明信号捕捉的是当前价格，不需要等回调。止损0.438，止盈0.567，盈亏比约2.5:1，不错。

BTC同期跌5.2%，WLD完全独立，说明有资金在推，不是跟风盘。费率0.01%正常，OI和持仓多空比没有极端值，大户多空比1.3987，偏多但不算极端。

历史分析连续三次否决，但理由都是“涨幅过大、接近区间顶”。现在价格已经从区间顶0.567回落了9%，不再是追顶。而且之前否决时入场

══════ ZEC LONG ══════
扫一眼数据，ZEC 24h跌了5.0%，BTC跌了5.2%，两者跌幅几乎一致，属于同步下跌，不是独立走势，但也不是背离。ADX=45，+DI=20，-DI=11，趋势偏多但+DI不算特别强，说明空头还有抵抗，不过整体方向没问题。入场价差0.1×ATR，价格基本能吃到，没有滑点问题。费率-0.0415%正常，不极端。OI价值$374.8M，持仓多空比0.7222，大户多空比0.5113，空头略多但不算极端，没有主力反向操作的明显迹象。历史分析中，最近3次信号有2次确认、1次否决（追高），当前24h是跌的，追高风险不存在，且历史确认过的信号在类似条件下表现稳定。K线形态没有明显异常，没有长上

══════ BTC SHORT ══════
扫一眼数据，BTC 24h跌了5.2%，跌幅比之前几次都大，但还没到10%的极端低位追空阈值。ADX 86，-DI 49，空头趋势非常强，但ADX这么高确实要警惕趋势衰竭或加速反转——历史分析里已经因为这个确认过三次，这次ADX更高了，但价格还在跌，没有衰竭迹象。费率0.0027%正常，OI价值稳定，多空比和大户多空比偏多，但不算极端，不是否决理由。入场价差0.7ATR，比之前几次大一点，但还在合理范围内，能吃到。K线没给具体形态，但整体空头趋势明确，没有看到新的异常风险。唯一让我有点不安的是24h跌幅5.2%已经不小，但还没到需要否决的程度。

CONFIRMED|空头趋势明确，入场合理

══════ WLD LONG ══════
好，扫一眼这个信号。

WLD 24h涨了32%，从0.38拉到0.567，现在价格0.5176，已经回落了约9%，不是直接追在最高点。入场价0.5105，比现价低约1.4%，价差0.2倍ATR，很紧，说明信号捕捉的是当前价格，不需要等回调。止损0.439，止盈0.567，盈亏比约2.5:1，不错。

BTC同期跌5.1%，WLD完全独立，说明有资金在推，不是跟风盘。费率0.01%正常，OI和持仓多空比没有极端值，大户多空比1.3987，偏多但不算极端。

历史分析连续三次否决，但理由都是“涨幅过大、接近区间顶”。现在价格已经从区间顶0.567回落了9%，不再是追顶。而且之前否决时入场价

══════ ZEC LONG ══════
扫一眼数据，ZEC 24h跌了4.7%，BTC跌了5.1%，ZEC跌幅略小于BTC，属于相对抗跌的独立走势，不是追空踩底的问题。ADX=45，+DI=20，-DI=11，趋势偏多但+DI不算特别强，说明空头还有抵抗，但整体方向没问题。入场价差0.2×ATR，价格基本能吃到，没有滑点问题。费率-0.0415%正常，不极端。OI价值$374.8M，持仓多空比0.7222，大户多空比0.5113，空头略多但不算极端，没有主力反向操作的明显迹象。历史分析中，最近3次信号有2次确认、1次否决（追高），当前24h是跌的，追高风险不存在，且历史确认过的信号在类似条件下表现稳定。K线形态没有明显

══════ WLD LONG ══════
好，扫一眼这个信号。

WLD 24h涨了33.2%，从0.38拉到0.567，现在价格0.5219，已经回落了约8%，不是直接追在最高点。入场价0.5117，比现价低约2%，价差0.2倍ATR，很紧，说明信号捕捉的是当前价格，不需要等回调。止损0.4406，止盈0.567，盈亏比约2.5:1，不错。

BTC同期跌4.8%，WLD完全独立，说明有资金在推，不是跟风盘。费率0.01%正常，OI和持仓多空比没有极端值，大户多空比1.3987，偏多但不算极端。

历史分析连续三次否决，但理由都是“涨幅过大、接近区间顶”。现在价格已经从区间顶0.567回落了约8%，不再是追顶。而且之前否决时

══════ ZEC LONG ══════
扫一眼数据，ZEC 24h跌了4.6%，BTC跌了4.8%，两者跌幅几乎一致，属于同步下跌，不是独立走势，但也不是背离。ADX=45，+DI=20，-DI=11，趋势偏多但+DI不算特别强，说明空头还有抵抗，不过整体方向没问题。入场价差0.2×ATR，价格基本能吃到，没有滑点问题。费率-0.0415%正常，不极端。OI价值$374.8M，持仓多空比0.7222，大户多空比0.5113，空头略多但不算极端，没有主力反向操作的明显迹象。历史分析中，最近3次信号有2次确认、1次否决（追高），当前24h是跌的，追高风险不存在，且历史确认过的信号在类似条件下表现稳定。K线形态没有明显异常，没有长上

══════ WLD LONG ══════
好，扫一眼这个信号。

WLD 24h涨了34%，从0.3814拉到0.567，现在价格0.5242，已经回落了约7.5%，不是直接追在最高点。入场价0.5124，比现价低约2.3%，价差0.2倍ATR，很紧，说明信号捕捉的是当前价格，不需要等回调。止损0.4412，止盈0.567，盈亏比约2.5:1，不错。

BTC同期跌5.2%，WLD完全独立，说明有资金在推，不是跟风盘。费率0.01%正常，OI和持仓多空比没有极端值，大户多空比1.3987，偏多但不算极端。

历史分析连续三次否决，但理由都是“涨幅过大、接近区间顶”。现在价格已经从区间顶0.567回落了7.5%，不再是追顶。

══════ ZEC LONG ══════
扫一眼数据，ZEC 24h跌了4.5%，BTC跌了5.1%，ZEC跌幅略小于BTC，属于相对抗跌的独立走势，不是追空踩底的问题。ADX=45，+DI=20，-DI=11，趋势偏多但+DI不算特别强，说明空头还有抵抗，但整体方向没问题。入场价差0.1×ATR，价格基本能吃到，没有滑点问题。费率-0.0415%正常，不极端。OI价值$374.8M，持仓多空比0.7222，大户多空比0.5113，空头略多但不算极端，没有主力反向操作的明显迹象。历史分析中，最近3次信号有2次确认、1次否决（追高），当前24h是跌的，追高风险不存在，且历史确认过的信号在类似条件下表现稳定。K线形态没有明显

══════ WLD LONG ══════
好，扫一眼这个信号。

WLD 24h涨了32%，从0.38拉到0.567，现在价格0.5202，已经回落了约8.3%，不是直接追在最高点。入场价0.5108，比现价低约1.8%，价差0.2倍ATR，很紧，说明信号捕捉的是当前价格，不需要等回调。止损0.4397，止盈0.567，盈亏比约2.5:1，不错。

BTC同期跌5.1%，WLD完全独立，说明有资金在推，不是跟风盘。费率0.01%正常，OI和持仓多空比没有极端值，大户多空比1.3987，偏多但不算极端。

历史分析连续三次否决，但理由都是“涨幅过大、接近区间顶”。现在价格已经从区间顶0.567回落了约8.3%，不再是追顶。

══════ ZEC LONG ══════
扫一眼数据，ZEC 24h跌了6%，BTC跌了5%，ZEC跌幅略大于BTC，属于同步下跌但ZEC更弱，不是独立走势，但也不是背离。ADX=45，+DI=20，-DI=11，趋势偏多但+DI不算特别强，说明空头还有抵抗，不过整体方向没问题。入场价差0.0×ATR，价格完全能吃到，没有滑点问题。费率-0.0415%正常，不极端。OI价值$374.8M，持仓多空比0.7222，大户多空比0.5113，空头略多但不算极端，没有主力反向操作的明显迹象。历史分析中，最近3次信号全部确认，且当前24h是跌的，追高风险不存在，历史确认过的信号在类似条件下表现稳定。K线形态没有明显异常，没有长上影或假突破迹象。

══════ ZEC LONG ══════
扫一眼数据，ZEC 24h跌了4.9%，BTC跌了4.4%，两者跌幅接近，属于同步下跌，不是独立走势，但也不是背离。ADX=45，+DI=20，-DI=11，趋势偏多但+DI不算特别强，说明空头还有抵抗，不过整体方向没问题。入场价差0.2×ATR，价格基本能吃到，没有滑点问题。费率-0.0415%正常，不极端。OI价值$374.8M，持仓多空比0.7222，大户多空比0.5113，空头略多但不算极端，没有主力反向操作的明显迹象。历史分析中，最近3次信号有2次确认、1次否决（追高），当前24h是跌的，追高风险不存在，且历史确认过的信号在类似条件下表现稳定。K线形态没有明显异常，没有长上影

══════ WLD LONG ══════
好，扫一眼这个信号。

WLD 24h涨了41.9%，从0.38拉到0.567，现在价格0.5605，离区间顶0.567只差1.2%，基本就是贴着顶在跑。入场价0.5246，比现价低约6.4%，价差0.7倍ATR，不算特别紧，但也不算离谱。止损0.4521，止盈0.567，盈亏比约1.2:1，偏低，止盈只比入场高8%，而止损有13.8%的距离，这个盈亏比不太理想。

BTC同期跌4.3%，WLD完全独立，说明有资金在推，不是跟风盘。费率0.01%正常，OI和持仓多空比没有极端值，大户多空比1.3987，偏多但不算极端。

历史分析连续三次否决，理由都是“涨幅过大、接近

══════ WLD LONG ══════
好，扫一眼这个信号。

WLD 24h涨了41.7%，从0.3814拉到0.567，现在价格0.5589，离区间顶0.567只差1.4%，基本就是贴着顶在跑。入场价0.5241，比现价低约6.2%，价差0.7倍ATR，不算特别紧，但也不算离谱。止损0.4517，止盈0.567，盈亏比约1.2:1，偏低，止盈只比入场高8%，而止损有13.8%的距离，这个盈亏比不太理想。

BTC同期跌3.8%，WLD完全独立，说明有资金在推，不是跟风盘。费率0.01%正常，OI和持仓多空比没有极端值，大户多空比1.3987，偏多但不算极端。

历史分析连续三次否决，理由都是“涨幅过大、

══════ ZEC LONG ══════
扫一眼数据，ZEC 24h跌了4%，BTC跌了3.8%，两者跌幅几乎同步，ZEC略弱一点，不是独立走势，但也不是背离。ADX=45，+DI=20，-DI=11，趋势偏多但+DI不算强，说明空头还有抵抗，不过方向没问题。入场价差0.1×ATR，价格基本能吃到，没有滑点问题。费率-0.0415%正常，不极端。OI价值$374.8M，持仓多空比0.7222，大户多空比0.5113，空头略多但不算极端，没有主力反向操作的迹象。历史分析中，最近3次信号全部确认，且当前24h是跌的，追高风险不存在，历史表现稳定。K线形态没有明显异常，没有长上影或假突破迹象。整体感觉没什么问题，可以放行。

CONFIRMED

══════ WLD LONG ══════
好，扫一眼这个信号。

WLD 24h涨了39.6%，从0.3814拉到0.567，现在价格0.5529，离区间顶0.567只差2.5%，基本还是贴着顶。入场价0.5224，比现价低约5.5%，价差0.6倍ATR，不算特别紧，但也不算离谱。止损0.4497，止盈0.567，盈亏比约1.2:1，偏低，止盈只比入场高8.5%，而止损有13.9%的距离，这个盈亏比不太理想。

BTC同期跌3.8%，WLD完全独立，说明有资金在推，不是跟风盘。费率0.01%正常，OI和持仓多空比没有极端值，大户多空比1.3987，偏多但不算极端。

历史分析连续三次否决，理由都是“涨幅过大、

══════ WLD LONG ══════
好，扫一眼这个信号。

WLD 24h涨了43.6%，从0.3814拉到0.567，现在价格0.5615，离区间顶0.567只差0.97%，基本就是贴着顶在跑。入场价0.5248，比现价低约6.5%，价差0.8倍ATR，不算特别紧，但也不算离谱。止损0.4521，止盈0.567，盈亏比约1.2:1，偏低，止盈只比入场高8%，而止损有13.8%的距离，这个盈亏比不太理想。

BTC同期跌3.5%，WLD完全独立，说明有资金在推，不是跟风盘。费率0.01%正常，OI和持仓多空比没有极端值，大户多空比1.3987，偏多但不算极端。

历史分析连续三次否决，理由都是“涨幅过大、

══════ WLD LONG ══════
好，扫一眼这个信号。

WLD 24h涨了41.4%，从0.3814拉到0.567，现在价格0.5549，离区间顶0.567只差2.2%，基本还是贴着顶在跑。入场价0.5218，比现价低约6.0%，价差0.7倍ATR，不算特别紧，但也不算离谱。止损0.4491，止盈0.567，盈亏比约1.2:1，偏低，止盈只比入场高8.7%，而止损有13.9%的距离，这个盈亏比不太理想。

BTC同期跌3.8%，WLD完全独立，说明有资金在推，不是跟风盘。费率0.01%正常，OI和持仓多空比没有极端值，大户多空比1.3987，偏多但不算极端。

历史分析连续三次否决，理由都是“涨幅

══════ WLD LONG ══════
好，扫一眼这个信号。

WLD 24h涨了39%，从0.3814拉到0.567，现在价格0.5453，离区间顶0.567只差3.8%，还是贴着顶。入场价0.5188，比现价低约4.9%，价差0.5倍ATR，不算太离谱。止损0.446，止盈0.567，盈亏比约1.2:1，偏低，止盈只比入场高9.3%，而止损有14%的距离，这个盈亏比不太理想。

BTC同期跌3.4%，WLD完全独立，说明有资金在推，不是跟风盘。费率0.01%正常，OI和持仓多空比没有极端值，大户多空比1.3987，偏多但不算极端。

历史分析连续三次否决，理由都是“涨幅过大、贴着顶、盈亏比差”。这次情况基本

══════ WLD LONG ══════
好，扫一眼这个信号。

WLD 24h涨了38.8%，从0.3814拉到0.567，现在价格0.5424，离区间顶0.567只差4.3%，还是贴着顶。入场价0.5184，比现价低约4.4%，价差0.5倍ATR，不算太离谱。止损0.4457，止盈0.567，盈亏比约1.2:1，偏低，止盈只比入场高9.4%，而止损有14%的距离，这个盈亏比不太理想。

BTC同期跌2.4%，WLD完全独立，说明有资金在推，不是跟风盘。费率0.01%正常，OI和持仓多空比没有极端值，大户多空比1.3987，偏多但不算极端。

历史分析连续三次否决，理由都是“涨幅过大、贴着顶、盈亏比差”。

══════ WLD LONG ══════
好，扫一眼这个信号。

WLD 24h涨了38.2%，从0.3814拉到0.567，现在价格0.5385，离区间顶0.567只差5%，还是贴着顶。入场价0.5173，比现价低约3.9%，价差0.4倍ATR，不算太离谱。止损0.4446，止盈0.567，盈亏比约1.2:1，偏低，止盈只比入场高9.6%，而止损有14%的距离，这个盈亏比不太理想。

BTC同期跌2.4%，WLD完全独立，说明有资金在推，不是跟风盘。费率0.01%正常，OI和持仓多空比没有极端值，大户多空比1.3987，偏多但不算极端。

历史分析连续三次否决，理由都是“涨幅过大、贴着顶、盈亏比差”。这次情况

══════ WLD LONG ══════
好，扫一眼这个信号。WLD 24h涨了42.3%，从0.3814拉到0.567，现在价格0.548，离区间顶0.567只差3.3%，还是贴着顶。入场价0.5202，比现价低约5.1%，价差0.6倍ATR，不算太离谱。止损0.4475，止盈0.567，盈亏比约1.2:1，偏低，止盈只比入场高9%，而止损有14%的距离，这个盈亏比不太理想。

BTC同期跌2.1%，WLD完全独立，说明有资金在推，不是跟风盘。费率0.01%正常，OI和持仓多空比没有极端值，大户多空比1.3987，偏多但不算极端。

历史分析连续三次否决，理由都是“涨幅过大、贴着顶、盈亏比差”。这次情况基本

══════ WLD LONG ══════
好，扫一眼这个信号。

WLD 24h涨了40.8%，从0.3814拉到0.567，现在价格0.5389，离区间顶0.567只差4.9%，还是贴着顶。入场价0.5177，比现价低约3.9%，价差0.4倍ATR，不算太离谱。止损0.445，止盈0.567，盈亏比约1.2:1，偏低，止盈只比入场高9.5%，而止损有14%的距离，这个盈亏比不太理想。

BTC同期跌2.1%，WLD完全独立，说明有资金在推，不是跟风盘。费率0.01%正常，OI和持仓多空比没有极端值，大户多空比1.3987，偏多但不算极端。

历史分析连续三次否决，理由都是“涨幅过大、贴着顶、盈亏比差”。这次

══════ WLD LONG ══════
好，扫一眼这个信号。WLD 24h涨了41.8%，从0.3814拉到0.567，现在价格0.5437，离区间顶0.567只差4.1%，还是贴着顶。入场价0.5189，比现价低约4.6%，价差0.5倍ATR，不算太离谱。止损0.4461，止盈0.567，盈亏比约1.2:1，偏低，止盈只比入场高9.3%，而止损有14%的距离，这个盈亏比不太理想。

BTC同期跌2.2%，WLD完全独立，说明有资金在推，不是跟风盘。费率0.01%正常，OI和持仓多空比没有极端值，大户多空比1.3987，偏多但不算极端。

历史分析连续三次否决，理由都是“涨幅过大、贴着顶、盈亏比差”。

══════ BNB SHORT ══════
扫一眼数据，BNB 24h跌了2.1%，从611到588，跌幅不算极端，但价格已经非常接近区间下沿588了。ADX 77趋势极强，-DI 35远大于+DI 3，空头主导明确，但入场价599.88离当前价592.6差了1.2%的ATR，这个价差依然存在，当前价格根本吃不到入场价。而且价格592.6离下沿588只有不到0.8%的空间，做空空间极其有限，止损设在623.94，如果反弹到止损，亏损幅度接近4%，而止盈只有588.33，盈利空间不到0.8%，盈亏比极差。历史分析连续三次都否决了，核心问题始终是“价格接近下沿，空间有限”和“入场价差太大”，这次情况没有改善，反而价格更低了，空间更小了。费率0.0%

══════ BNB SHORT ══════
扫一眼数据，BNB 24h跌了2.6%，从611到588，跌幅不算极端，但价格已经非常接近区间下沿588了。ADX 77趋势极强，-DI 35远大于+DI 3，空头主导明确，但入场价599离当前价589.76差了1.6%的ATR，这个价差依然存在，当前价格根本吃不到入场价。而且价格589.76离下沿588只有不到0.3%的空间，做空空间极其有限，止损设在623.44，如果反弹到止损，亏损幅度接近4%，而止盈只有588.33，盈利空间不到0.3%，盈亏比极差。历史分析连续三次都否决了，核心问题始终是“价格接近下沿，空间有限”和“入场价差太大”，这次情况没有改善，反而价格更低了，空间更小了。费率0.0%正常，

══════ BNB SHORT ══════
扫一眼数据，BNB 24h跌了2.8%，从611到588，跌幅不算极端，但价格已经非常接近区间下沿585了。ADX 77趋势极强，-DI 36远大于+DI 3，空头主导明确，但入场价598.48离当前价588.29差了1.7%的ATR，这个价差依然存在，当前价格根本吃不到入场价。而且价格588.29离下沿585只有不到0.6%的空间，做空空间极其有限，止损设在623.3，如果反弹到止损，亏损幅度接近4%，而止盈只有585，盈利空间不到0.6%，盈亏比极差。历史分析连续三次都否决了，核心问题始终是“价格接近下沿，空间有限”和“入场价差太大”，这次情况没有改善，反而价格更低了，空间更小了。费率0.0%正常，

══════ BNB SHORT ══════
这信号我扫一眼，BNB 24h跌了3.2%，从611到585，跌幅不算极端但价格已经砸到区间下沿585附近了。ADX 77趋势极强，-DI 36远大于+DI 3，空头主导明确，但入场价597.71离当前价586.08差了1.9%的ATR，这个价差依然存在，当前价格根本吃不到入场价。而且价格586.08离下沿585只有不到0.2%的空间，做空空间极其有限，止损设在622.54，如果反弹到止损，亏损幅度接近4%，而止盈只有585，盈利空间不到0.2%，盈亏比极差。历史分析连续三次都否决了，核心问题始终是“价格接近下沿，空间有限”和“入场价差太大”，这次情况没有改善，反而价格更低了，空间更小了。费率0.0%

══════ BNB SHORT ══════
扫一眼数据，BNB 24h跌了3.4%，从611到583，跌幅不算极端，但价格已经砸到区间下沿583.59附近了。ADX 77趋势极强，-DI 37远大于+DI 3，空头主导明确，但入场价596.94离当前价583.97差了2.2%的ATR，这个价差依然存在，当前价格根本吃不到入场价。而且价格583.97离下沿583.59只有不到0.07%的空间，做空空间几乎为零，止损设在621.91，如果反弹到止损，亏损幅度接近4%，而止盈只有583.59，盈利空间不到0.1%，盈亏比极差。历史分析连续三次都否决了，核心问题始终是“价格接近下沿，空间有限”和“入场价差太大”，这次情况没有改善，反而价格更低了，空间更小了。

══════ BNB SHORT ══════
扫一眼数据，BNB 24h跌了4.2%，从611到580，跌幅比之前几次都大，但价格已经砸到区间下沿580附近了。ADX 77趋势极强，-DI 38远大于+DI 3，空头主导明确，但入场价596.25离当前价581.75差了2.5%的ATR，这个价差依然存在，当前价格根本吃不到入场价。而且价格581.75离下沿580.23只有不到0.3%的空间，做空空间极其有限，止损设在621.59，如果反弹到止损，亏损幅度接近4%，而止盈只有580.23，盈利空间不到0.3%，盈亏比极差。历史分析连续三次都否决了，核心问题始终是“价格接近下沿，空间有限”和“入场价差太大”，这次情况没有改善，反而价格更低了，空间更小了

══════ SOL SHORT ══════
这单是空单，SOL 24h跌了6%，不算极端低位追空，但ADX高达82，说明趋势非常强，-DI=39远大于+DI=5，空头主导。不过价格已经跌到区间底部附近（$65.6是低点），入场价在$67.85，比当前价高2.4%，相当于要等反弹再进，这个价差0.7ATR不算小，如果行情继续急跌可能根本吃不到入场。另外，费率、OI、多空比数据缺失，无法判断主力动向或费率极端情况，但K线看24h从$71.18跌到$66.23，跌幅接近7%，如果是一根大阴线砸下来，短期可能有反弹风险，空单追在低位容易被反抽打止损。整体感觉趋势对但入场位置偏被动，反弹力度不确定。

REJECTED|入场价差偏大，

══════ BNB SHORT ══════
扫一眼数据，BNB 24h跌了3.7%，从611到580，价格已经砸到区间下沿580.23附近了。ADX 77趋势极强，-DI 38远大于+DI 3，空头主导明确，但入场价597.22离当前价584.67差了2.1%的ATR，这个价差依然存在，当前价格根本吃不到入场价。而且价格584.67离下沿580.23只有不到0.8%的空间，做空空间极其有限，止损设在622.55，如果反弹到止损，亏损幅度接近4%，而止盈只有580.23，盈利空间不到0.8%，盈亏比极差。历史分析连续三次都否决了，核心问题始终是“价格接近下沿，空间有限”和“入场价差太大”，这次情况没有改善，反而价格更低了，空间更小了。费率0.0%

══════ SOL SHORT ══════
这单是SOL的空单，24h跌了6.5%，从$71.18跌到$66.07，接近区间底部$65.6。ADX高达82，-DI=39远大于+DI=5，空头趋势非常强，但价格已经跌到区间下沿附近，再往下就是$65.6的支撑位。24h跌幅不算极端（-6.5%），但接近底部追空有踩底风险——如果这里是短期底部，反弹可能直接打止损。

入场价$67.8比当前价$66.07高2.6%，相当于要等反弹再进，而当前趋势是急跌，反弹力度不确定。如果行情继续下探，可能根本吃不到入场价。止损设在$71.41，距离入场价约5.3%，空间还算合理，但止盈$65.6只比当前价低0.7%，盈亏比很差（约

══════ BNB SHORT ══════
扫一眼数据，BNB 24h跌了4.5%，从611到580，价格已经砸到区间下沿580.23附近了。ADX 77趋势极强，-DI 38远大于+DI 3，空头主导明确，但入场价596.03离当前价581.42差了2.5%的ATR，这个价差依然存在，当前价格根本吃不到入场价。而且价格581.42离下沿580.23只有不到0.2%的空间，做空空间极其有限，止损设在621.36，如果反弹到止损，亏损幅度接近4%，而止盈只有580.23，盈利空间不到0.2%，盈亏比极差。历史分析连续三次都否决了，核心问题始终是“价格接近下沿，空间有限”和“入场价差太大”，这次情况没有改善，反而价格更低了，空间更小了。费率0.0%

══════ SOL SHORT ══════
好的，扫一眼这个SOL的空单信号。

这币24h跌了7.3%，从71.18砸到65.58，已经接近区间底部了。ADX 82，-DI 39远大于+DI 5，空头趋势确实强，但价格已经跌到这个份上，再往下就是65.54的支撑位。上次否决的理由是“入场价差偏大，接近底部追空有踩底风险”，现在看这个风险依然存在——价格就在区间底部附近，如果这里是短期底，反弹一下就能把止损打掉。

入场价67.63比当前价65.58高了3.1%，相当于要等反弹3%再进，而当前是急跌趋势，反弹力度不确定。如果行情继续下探，可能根本吃不到入场价。止损71.25距离入场约5.3%，空间还行，但止盈65.54只比当前价低0.04%，

══════ BNB SHORT ══════
扫一眼数据，BNB 24h跌了5.7%，从611到575，已经跌破了之前三次历史分析中反复提到的区间下沿580。价格现在就在575.52附近，入场价594.4离当前价差了1.1倍ATR（3.2%），这个价差依然存在，当前价格根本吃不到入场价。而且价格已经砸到575.52这个止盈位附近，做空空间几乎为零——止盈就在眼前，但入场价还高高在上。止损设在620.24，如果反弹到止损，亏损幅度接近4%，而止盈只有575.52，盈利空间不到0.3%，盈亏比极差。历史分析连续三次都否决了，核心问题始终是“价格接近下沿，空间有限”和“入场价差太大”，这次价格更低、空间更小，问题没有改善。费率0.0%正常，但这不是关键。

REJECTED

══════ SOL SHORT ══════
好的，扫一眼这个SOL的空单。

这币24h跌了8.3%，从71.06砸到64.89，已经跌到区间底部了。ADX 82，-DI 40远大于+DI 5，空头趋势确实强，但价格已经跌到这个份上，再往下就是64.89的支撑位。历史分析连续三次否决，理由都是“入场价差偏大，接近底部追空有踩底风险”，现在看这个风险依然存在——价格就在区间底部附近，如果这里是短期底，反弹一下就能把止损打掉。

入场价67.43比当前价64.96高了3.8%，相当于要等反弹3.8%再进，而当前是急跌趋势，反弹力度不确定。如果行情继续下探，可能根本吃不到入场价。止损71.12距离入场约5.4%，空间还行，但止盈64.89只比当前

══════ BNB SHORT ══════
扫一眼数据，BNB 24h跌了6.2%，从610砸到571，已经跌破了之前反复提到的580下沿。ADX 77趋势极强，-DI 40远大于+DI 3，空头主导明确，但价格已经砸到571.42，离入场价592.81差了3.7%的ATR，这个价差依然存在，当前价格根本吃不到入场价。而且价格已经跌到571.42这个止盈位附近——止盈就在眼前，但入场价还高高在上。止损设在619.13，如果反弹到止损，亏损幅度接近4.7%，而止盈只有571.0，盈利空间几乎为零，盈亏比极差。历史分析连续三次都否决了，核心问题始终是“价格接近下沿，空间有限”和“入场价差太大”，这次价格更低、空间更小，问题没有改善。费率0.0%

══════ BNB SHORT ══════
扫一眼数据，BNB 24h跌了5.1%，从610砸到576，已经跌破了之前反复提到的580下沿。ADX 77趋势极强，-DI 40远大于+DI 3，空头主导明确，但价格已经砸到576.39，离入场价594.57差了3.2%的ATR，这个价差依然存在，当前价格根本吃不到入场价。而且价格已经跌到576.39，离止盈570.32只有1%的空间，但入场价还高高在上。止损设在620.97，如果反弹到止损，亏损幅度接近4%，而止盈只有570.32，盈利空间不到1%，盈亏比极差。历史分析连续三次都否决了，核心问题始终是“价格接近下沿，空间有限”和“入场价差太大”，这次价格更低、空间更小，问题没有改善。费率0.0%正常

══════ BNB SHORT ══════
扫一眼数据，BNB 24h跌了4.7%，从610砸到577，已经跌破了之前反复提到的580下沿。ADX 77趋势极强，-DI 40远大于+DI 3，空头主导明确，但价格已经砸到577.99，离入场价595.00差了2.9%的ATR，这个价差依然存在，当前价格根本吃不到入场价。而且价格已经跌到577.99，离止盈570.32只有1.3%的空间，但入场价还高高在上。止损设在621.40，如果反弹到止损，亏损幅度接近4%，而止盈只有570.32，盈利空间不到1.3%，盈亏比极差。历史分析连续三次都否决了，核心问题始终是“价格接近下沿，空间有限”和“入场价差太大”，这次价格更低、空间更小，问题没有改善。费率0

══════ SOL SHORT ══════
好的，扫一眼这个SOL的空单。

这币24h跌了8.4%，从71.06砸到64.69，已经跌到区间底部了。ADX 82，-DI 42远大于+DI 5，空头趋势确实强，但价格已经跌到这个份上，再往下就是63.74的支撑位。历史分析连续三次否决，理由都是“入场价差偏大，接近底部追空有踩底风险”，现在看这个风险依然存在——价格就在区间底部附近，如果这里是短期底，反弹一下就能把止损打掉。

入场价67.32比当前价64.69高了4.1%，相当于要等反弹4.1%再进，而当前是急跌趋势，反弹力度不确定。如果行情继续下探，可能根本吃不到入场价。止损71.13距离入场约5.6%，空间还行，但止盈63.74只比当前

══════ BNB SHORT ══════
扫一眼数据，BNB 24h跌了4.8%，从610砸到578，已经跌破了之前反复提到的580下沿。ADX 77趋势极强，-DI 40远大于+DI 3，空头主导明确，但价格已经砸到578.08，离入场价595.05差了2.9%的ATR，这个价差依然存在，当前价格根本吃不到入场价。而且价格已经跌到578.08，离止盈570.32只有1.3%的空间，但入场价还高高在上。止损设在621.45，如果反弹到止损，亏损幅度接近4%，而止盈只有570.32，盈利空间不到1.3%，盈亏比极差。历史分析连续三次都否决了，核心问题始终是“价格接近下沿，空间有限”和“入场价差太大”，这次价格更低、空间更小，问题没有改善。费率0

══════ SOL SHORT ══════
好的，扫一眼这个SOL的空单信号。

这币24h跌了8.5%，从70.96砸到63.74，已经跌到区间底部了。ADX 82，-DI 42远大于+DI 5，空头趋势确实强，但价格已经跌到这个份上，再往下就是63.74的支撑位。历史分析连续三次否决，理由都是“入场价差偏大，接近底部追空有踩底风险”，现在看这个风险依然存在——价格就在区间底部附近，如果这里是短期底，反弹一下就能把止损打掉。

入场价67.40比当前价64.90高了3.9%，相当于要等反弹3.9%再进，而当前是急跌趋势，反弹力度不确定。如果行情继续下探，可能根本吃不到入场价。止损71.22距离入场约5.6%，空间还行，但止盈63.74只比

══════ BNB SHORT ══════
扫一眼数据，BNB 24h跌了4.1%，从610砸到583，已经跌破了之前反复提到的580下沿。ADX 77趋势极强，-DI 40远大于+DI 3，空头主导明确，但价格已经砸到583.1，离入场价596.69差了2.3%的ATR，这个价差依然存在，当前价格根本吃不到入场价。而且价格已经跌到583.1，离止盈570.32只有2.2%的空间，但入场价还高高在上。止损设在623.09，如果反弹到止损，亏损幅度接近4.5%，而止盈只有570.32，盈利空间不到2.2%，盈亏比极差。历史分析连续三次都否决了，核心问题始终是“价格接近下沿，空间有限”和“入场价差太大”，这次价格更低、空间更小，问题没有改善。

══════ SOL SHORT ══════
好的，扫一眼这个SOL的空单。

这币24h跌了8.1%，从70.88砸到65.15，已经跌到区间底部附近了。ADX 82，-DI 42远大于+DI 5，空头趋势确实强，但价格已经跌到这个份上，再往下就是63.74的支撑位。历史分析连续三次否决，理由都是“入场价差偏大，接近底部追空有踩底风险”，现在看这个风险依然存在——价格就在区间底部附近，如果这里是短期底，反弹一下就能把止损打掉。

入场价67.49比当前价65.15高了3.6%，相当于要等反弹3.6%再进，而当前是急跌趋势，反弹力度不确定。如果行情继续下探，可能根本吃不到入场价。止损71.31距离入场约5.6%，空间还行，但止盈63.74只比

══════ BNB SHORT ══════
扫一眼数据，BNB 24h跌了4.2%，从610砸到580，已经跌破了之前反复提到的580下沿。ADX 77趋势极强，-DI 40远大于+DI 3，空头主导明确，但价格已经砸到580.44，离入场价595.82差了2.6%的ATR，这个价差依然存在，当前价格根本吃不到入场价。而且价格已经跌到580.44，离止盈570.32只有1.7%的空间，但入场价还高高在上。止损设在622.21，如果反弹到止损，亏损幅度接近4%，而止盈只有570.32，盈利空间不到1.7%，盈亏比极差。历史分析连续三次都否决了，核心问题始终是“价格接近下沿，空间有限”和“入场价差太大”，这次价格更低、空间更小，问题没有改善。费率0

══════ SOL SHORT ══════
好的，扫一眼这个SOL的空单。

这币24h跌了8.1%，从70.68砸到64.86，已经跌到区间底部附近了。ADX 82，-DI 42远大于+DI 5，空头趋势确实强，但价格已经跌到这个份上，再往下就是63.74的支撑位。历史分析连续三次否决，理由都是“入场价差偏大，接近底部追空有踩底风险”，现在看这个风险依然存在——价格就在区间底部附近，如果这里是短期底，反弹一下就能把止损打掉。

入场价67.39比当前价64.86高了3.9%，相当于要等反弹3.9%再进，而当前是急跌趋势，反弹力度不确定。如果行情继续下探，可能根本吃不到入场价。止损71.20距离入场约5.6%，空间还行，但止盈63.74只比

══════ BNB SHORT ══════
扫一眼数据，BNB 24h跌了4.2%，从610砸到580，已经跌破了之前反复提到的580下沿。ADX 77趋势极强，-DI 40远大于+DI 3，空头主导明确，但价格已经砸到580.49，离入场价595.93差了2.7%的ATR，这个价差依然存在，当前价格根本吃不到入场价。而且价格已经跌到580.49，离止盈570.32只有1.7%的空间，但入场价还高高在上。止损设在622.33，如果反弹到止损，亏损幅度接近4%，而止盈只有570.32，盈利空间不到1.7%，盈亏比极差。历史分析连续三次都否决了，核心问题始终是“价格接近下沿，空间有限”和“入场价差太大”，这次价格更低、空间更小，问题没有改善。费率0

══════ SOL SHORT ══════
好的，扫一眼这个SOL的空单信号。

这币24h跌了7.6%，从70.6砸到63.74，已经跌到区间底部了。ADX 82，-DI 42远大于+DI 5，空头趋势确实强，但价格已经跌到这个份上，再往下就是63.74的支撑位。历史分析连续三次否决，理由都是“入场价差偏大，接近底部追空有踩底风险”，现在看这个风险依然存在——价格就在区间底部附近，如果这里是短期底，反弹一下就能把止损打掉。

入场价67.47比当前价65.10高了3.6%，相当于要等反弹3.6%再进，而当前是急跌趋势，反弹力度不确定。如果行情继续下探，可能根本吃不到入场价。止损71.29距离入场约5.6%，空间还行，但止盈63.74只比

══════ BNB SHORT ══════
扫一眼数据，BNB 24h跌了4.3%，从610砸到579，已经跌破了580这个关键下沿。ADX 77趋势极强，-DI 40远大于+DI 3，空头主导明确，但价格已经砸到579.81，离入场价595.53差了2.7%的ATR，这个价差依然存在，当前价格根本吃不到入场价。而且价格已经跌到579.81，离止盈570.32只有1.6%的空间，但入场价还高高在上。止损设在621.93，如果反弹到止损，亏损幅度接近4%，而止盈只有570.32，盈利空间不到1.6%，盈亏比极差。历史分析连续三次都否决了，核心问题始终是“价格接近下沿，空间有限”和“入场价差太大”，这次价格更低、空间更小，问题没有改善。费率正常，

══════ SOL SHORT ══════
好的，扫一眼这个SOL的空单。

这币24h跌了7.6%，从70.6砸到64.99，已经跌到区间底部附近了。ADX 82，-DI 42远大于+DI 5，空头趋势确实强，但价格已经跌到这个份上，再往下就是63.74的支撑位。历史分析连续三次否决，理由都是“入场价差偏大，接近底部追空有踩底风险”，现在看这个风险依然存在——价格就在区间底部附近，如果这里是短期底，反弹一下就能把止损打掉。

入场价67.43比当前价64.99高了3.8%，相当于要等反弹3.8%再进，而当前是急跌趋势，反弹力度不确定。如果行情继续下探，可能根本吃不到入场价。止损71.24距离入场约5.6%，空间还行，但止盈63.74只比

══════ BNB SHORT ══════
扫一眼数据，BNB 24h跌了4.5%，从610砸到578，已经跌破了580这个关键下沿。ADX 77趋势极强，-DI 40远大于+DI 3，空头主导明确，但价格已经砸到578.11，离入场价595.09差了2.9%的ATR，这个价差依然存在，当前价格根本吃不到入场价。而且价格已经跌到578.11，离止盈570.32只有1.4%的空间，但入场价还高高在上。止损设在621.48，如果反弹到止损，亏损幅度接近4%，而止盈只有570.32，盈利空间不到1.4%，盈亏比极差。历史分析连续三次都否决了，核心问题始终是“价格接近下沿，空间有限”和“入场价差太大”，这次价格更低、空间更小，问题没有改善。费率正常，

══════ BNB SHORT ══════
扫一眼数据，BNB 24h跌了4.1%，从610砸到578，已经跌破了580这个关键下沿。ADX 77趋势极强，-DI 40远大于+DI 3，空头主导明确，但价格已经砸到578.34，离入场价595.03差了2.9%的ATR，这个价差依然存在，当前价格根本吃不到入场价。而且价格已经跌到578.34，离止盈570.32只有1.4%的空间，但入场价还高高在上。止损设在621.43，如果反弹到止损，亏损幅度接近4%，而止盈只有570.32，盈利空间不到1.4%，盈亏比极差。历史分析连续三次都否决了，核心问题始终是“价格接近下沿，空间有限”和“入场价差太大”，这次价格更低、空间更小，问题没有改善。费率正常，

══════ BNB SHORT ══════
扫一眼数据，BNB 24h跌了4.5%，从610砸到574，已经跌破了580这个关键下沿。ADX 77趋势极强，-DI 40远大于+DI 3，空头主导明确，但价格已经砸到574.83，离入场价593.93差了3.3%的ATR，这个价差依然存在，当前价格根本吃不到入场价。而且价格已经跌到574.83，离止盈570.32只有0.8%的空间，但入场价还高高在上。止损设在620.33，如果反弹到止损，亏损幅度接近4%，而止盈只有570.32，盈利空间不到0.8%，盈亏比极差。历史分析连续三次都否决了，核心问题始终是“价格接近下沿，空间有限”和“入场价差太大”，这次价格更低、空间更小，问题没有改善。费率正常，

══════ BNB SHORT ══════
扫一眼数据，BNB 24h跌了3.7%，从610砸到579，已经跌破了580这个关键下沿。ADX 77趋势极强，-DI 40远大于+DI 3，空头主导明确，但价格已经砸到579.19，离入场价595.40差了2.8%的ATR，这个价差依然存在，当前价格根本吃不到入场价。而且价格已经跌到579.19，离止盈570.32只有1.6%的空间，但入场价还高高在上。止损设在621.80，如果反弹到止损，亏损幅度接近4%，而止盈只有570.32，盈利空间不到1.6%，盈亏比极差。历史分析连续三次都否决了，核心问题始终是“价格接近下沿，空间有限”和“入场价差太大”，这次价格更低、空间更小，问题没有改善。费率正常，

══════ BNB SHORT ══════
扫一眼数据，BNB 24h跌了3.1%，从610砸到582，已经跌破了580这个关键下沿。ADX 77趋势极强，-DI 40远大于+DI 3，空头主导明确，但价格已经砸到582，离入场价596.39差了2.5%的ATR，这个价差依然存在，当前价格根本吃不到入场价。而且价格已经跌到582，离止盈570.32只有2%的空间，但入场价还高高在上。止损设在622.79，如果反弹到止损，亏损幅度接近4%，而止盈只有570.32，盈利空间不到2%，盈亏比极差。历史分析连续三次都否决了，核心问题始终是“价格接近下沿，空间有限”和“入场价差太大”，这次价格更低、空间更小，问题没有改善。费率正常，OI正常，多空比略有分歧

══════ SOL SHORT ══════
好的，扫一眼这个SOL的空单。

这币24h跌了6.7%，从70.6砸到64.81，已经跌到区间底部附近了。ADX 82，-DI 42远大于+DI 5，空头趋势确实强，但价格已经跌到这个份上，再往下就是63.74的支撑位。历史分析连续三次否决，理由都是“入场价差偏大，接近底部追空有踩底风险”，现在看这个风险依然存在——价格就在区间底部附近，如果这里是短期底，反弹一下就能把止损打掉。

入场价67.39比当前价64.81高了4.0%，相当于要等反弹4%再进，而当前是急跌趋势，反弹力度不确定。如果行情继续下探，可能根本吃不到入场价。止损71.20距离入场约5.6%，空间还行，但止盈63.74只比当前价

══════ BNB SHORT ══════
扫一眼数据，BNB 24h跌了2.8%，从610砸到584，已经跌破了580这个关键下沿。ADX 77趋势极强，-DI 40远大于+DI 3，空头主导明确，但价格已经砸到584.76，离入场价597.26差了2.1%的ATR，这个价差依然存在，当前价格根本吃不到入场价。而且价格已经跌到584.76，离止盈570.32只有2.5%的空间，但入场价还高高在上。止损设在623.65，如果反弹到止损，亏损幅度接近4%，而止盈只有570.32，盈利空间不到2.5%，盈亏比极差。历史分析连续三次都否决了，核心问题始终是“价格接近下沿，空间有限”和“入场价差太大”，这次价格更低、空间更小，问题没有改善。费率正常，

══════ SOL SHORT ══════
好的，扫一眼这个SOL的空单。

这币24h跌了5.8%，从70.6砸到65.59，已经跌到区间底部附近了。ADX 82，-DI 42远大于+DI 5，空头趋势确实强，但价格已经跌到这个份上，再往下就是63.74的支撑位。历史分析连续三次否决，理由都是“入场价差偏大，接近底部追空有踩底风险”，现在看这个风险依然存在——价格就在区间底部附近，如果这里是短期底，反弹一下就能把止损打掉。

入场价67.64比当前价65.59高了3.1%，相当于要等反弹3.1%再进，而当前是急跌趋势，反弹力度不确定。如果行情继续下探，可能根本吃不到入场价。止损71.45距离入场约5.6%，空间还行，但止盈63.74只比

══════ BNB SHORT ══════
扫一眼数据，BNB 24h跌了2.1%，从610砸到590，已经跌破了580这个关键下沿。ADX 77趋势极强，-DI 40远大于+DI 3，空头主导明确，但价格已经砸到590.57，离入场价599.09差了1.4%的ATR，这个价差依然存在，当前价格根本吃不到入场价。而且价格已经跌到590.57，离止盈570.32只有3.5%的空间，但入场价还高高在上。止损设在625.49，如果反弹到止损，亏损幅度接近4.4%，而止盈只有570.32，盈利空间不到3.5%，盈亏比依然很差。历史分析连续三次都否决了，核心问题始终是“价格接近下沿，空间有限”和“入场价差太大”，这次价格更低、空间更小，问题没有改善。费率

══════ SOL SHORT ══════
好的，扫一眼这个SOL的空单。

这币24h跌了5.4%，从70.6砸到65.99，已经跌到区间底部附近了。ADX 82，-DI 42远大于+DI 5，空头趋势确实强，但价格已经跌到这个份上，再往下就是63.74的支撑位。历史分析连续三次否决，理由都是“入场价差偏大，接近底部追空有踩底风险”，现在看这个风险依然存在——价格就在区间底部附近，如果这里是短期底，反弹一下就能把止损打掉。

入场价67.75比当前价65.99高了2.7%，相当于要等反弹2.7%再进，而当前是急跌趋势，反弹力度不确定。如果行情继续下探，可能根本吃不到入场价。止损71.56距离入场约5.6%，空间还行，但止盈63.74只比

══════ BNB SHORT ══════
扫一眼数据，BNB 24h跌了2.2%，从610砸到589，已经跌破了580这个关键下沿。ADX 77趋势极强，-DI 40远大于+DI 3，空头主导明确，但价格已经砸到589，离入场价598.67差了1.6%的ATR，这个价差依然存在，当前价格根本吃不到入场价。而且价格已经跌到589，离止盈570.32只有3.3%的空间，但入场价还高高在上。止损设在625.07，如果反弹到止损，亏损幅度接近4.4%，而止盈只有570.32，盈利空间不到3.3%，盈亏比依然很差。历史分析连续三次都否决了，核心问题始终是“价格接近下沿，空间有限”和“入场价差太大”，这次价格更低、空间更小，问题没有改善。费率正常，OI正常

══════ SOL SHORT ══════
好的，扫一眼这个SOL的空单。

这币24h跌了5.7%，从70.6砸到65.9，已经跌到区间底部附近了。ADX 82，-DI 42远大于+DI 5，空头趋势确实强，但价格已经跌到这个份上，再往下就是63.74的支撑位。历史分析连续三次否决，理由都是“入场价差偏大，接近底部追空有踩底风险”，现在看这个风险依然存在——价格就在区间底部附近，如果这里是短期底，反弹一下就能把止损打掉。

入场价67.74比当前价65.9高了2.8%，相当于要等反弹2.8%再进，而当前是急跌趋势，反弹力度不确定。如果行情继续下探，可能根本吃不到入场价。止损71.55距离入场约5.6%，空间还行，但止盈63.74只比

══════ BNB SHORT ══════
扫一眼数据，BNB 24h跌了2.2%，从610砸到590，已经跌破了580这个关键下沿。ADX 77趋势极强，-DI 40远大于+DI 3，空头主导明确，但价格已经砸到590.33，离入场价598.99差了1.5%的ATR，这个价差依然存在，当前价格根本吃不到入场价。而且价格已经跌到590.33，离止盈570.32只有3.4%的空间，但入场价还高高在上。止损设在625.38，如果反弹到止损，亏损幅度接近4.4%，而止盈只有570.32，盈利空间不到3.5%，盈亏比依然很差。历史分析连续三次都否决了，核心问题始终是“价格接近下沿，空间有限”和“入场价差太大”，这次价格更低、空间更小，问题没有改善。费率

══════ SOL SHORT ══════
好的，扫一眼这个SOL的空单。

这币24h跌了5.2%，从70.6砸到66.11，已经跌到区间底部附近了。ADX 82，-DI 42远大于+DI 5，空头趋势确实强，但价格已经跌到这个份上，再往下就是63.74的支撑位。历史分析连续三次否决，理由都是“入场价差偏大，接近底部追空有踩底风险”，现在看这个风险依然存在——价格就在区间底部附近，如果这里是短期底，反弹一下就能把止损打掉。

入场价67.83比当前价66.11高了2.6%，相当于要等反弹2.6%再进，而当前是急跌趋势，反弹力度不确定。如果行情继续下探，可能根本吃不到入场价。止损71.64距离入场约5.6%，空间还行，但止盈63.74只比

══════ BNB SHORT ══════
扫一眼数据，BNB 24h跌了1.7%，从610砸到591，已经跌破了580这个关键下沿。ADX 77趋势极强，-DI 40远大于+DI 3，空头主导明确，但价格已经砸到591.46，离入场价599.49差了1.4%的ATR，这个价差依然存在，当前价格根本吃不到入场价。而且价格已经跌到591.46，离止盈570.32只有3.7%的空间，但入场价还高高在上。止损设在625.88，如果反弹到止损，亏损幅度接近4.4%，而止盈只有570.32，盈利空间不到3.7%，盈亏比依然很差。历史分析连续三次都否决了，核心问题始终是“价格接近下沿，空间有限”和“入场价差太大”，这次价格更低、空间更小，问题没有改善。费率

══════ SOL SHORT ══════
好的，扫一眼这个SOL的空单。

这币24h跌了5.4%，从70.6砸到65.89，已经跌到区间底部附近了。ADX 82，-DI 42远大于+DI 5，空头趋势确实强，但价格已经跌到这个份上，再往下就是63.74的支撑位。历史分析连续三次否决，理由都是“入场价差偏大，接近底部追空有踩底风险”，现在看这个风险依然存在——价格就在区间底部附近，如果这里是短期底，反弹一下就能把止损打掉。

入场价67.74比当前价65.89高了2.8%，相当于要等反弹2.8%再进，而当前是急跌趋势，反弹力度不确定。如果行情继续下探，可能根本吃不到入场价。止损71.55距离入场约5.6%，空间还行，但止盈63.74只比

══════ BNB SHORT ══════
扫一眼数据，BNB 24h跌了1.7%，从610砸到590，已经跌破了580这个关键下沿。ADX 77趋势极强，-DI 40远大于+DI 3，空头主导明确，但价格已经砸到590.98，离入场价599.39差了1.4%的ATR，这个价差依然存在，当前价格根本吃不到入场价。而且价格已经跌到590.98，离止盈570.32只有3.6%的空间，但入场价还高高在上。止损设在625.78，如果反弹到止损，亏损幅度接近4.4%，而止盈只有570.32，盈利空间不到3.6%，盈亏比依然很差。历史分析连续三次都否决了，核心问题始终是“价格接近下沿，空间有限”和“入场价差太大”，这次价格更低、空间更小，问题没有改善。费率

══════ SOL SHORT ══════
好的，扫一眼这个SOL的空单。

这币24h跌了5.3%，从70.6砸到65.89，已经跌到区间底部附近了。ADX 82，-DI 42远大于+DI 5，空头趋势确实强，但价格已经跌到这个份上，再往下就是63.74的支撑位。历史分析连续三次否决，理由都是“入场价差偏大，接近底部追空有踩底风险”，现在看这个风险依然存在——价格就在区间底部附近，如果这里是短期底，反弹一下就能把止损打掉。

入场价67.74比当前价65.89高了2.8%，相当于要等反弹2.8%再进，而当前是急跌趋势，反弹力度不确定。如果行情继续下探，可能根本吃不到入场价。止损71.55距离入场约5.6%，空间还行，但止盈63.74只比

══════ BNB SHORT ══════
扫一眼数据，BNB 24h跌了1.3%，从610砸到592，已经跌破了580这个关键下沿。ADX 77趋势极强，-DI 40远大于+DI 3，空头主导明确，但价格已经砸到592.76，离入场价599.91差了1.2%的ATR，这个价差依然存在，当前价格根本吃不到入场价。而且价格已经跌到592.76，离止盈570.32只有3.9%的空间，但入场价还高高在上。止损设在626.31，如果反弹到止损，亏损幅度接近4.4%，而止盈只有570.32，盈利空间不到3.9%，盈亏比依然很差。历史分析连续三次都否决了，核心问题始终是“价格接近下沿，空间有限”和“入场价差太大”，这次价格更低、空间更小，问题没有改善。费率
