[16:29:57] ══════ NEAR自动交易 启动 (币安 10x) ══════
[16:29:57] 品种: NEAR/USDT:USDT  仓位: 100.0 NEAR  轮询: 300s
[16:29:59] ── 价格:2.862 方向:LONG ADX:47 +DI:26 -DI:6
[16:30:00] 开LONG: 限价 2.757 SL=2.498 TP=2.895 qty=100.0
[16:30:00] 限价单: 33408760374 buy 100.0 @ 2.757
[16:34:59] ── 价格:2.887 方向:LONG ADX:47 +DI:26 -DI:6
[16:36:12] ══════ NEAR自动交易 启动 (币安 10x) ══════
[16:36:12] ══════ NEAR自动交易 启动 (币安 10x) ══════
[16:36:12] 品种: NEAR/USDT:USDT  仓位: 100.0 NEAR  轮询: 300s
[16:36:12] 品种: NEAR/USDT:USDT  仓位: 100.0 NEAR  轮询: 300s
[16:36:14]   信号过滤: 缩量(vol=6543169 < 0.8xMA20=36717804) → 观望
[16:36:14]   信号过滤: 缩量(vol=6543169 < 0.8xMA20=36717804) → 观望
[16:36:14]   信号过滤: 缩量(vol=6543169 < 0.8xMA20=36717804) → 观望
[16:36:14]   信号过滤: 缩量(vol=6543169 < 0.8xMA20=36717804) → 观望
[16:36:14] ── 价格:2.896 方向:观望 ADX:47 +DI:26 -DI:6
[16:36:14] ── 价格:2.896 方向:观望 ADX:47 +DI:26 -DI:6
[16:36:41] ══════ NEAR自动交易 启动 (币安 10x) ══════
[16:36:41] ══════ NEAR自动交易 启动 (币安 10x) ══════
[16:36:41] 品种: NEAR/USDT:USDT  仓位: 100.0 NEAR  轮询: 300s
[16:36:41] 品种: NEAR/USDT:USDT  仓位: 100.0 NEAR  轮询: 300s
[16:36:44] ── 价格:2.889 方向:LONG ADX:47 +DI:26 -DI:6
[16:36:44] ── 价格:2.889 方向:LONG ADX:47 +DI:26 -DI:6
[16:41:44] ── 价格:2.891 方向:LONG ADX:47 +DI:26 -DI:6
[16:41:44] ── 价格:2.891 方向:LONG ADX:47 +DI:26 -DI:6
[16:46:44] ── 价格:2.886 方向:LONG ADX:47 +DI:26 -DI:6
[16:46:44] ── 价格:2.886 方向:LONG ADX:47 +DI:26 -DI:6
[16:47:29] ══════ NEAR自动交易 启动 (币安 10x) ══════
[16:47:29] ══════ NEAR自动交易 启动 (币安 10x) ══════
[16:47:29] 品种: NEAR/USDT:USDT  仓位: 100.0 NEAR  轮询: 300s
[16:47:29] 品种: NEAR/USDT:USDT  仓位: 100.0 NEAR  轮询: 300s
[16:47:32] ── 价格:2.893 方向:LONG ADX:47 +DI:26 -DI:6
[16:47:32] ── 价格:2.893 方向:LONG ADX:47 +DI:26 -DI:6
[16:49:12] ══════ NEAR自动交易 启动 (币安 10x) ══════
[16:49:12] ══════ NEAR自动交易 启动 (币安 10x) ══════
[16:49:12] 品种: NEAR/USDT:USDT  仓位: 100.0 NEAR  轮询: 300s
[16:49:12] 品种: NEAR/USDT:USDT  仓位: 100.0 NEAR  轮询: 300s
[16:49:14] ── 价格:2.902 方向:LONG ADX:47 +DI:26 -DI:6
[16:49:14] ── 价格:2.902 方向:LONG ADX:47 +DI:26 -DI:6
[16:54:14] ── 价格:2.865 方向:LONG ADX:47 +DI:26 -DI:6
[16:54:14] ── 价格:2.865 方向:LONG ADX:47 +DI:26 -DI:6
[16:58:46] ══════ NEAR自动交易 启动 (币安 10x) ══════
[16:58:46] ══════ NEAR自动交易 启动 (币安 10x) ══════
[16:58:46] 品种: NEAR/USDT:USDT  仓位: 100.0 NEAR  轮询: 300s
[16:58:46] 品种: NEAR/USDT:USDT  仓位: 100.0 NEAR  轮询: 300s
[16:58:49] ── 价格:2.865 方向:LONG ADX:47 +DI:26 -DI:6
[16:58:49] ── 价格:2.865 方向:LONG ADX:47 +DI:26 -DI:6
[17:03:49] ── 价格:2.862 方向:LONG ADX:47 +DI:26 -DI:6
[17:03:49] ── 价格:2.862 方向:LONG ADX:47 +DI:26 -DI:6
[17:08:49] ── 价格:2.866 方向:LONG ADX:47 +DI:26 -DI:6
[17:08:49] ── 价格:2.866 方向:LONG ADX:47 +DI:26 -DI:6
[17:13:49] ── 价格:2.862 方向:LONG ADX:47 +DI:26 -DI:6
[17:13:49] ── 价格:2.862 方向:LONG ADX:47 +DI:26 -DI:6
[17:18:49] ── 价格:2.828 方向:LONG ADX:47 +DI:26 -DI:6
[17:18:49] ── 价格:2.828 方向:LONG ADX:47 +DI:26 -DI:6
[17:23:49] ── 价格:2.854 方向:LONG ADX:47 +DI:26 -DI:6
[17:23:49] ── 价格:2.854 方向:LONG ADX:47 +DI:26 -DI:6
[17:28:49] ── 价格:2.843 方向:LONG ADX:47 +DI:26 -DI:6
[17:28:49] ── 价格:2.843 方向:LONG ADX:47 +DI:26 -DI:6
[17:32:35] ══════ NEAR自动交易 启动 (币安 10x) ══════
[17:32:35] ══════ NEAR自动交易 启动 (币安 10x) ══════
[17:32:35] 品种: NEAR/USDT:USDT  仓位: 100.0 NEAR  轮询: 300s
[17:32:35] 品种: NEAR/USDT:USDT  仓位: 100.0 NEAR  轮询: 300s
[17:32:40] ── 价格:2.833 方向:LONG ADX:47 +DI:26 -DI:6
[17:32:40] ── 价格:2.833 方向:LONG ADX:47 +DI:26 -DI:6
