[WD][17:06:04] BTCUSDT: 孤儿? 3000001727021691 已清理（无对应持仓）
[WD][17:06:04] BTCUSDT: 孤儿? 3000001727021691 已清理（无对应持仓）
[WD][17:06:04] BTCUSDT: 孤儿? 3000001727021682 已清理（无对应持仓）
[WD][17:06:04] BTCUSDT: 孤儿? 3000001727021682 已清理（无对应持仓）
[WD][17:06:05] 本轮清理 2 个孤儿条件单
[WD][17:06:05] 本轮清理 2 个孤儿条件单
[WD][21:16:04] ZECUSDT: 孤儿? 3000001729641608 已清理（无对应持仓）
[WD][21:16:04] ZECUSDT: 孤儿? 3000001729641608 已清理（无对应持仓）
[WD][21:16:04] ZECUSDT: 孤儿? 3000001729641597 已清理（无对应持仓）
[WD][21:16:04] ZECUSDT: 孤儿? 3000001729641597 已清理（无对应持仓）
[WD][21:16:05] 本轮清理 2 个孤儿条件单
[WD][21:16:05] 本轮清理 2 个孤儿条件单
[WD][21:26:03] ZECUSDT: 孤儿? 3000001729711912 已清理（无对应持仓）
[WD][21:26:03] ZECUSDT: 孤儿? 3000001729711912 已清理（无对应持仓）
[WD][21:26:03] ZECUSDT: 孤儿? 3000001729711900 已清理（无对应持仓）
[WD][21:26:03] ZECUSDT: 孤儿? 3000001729711900 已清理（无对应持仓）
[WD][21:26:04] 本轮清理 2 个孤儿条件单
[WD][21:26:04] 本轮清理 2 个孤儿条件单
[WD][21:49:04] BTCUSDT: 孤儿? 3000001729641662 已清理（无对应持仓）
[WD][21:49:04] BTCUSDT: 孤儿? 3000001729641662 已清理（无对应持仓）
[WD][21:49:04] BTCUSDT: 孤儿? 3000001729641651 已清理（无对应持仓）
[WD][21:49:04] BTCUSDT: 孤儿? 3000001729641651 已清理（无对应持仓）
[WD][21:49:04] 本轮清理 2 个孤儿条件单
[WD][21:49:04] 本轮清理 2 个孤儿条件单
[WD][21:53:04] SUIUSDT: 孤儿? 3000001729851100 已清理（无对应持仓）
[WD][21:53:04] SUIUSDT: 孤儿? 3000001729851100 已清理（无对应持仓）
[WD][21:53:04] SUIUSDT: 孤儿? 3000001729851094 已清理（无对应持仓）
[WD][21:53:04] SUIUSDT: 孤儿? 3000001729851094 已清理（无对应持仓）
[WD][21:53:04] SUIUSDT: 孤儿? 3000001729809484 已清理（无对应持仓）
[WD][21:53:04] SUIUSDT: 孤儿? 3000001729809484 已清理（无对应持仓）
[WD][21:53:04] SUIUSDT: 孤儿? 3000001729809473 已清理（无对应持仓）
[WD][21:53:04] SUIUSDT: 孤儿? 3000001729809473 已清理（无对应持仓）
[WD][21:53:04] SUIUSDT: 孤儿? 3000001729719813 已清理（无对应持仓）
[WD][21:53:04] SUIUSDT: 孤儿? 3000001729719813 已清理（无对应持仓）
[WD][21:53:05] SUIUSDT: 孤儿? 3000001729719806 已清理（无对应持仓）
[WD][21:53:05] SUIUSDT: 孤儿? 3000001729719806 已清理（无对应持仓）
[WD][21:53:05] SUIUSDT: 孤儿? 3000001729641656 已清理（无对应持仓）
[WD][21:53:05] SUIUSDT: 孤儿? 3000001729641656 已清理（无对应持仓）
[WD][21:53:05] SUIUSDT: 孤儿? 3000001729641645 已清理（无对应持仓）
[WD][21:53:05] SUIUSDT: 孤儿? 3000001729641645 已清理（无对应持仓）
[WD][21:53:05] 本轮清理 8 个孤儿条件单
[WD][21:53:05] 本轮清理 8 个孤儿条件单
Traceback (most recent call last):
  File "/root/zidongjiaoyi/watchdog.py", line 85, in <module>
    main()
  File "/root/zidongjiaoyi/watchdog.py", line 64, in main
    oid = a['algoId']
          ~^^^^^^^^^^
TypeError: string indices must be integers, not 'str'
