[17:18:02] ══════ WLD自动交易 启动 (币安 10x) ══════
[17:18:02] 品种: WLD/USDT:USDT  仓位: 100.0 WLD  轮询: 300s
[17:18:04] ── 价格:0.460 方向:LONG ADX:55 +DI:32 -DI:11
[17:18:05] 开LONG: 限价 0.436 SL=0.382 TP=0.484 qty=100.0
[17:18:05] 限价单: 21870701039 buy 100.0 @ 0.436
[17:20:26] ══════ WLD自动交易 启动 (币安 10x) ══════
[17:20:26] 品种: WLD/USDT:USDT  仓位: 500.0 WLD  轮询: 300s
[17:20:28] ── 价格:0.456 方向:LONG ADX:55 +DI:32 -DI:11
[17:20:50] ══════ WLD自动交易 启动 (币安 10x) ══════
[17:20:50] 品种: WLD/USDT:USDT  仓位: 500.0 WLD  轮询: 300s
[17:20:52] ── 价格:0.455 方向:LONG ADX:55 +DI:32 -DI:11
[17:20:53] 开LONG: 限价 0.436 SL=0.382 TP=0.484 qty=500.0
[17:20:53] 限价单: 21870849293 buy 500.0 @ 0.436
[17:23:32] ══════ WLD自动交易 启动 (币安 10x) ══════
[17:23:32] 品种: WLD/USDT:USDT  仓位: 500.0 WLD  轮询: 300s
[17:23:34] ── 价格:0.459 方向:LONG ADX:55 +DI:32 -DI:11
[17:28:34] ── 价格:0.462 方向:LONG ADX:55 +DI:32 -DI:11
[17:32:35] ══════ WLD自动交易 启动 (币安 10x) ══════
[17:32:35] ══════ WLD自动交易 启动 (币安 10x) ══════
[17:32:35] 品种: WLD/USDT:USDT  仓位: 500.0 WLD  轮询: 300s
[17:32:35] 品种: WLD/USDT:USDT  仓位: 500.0 WLD  轮询: 300s
[17:32:40] ── 价格:0.469 方向:LONG ADX:55 +DI:32 -DI:11
[17:32:40] ── 价格:0.469 方向:LONG ADX:55 +DI:32 -DI:11
[17:36:31] ══════ WLD自动交易 启动 (币安 10x) ══════
[17:36:31] ══════ WLD自动交易 启动 (币安 10x) ══════
[17:36:31] 品种: WLD/USDT:USDT  仓位: 500.0 WLD  轮询: 300s
[17:36:31] 品种: WLD/USDT:USDT  仓位: 500.0 WLD  轮询: 300s
[17:36:37] ── 价格:0.465 方向:LONG ADX:55 +DI:32 -DI:11
[17:36:37] ── 价格:0.465 方向:LONG ADX:55 +DI:32 -DI:11
[17:37:22] ══════ WLD自动交易 启动 (币安 10x) ══════
[17:37:22] ══════ WLD自动交易 启动 (币安 10x) ══════
[17:37:22] 品种: WLD/USDT:USDT  仓位: 500.0 WLD  轮询: 300s
[17:37:22] 品种: WLD/USDT:USDT  仓位: 500.0 WLD  轮询: 300s
[17:37:29] ── 价格:0.466 方向:LONG ADX:55 +DI:32 -DI:11
[17:37:29] ── 价格:0.466 方向:LONG ADX:55 +DI:32 -DI:11
[17:37:40] ── 价格:0.466 方向:LONG ADX:55 +DI:32 -DI:11
[17:37:40] ── 价格:0.466 方向:LONG ADX:55 +DI:32 -DI:11
[17:41:37] ── 价格:0.468 方向:LONG ADX:55 +DI:32 -DI:11
[17:41:37] ── 价格:0.468 方向:LONG ADX:55 +DI:32 -DI:11
[17:42:29] ── 价格:0.471 方向:LONG ADX:55 +DI:32 -DI:11
[17:42:29] ── 价格:0.471 方向:LONG ADX:55 +DI:32 -DI:11
[17:42:40] ── 价格:0.470 方向:LONG ADX:55 +DI:32 -DI:11
[17:42:40] ── 价格:0.470 方向:LONG ADX:55 +DI:32 -DI:11
[17:46:37] ── 价格:0.466 方向:LONG ADX:55 +DI:32 -DI:11
[17:46:37] ── 价格:0.466 方向:LONG ADX:55 +DI:32 -DI:11
[17:47:29] ── 价格:0.466 方向:LONG ADX:55 +DI:32 -DI:11
[17:47:29] ── 价格:0.466 方向:LONG ADX:55 +DI:32 -DI:11
[17:47:40] ── 价格:0.466 方向:LONG ADX:55 +DI:32 -DI:11
[17:47:40] ── 价格:0.466 方向:LONG ADX:55 +DI:32 -DI:11
