[16:07:17] ══════ ZEC自动交易 启动 (币安 10x) ══════
[16:07:17] ══════ ZEC自动交易 启动 (币安 10x) ══════
[16:07:17] 品种: ZEC/USDT:USDT  仓位: 0.5 ZEC  轮询: 300s
[16:07:17] 品种: ZEC/USDT:USDT  仓位: 0.5 ZEC  轮询: 300s
[16:07:18] ── 价格:619.240 方向:LONG ADX:39 +DI:22 -DI:8
[16:07:18] ── 价格:619.240 方向:LONG ADX:39 +DI:22 -DI:8
[16:07:19] 开LONG: 限价 611.026 SL=562.882 TP=644.670 qty=0.5
[16:07:19] 开LONG: 限价 611.026 SL=562.882 TP=644.670 qty=0.5
[16:07:19] 限价单: 801184866168 buy 0.5 @ 611.026
[16:07:19] 限价单: 801184866168 buy 0.5 @ 611.026
[16:12:18] ── 价格:619.960 方向:LONG ADX:39 +DI:22 -DI:8
[16:12:18] ── 价格:619.960 方向:LONG ADX:39 +DI:22 -DI:8
[16:12:19] 已有同方向挂单，跳过
[16:12:19] 已有同方向挂单，跳过
[16:12:55] ══════ ZEC自动交易 启动 (币安 10x) ══════
[16:12:55] ══════ ZEC自动交易 启动 (币安 10x) ══════
[16:12:55] 品种: ZEC/USDT:USDT  仓位: 0.5 ZEC  轮询: 300s
[16:12:55] 品种: ZEC/USDT:USDT  仓位: 0.5 ZEC  轮询: 300s
[16:12:59] ── 价格:619.760 方向:LONG ADX:39 +DI:22 -DI:8
[16:12:59] ── 价格:619.760 方向:LONG ADX:39 +DI:22 -DI:8
[16:15:33] ══════ ZEC自动交易 启动 (币安 10x) ══════
[16:15:33] ══════ ZEC自动交易 启动 (币安 10x) ══════
[16:15:33] 品种: ZEC/USDT:USDT  仓位: 0.5 ZEC  轮询: 300s
[16:15:33] 品种: ZEC/USDT:USDT  仓位: 0.5 ZEC  轮询: 300s
[16:15:36] ── 价格:617.740 方向:LONG ADX:39 +DI:22 -DI:8
[16:15:36] ── 价格:617.740 方向:LONG ADX:39 +DI:22 -DI:8
[16:16:26] ══════ ZEC自动交易 启动 (币安 10x) ══════
[16:16:26] ══════ ZEC自动交易 启动 (币安 10x) ══════
[16:16:26] 品种: ZEC/USDT:USDT  仓位: 0.5 ZEC  轮询: 300s
[16:16:26] 品种: ZEC/USDT:USDT  仓位: 0.5 ZEC  轮询: 300s
[16:16:29] ── 价格:617.700 方向:LONG ADX:39 +DI:22 -DI:8
[16:16:29] ── 价格:617.700 方向:LONG ADX:39 +DI:22 -DI:8
[16:18:38] ══════ ZEC自动交易 启动 (币安 10x) ══════
[16:18:38] ══════ ZEC自动交易 启动 (币安 10x) ══════
[16:18:38] 品种: ZEC/USDT:USDT  仓位: 0.5 ZEC  轮询: 300s
[16:18:38] 品种: ZEC/USDT:USDT  仓位: 0.5 ZEC  轮询: 300s
[16:18:41] ── 价格:619.380 方向:LONG ADX:39 +DI:22 -DI:8
[16:18:41] ── 价格:619.380 方向:LONG ADX:39 +DI:22 -DI:8
[16:23:21] ══════ ZEC自动交易 启动 (币安 10x) ══════
[16:23:21] ══════ ZEC自动交易 启动 (币安 10x) ══════
[16:23:21] 品种: ZEC/USDT:USDT  仓位: 0.5 ZEC  轮询: 300s
[16:23:21] 品种: ZEC/USDT:USDT  仓位: 0.5 ZEC  轮询: 300s
[16:23:23] ── 价格:619.920 方向:LONG ADX:39 +DI:22 -DI:8
[16:23:23] ── 价格:619.920 方向:LONG ADX:39 +DI:22 -DI:8
